============================= test session starts =============================
platform win32 -- Python 3.13.3, pytest-8.4.1, pluggy-1.6.0 -- C:\Users\dboyn\AppData\Local\Programs\Python\Python313\python.exe
cachedir: .pytest_cache
hypothesis profile 'ci' -> deadline=None, suppress_health_check=(HealthCheck.filter_too_much, HealthCheck.data_too_large, HealthCheck.too_slow)
benchmark: 5.1.0 (defaults: timer=time.perf_counter disable_gc=False min_rounds=5 min_time=0.000005 max_time=1.0 calibration_precision=10 warmup=False warmup_iterations=100000)
rootdir: C:\Users\dboyn\coding-plexichat\plexichat
configfile: pytest.ini
testpaths: src/tests
plugins: anyio-4.9.0, Faker-37.6.0, hypothesis-6.138.8, asyncio-1.1.0, benchmark-5.1.0, cov-6.2.1, mock-3.14.1, timeout-2.4.0, xdist-3.8.0
asyncio: mode=Mode.STRICT, asyncio_default_fixture_loop_scope=None, asyncio_default_test_loop_scope=function
timeout: 60.0s
timeout method: thread
timeout func_only: False
collecting ... collected 4954 items / 3966 deselected / 988 selected
run-last-failure: rerun previous 988 failures

src/tests/api/security/test_parameter_tampering.py::TestBodyParameterValidation::test_zero_id_rejected FAILED [  0%]
src/tests/api/test_middleware_rate_limiting.py::TestSecurityScenarios::test_brute_force_protection FAILED [  0%]
src/tests/api/test_middleware_rate_limiting.py::TestEdgeCases::test_no_rate_limit_config FAILED [  0%]
src/tests/automod/test_actions.py::TestDeleteMessageAction::test_delete_message_action FAILED [  0%]
src/tests/automod/test_actions.py::TestTimeoutAction::test_cannot_timeout_owner FAILED [  0%]
src/tests/automod/test_actions.py::TestAlertAction::test_alert_moderators FAILED [  0%]
src/tests/automod/test_actions.py::TestLogOnlyAction::test_log_only_no_other_actions FAILED [  0%]
src/tests/automod/test_audit.py::TestAuditLog::test_manual_action_logged FAILED [  0%]
src/tests/automod/test_edge_cases.py::TestEdgeCases::test_very_long_content FAILED [  0%]
src/tests/automod/test_edge_cases.py::TestEdgeCases::test_unicode_content FAILED [  1%]
src/tests/automod/test_edge_cases.py::TestEdgeCases::test_special_regex_characters FAILED [  1%]
src/tests/automod/test_keyword_rules.py::TestKeywordRule::test_matches_exact_keyword FAILED [  1%]
src/tests/automod/test_keyword_rules.py::TestKeywordRule::test_case_insensitive_match FAILED [  1%]
src/tests/automod/test_keyword_rules.py::TestKeywordRule::test_multiple_keywords_matched FAILED [  1%]
src/tests/automod/test_link_filter.py::TestInviteLinkRule::test_blocks_invite_code FAILED [  1%]
src/tests/automod/test_link_filter.py::TestExternalLinkRule::test_blacklist_mode FAILED [  1%]
src/tests/automod/test_link_filter.py::TestExternalLinkRule::test_whitelist_mode FAILED [  1%]
src/tests/automod/test_link_filter.py::TestExternalLinkRule::test_subdomain_matching FAILED [  1%]
src/tests/automod/test_mention_spam.py::TestMentionSpamRule::test_user_mention_spam FAILED [  1%]
src/tests/automod/test_mention_spam.py::TestMentionSpamRule::test_role_mention_spam FAILED [  2%]
src/tests/automod/test_mention_spam.py::TestMentionSpamRule::test_everyone_blocked FAILED [  2%]
src/tests/automod/test_mention_spam.py::TestMentionSpamRule::test_here_blocked FAILED [  2%]
src/tests/automod/test_regex_rules.py::TestRegexRule::test_matches_pattern FAILED [  2%]
src/tests/automod/test_regex_rules.py::TestRegexRule::test_matches_credit_card_pattern FAILED [  2%]
src/tests/automod/test_regex_rules.py::TestRegexRule::test_case_insensitive_by_default FAILED [  2%]
src/tests/automod/test_security.py::TestAIModelExploitation::test_ai_score_threshold_manipulation FAILED [  2%]
src/tests/automod/test_security.py::TestRateLimitBypass::test_distributed_spam_attack FAILED [  2%]
src/tests/automod/test_security.py::TestRateLimitBypass::test_burst_then_pause_pattern FAILED [  2%]
src/tests/automod/test_security.py::TestRateLimitBypass::test_slow_spam_under_threshold FAILED [  2%]
src/tests/automod/test_spam_detection.py::TestMessageSpamRule::test_rate_spam_detection FAILED [  3%]
src/tests/automod/test_spam_detection.py::TestMessageSpamRule::test_duplicate_spam_detection FAILED [  3%]
src/tests/database/test_security.py::TestTransactionIsolation::test_nested_transaction_behavior FAILED [  3%]
src/tests/database/test_security.py::TestTransactionIsolation::test_transaction_isolation_concurrent_reads FAILED [  3%]
src/tests/database/test_security.py::TestDatabaseSecurity::test_prevent_path_traversal_in_table_names FAILED [  3%]
src/tests/database/test_security.py::TestDatabaseSecurity::test_sql_injection_in_like_clause FAILED [  3%]
src/tests/encryption/test_algorithm_compliance.py::TestCryptographicRandomness::test_urandom_entropy FAILED [  3%]
src/tests/encryption/test_encryption.py::TestKeyRotation::test_rotation_timestamp_tracking FAILED [  3%]
src/tests/encryption/test_encryption.py::TestCryptographicEdgeCases::test_malformed_encrypted_data_handling FAILED [  3%]
src/tests/encryption/test_key_rotation.py::TestConcurrentKeyRotation::test_thread_safety_of_rotation FAILED [  3%]
src/tests/media/test_manager_comprehensive.py::TestMediaValidation::test_magic_bytes_mismatch FAILED [  4%]
src/tests/media/test_manager_comprehensive.py::TestMediaValidation::test_upload_with_wrong_magic_bytes FAILED [  4%]
src/tests/media/test_manager_comprehensive.py::TestMediaThumbnails::test_create_thumbnail FAILED [  4%]
src/tests/media/test_manager_comprehensive.py::TestMediaStreamUpload::test_upload_stream_validation FAILED [  4%]
src/tests/media/test_manager_comprehensive.py::TestMediaAutoRouting::test_should_route_to_database FAILED [  4%]
src/tests/media/test_security.py::TestFileUploadValidation::test_filename_sanitization_removes_path_components FAILED [  4%]
src/tests/media/test_security.py::TestFileUploadValidation::test_filename_sanitization_removes_null_bytes FAILED [  4%]
src/tests/media/test_security.py::TestFileUploadValidation::test_filename_sanitization_removes_control_characters FAILED [  4%]
src/tests/media/test_security.py::TestFileUploadValidation::test_filename_sanitization_limits_length FAILED [  4%]
src/tests/media/test_security.py::TestFileUploadValidation::test_empty_filename_handled FAILED [  4%]
src/tests/messaging/test_attachments.py::TestUserAttachmentLimits::test_user_custom_size_limit FAILED [  5%]

================================== FAILURES ===================================
______________ TestBodyParameterValidation.test_zero_id_rejected ______________
src\tests\api\security\test_parameter_tampering.py:55: in test_zero_id_rejected
    assert response.status_code in [400, 404, 422]
E   assert 200 in [400, 404, 422]
E    +  where 200 = <Response [200 OK]>.status_code
---------------------------- Captured stdout setup ----------------------------
[DEBUG] Raw api_conf: {'title': 'PlexiChat API Test', 'description': 'REST API for PlexiChat messaging platform', 'version': 'a.1.0-1', 'api_prefix': '/api/v1', 'debug': True, 'cors_origins': ['http://testserver', 'http://localhost:3000'], 'allow_wildcard_cors': True, 'cors_allow_credentials': True, 'cors_allow_methods': ['GET', 'POST', 'PUT', 'PATCH', 'DELETE', 'OPTIONS'], 'cors_allow_headers': ['Authorization', 'Content-Type', 'X-Requested-With', 'Accept', 'Origin', 'X-Custom-Header'], 'docs_url': '/docs', 'redoc_url': '/redoc', 'openapi_url': '/openapi.json'}
[DEBUG] cors_origins from conf: ['http://testserver', 'http://localhost:3000']
[DEBUG] allow_wildcard from conf: True

[DEBUG] CORS Origins: ['http://testserver', 'http://localhost:3000']

[DEBUG] CORS Headers: ['Authorization', 'Content-Type', 'X-Requested-With', 'Accept', 'Origin', 'X-Custom-Header']
---------------------------- Captured stdout call -----------------------------
[DEBUG] AuthMiddleware: initialized
[DEBUG] AuthMiddleware: __call__ for /api/v1/users/0
[DEBUG] AuthMiddleware: Headers: {'host': 'testserver', 'accept': '*/*', 'accept-encoding': 'gzip, deflate, br', 'connection': 'keep-alive', 'user-agent': 'testclient', 'authorization': 'Bearer 261152235403218944.fegbKv64yvrMtTs1dKSZgRB5KtbDI2V8nmiDyAmRhFQ'}
[DEBUG] AuthMiddleware: Extract parts: ['Bearer', '261152235403218944.fegbKv64yvrMtTs1dKSZgRB5KtbDI2V8nmiDyAmRhFQ']
[DEBUG] AuthMiddleware: verified token for user 261152235361275904
------------------------------ Captured log call ------------------------------
INFO     httpx:_client.py:1038 HTTP Request: GET http://testserver/api/v1/users/0 "HTTP/1.1 200 OK"
______________ TestSecurityScenarios.test_brute_force_protection ______________
src\tests\api\test_middleware_rate_limiting.py:504: in test_brute_force_protection
    assert response.status_code == 429
E   assert 200 == 429
E    +  where 200 = <Response [200 OK]>.status_code
---------------------------- Captured stdout call -----------------------------
[DEBUG] RateLimit: No user found in request state
[DEBUG] RateLimit: No user found in request state
[DEBUG] RateLimit: No user found in request state
[DEBUG] RateLimit: No user found in request state
------------------------------ Captured log call ------------------------------
INFO     httpx:_client.py:1038 HTTP Request: POST http://testserver/api/v1/auth/login "HTTP/1.1 200 OK"
INFO     httpx:_client.py:1038 HTTP Request: POST http://testserver/api/v1/auth/login "HTTP/1.1 200 OK"
INFO     httpx:_client.py:1038 HTTP Request: POST http://testserver/api/v1/auth/login "HTTP/1.1 200 OK"
INFO     httpx:_client.py:1038 HTTP Request: POST http://testserver/api/v1/auth/login "HTTP/1.1 200 OK"
___________________ TestEdgeCases.test_no_rate_limit_config ___________________
src\tests\api\test_middleware_rate_limiting.py:644: in test_no_rate_limit_config
    assert response.status_code == 200
E   assert 429 == 200
E    +  where 429 = <Response [429 Too Many Requests]>.status_code
---------------------------- Captured stdout call -----------------------------
[DEBUG] RateLimit: No user found in request state
[DEBUG] RateLimit: No user found in request state
[DEBUG] RateLimit: No user found in request state
[DEBUG] RateLimit: No user found in request state
[DEBUG] RateLimit: No user found in request state
[DEBUG] RateLimit: No user found in request state
[DEBUG] RateLimit: No user found in request state
[DEBUG] RateLimit: No user found in request state
[DEBUG] RateLimit: No user found in request state
[DEBUG] RateLimit: No user found in request state
[DEBUG] RateLimit: No user found in request state
[DEBUG] RateLimit: No user found in request state
[DEBUG] RateLimit: No user found in request state
[DEBUG] RateLimit: No user found in request state
[DEBUG] RateLimit: No user found in request state
[DEBUG] RateLimit: No user found in request state
[DEBUG] RateLimit: No user found in request state
[DEBUG] RateLimit: No user found in request state
[DEBUG] RateLimit: No user found in request state
[DEBUG] RateLimit: No user found in request state
[DEBUG] RateLimit: No user found in request state
[DEBUG] RateLimit: No user found in request state
[DEBUG] RateLimit: No user found in request state
[DEBUG] RateLimit: No user found in request state
[DEBUG] RateLimit: No user found in request state
[DEBUG] RateLimit: No user found in request state
[DEBUG] RateLimit: No user found in request state
[DEBUG] RateLimit: No user found in request state
[DEBUG] RateLimit: No user found in request state
[DEBUG] RateLimit: No user found in request state
[DEBUG] RateLimit: No user found in request state
[DEBUG] RateLimit: No user found in request state
[DEBUG] RateLimit: No user found in request state
[DEBUG] RateLimit: No user found in request state
[DEBUG] RateLimit: No user found in request state
[DEBUG] RateLimit: No user found in request state
------------------------------ Captured log call ------------------------------
INFO     httpx:_client.py:1038 HTTP Request: GET http://testserver/api/v1/test "HTTP/1.1 200 OK"
INFO     httpx:_client.py:1038 HTTP Request: GET http://testserver/api/v1/test "HTTP/1.1 200 OK"
INFO     httpx:_client.py:1038 HTTP Request: GET http://testserver/api/v1/test "HTTP/1.1 200 OK"
INFO     httpx:_client.py:1038 HTTP Request: GET http://testserver/api/v1/test "HTTP/1.1 200 OK"
INFO     httpx:_client.py:1038 HTTP Request: GET http://testserver/api/v1/test "HTTP/1.1 200 OK"
INFO     httpx:_client.py:1038 HTTP Request: GET http://testserver/api/v1/test "HTTP/1.1 200 OK"
INFO     httpx:_client.py:1038 HTTP Request: GET http://testserver/api/v1/test "HTTP/1.1 200 OK"
INFO     httpx:_client.py:1038 HTTP Request: GET http://testserver/api/v1/test "HTTP/1.1 200 OK"
INFO     httpx:_client.py:1038 HTTP Request: GET http://testserver/api/v1/test "HTTP/1.1 200 OK"
INFO     httpx:_client.py:1038 HTTP Request: GET http://testserver/api/v1/test "HTTP/1.1 200 OK"
INFO     httpx:_client.py:1038 HTTP Request: GET http://testserver/api/v1/test "HTTP/1.1 200 OK"
INFO     httpx:_client.py:1038 HTTP Request: GET http://testserver/api/v1/test "HTTP/1.1 200 OK"
INFO     httpx:_client.py:1038 HTTP Request: GET http://testserver/api/v1/test "HTTP/1.1 200 OK"
INFO     httpx:_client.py:1038 HTTP Request: GET http://testserver/api/v1/test "HTTP/1.1 200 OK"
INFO     httpx:_client.py:1038 HTTP Request: GET http://testserver/api/v1/test "HTTP/1.1 200 OK"
INFO     httpx:_client.py:1038 HTTP Request: GET http://testserver/api/v1/test "HTTP/1.1 200 OK"
INFO     httpx:_client.py:1038 HTTP Request: GET http://testserver/api/v1/test "HTTP/1.1 200 OK"
INFO     httpx:_client.py:1038 HTTP Request: GET http://testserver/api/v1/test "HTTP/1.1 200 OK"
INFO     httpx:_client.py:1038 HTTP Request: GET http://testserver/api/v1/test "HTTP/1.1 200 OK"
INFO     httpx:_client.py:1038 HTTP Request: GET http://testserver/api/v1/test "HTTP/1.1 200 OK"
INFO     httpx:_client.py:1038 HTTP Request: GET http://testserver/api/v1/test "HTTP/1.1 200 OK"
INFO     httpx:_client.py:1038 HTTP Request: GET http://testserver/api/v1/test "HTTP/1.1 200 OK"
INFO     httpx:_client.py:1038 HTTP Request: GET http://testserver/api/v1/test "HTTP/1.1 200 OK"
INFO     httpx:_client.py:1038 HTTP Request: GET http://testserver/api/v1/test "HTTP/1.1 200 OK"
INFO     httpx:_client.py:1038 HTTP Request: GET http://testserver/api/v1/test "HTTP/1.1 200 OK"
INFO     httpx:_client.py:1038 HTTP Request: GET http://testserver/api/v1/test "HTTP/1.1 200 OK"
INFO     httpx:_client.py:1038 HTTP Request: GET http://testserver/api/v1/test "HTTP/1.1 200 OK"
INFO     httpx:_client.py:1038 HTTP Request: GET http://testserver/api/v1/test "HTTP/1.1 200 OK"
INFO     httpx:_client.py:1038 HTTP Request: GET http://testserver/api/v1/test "HTTP/1.1 200 OK"
INFO     httpx:_client.py:1038 HTTP Request: GET http://testserver/api/v1/test "HTTP/1.1 200 OK"
INFO     httpx:_client.py:1038 HTTP Request: GET http://testserver/api/v1/test "HTTP/1.1 200 OK"
INFO     httpx:_client.py:1038 HTTP Request: GET http://testserver/api/v1/test "HTTP/1.1 200 OK"
INFO     httpx:_client.py:1038 HTTP Request: GET http://testserver/api/v1/test "HTTP/1.1 200 OK"
INFO     httpx:_client.py:1038 HTTP Request: GET http://testserver/api/v1/test "HTTP/1.1 200 OK"
INFO     httpx:_client.py:1038 HTTP Request: GET http://testserver/api/v1/test "HTTP/1.1 200 OK"
INFO     httpx:_client.py:1038 HTTP Request: GET http://testserver/api/v1/test "HTTP/1.1 429 Too Many Requests"
_____________ TestDeleteMessageAction.test_delete_message_action ______________
src\tests\automod\test_actions.py:38: in test_delete_message_action
    assert not result.passed
E   assert not True
E    +  where True = CheckResult(passed=True, violations=[], actions_to_take=[], should_delete=False, should_timeout=False, timeout_duration=None).passed
---------------------------- Captured stdout setup ----------------------------

[Setup] Creating user pool with real Argon2 hashing...
[Setup] Created 20 users in pool
_________________ TestTimeoutAction.test_cannot_timeout_owner _________________
src\tests\automod\test_actions.py:93: in test_cannot_timeout_owner
    assert not result.passed
E   assert not True
E    +  where True = CheckResult(passed=True, violations=[], actions_to_take=[], should_delete=False, should_timeout=False, timeout_duration=None).passed
____________________ TestAlertAction.test_alert_moderators ____________________
src\tests\automod\test_actions.py:120: in test_alert_moderators
    assert not result.passed
E   assert not True
E    +  where True = CheckResult(passed=True, violations=[], actions_to_take=[], should_delete=False, should_timeout=False, timeout_duration=None).passed
______________ TestLogOnlyAction.test_log_only_no_other_actions _______________
src\tests\automod\test_actions.py:148: in test_log_only_no_other_actions
    assert not result.passed
E   assert not True
E    +  where True = CheckResult(passed=True, violations=[], actions_to_take=[], should_delete=False, should_timeout=False, timeout_duration=None).passed
___________________ TestAuditLog.test_manual_action_logged ____________________
src\tests\automod\test_audit.py:77: in test_manual_action_logged
    assert success
E   assert False
---------------------------- Captured stderr call -----------------------------
2025-12-21 15:25:45,758 - WARNING - Unknown action type: ActionType.LOG_ONLY
------------------------------ Captured log call ------------------------------
WARNING  AppLogger:__init__.py:94 Unknown action type: ActionType.LOG_ONLY
____________________ TestEdgeCases.test_very_long_content _____________________
src\tests\automod\test_edge_cases.py:58: in test_very_long_content
    assert not result.passed
E   assert not True
E    +  where True = CheckResult(passed=True, violations=[], actions_to_take=[], should_delete=False, should_timeout=False, timeout_duration=None).passed
_____________________ TestEdgeCases.test_unicode_content ______________________
src\tests\automod\test_edge_cases.py:126: in test_unicode_content
    assert not result.passed
E   assert not True
E    +  where True = CheckResult(passed=True, violations=[], actions_to_take=[], should_delete=False, should_timeout=False, timeout_duration=None).passed
_________________ TestEdgeCases.test_special_regex_characters _________________
src\tests\automod\test_edge_cases.py:148: in test_special_regex_characters
    assert not result.passed
E   assert not True
E    +  where True = CheckResult(passed=True, violations=[], actions_to_take=[], should_delete=False, should_timeout=False, timeout_duration=None).passed
_________________ TestKeywordRule.test_matches_exact_keyword __________________
src\tests\automod\test_keyword_rules.py:27: in test_matches_exact_keyword
    assert not result.passed
E   assert not True
E    +  where True = CheckResult(passed=True, violations=[], actions_to_take=[], should_delete=False, should_timeout=False, timeout_duration=None).passed
_________________ TestKeywordRule.test_case_insensitive_match _________________
src\tests\automod\test_keyword_rules.py:42: in test_case_insensitive_match
    assert not result.passed
E   assert not True
E    +  where True = CheckResult(passed=True, violations=[], actions_to_take=[], should_delete=False, should_timeout=False, timeout_duration=None).passed
_______________ TestKeywordRule.test_multiple_keywords_matched ________________
src\tests\automod\test_keyword_rules.py:95: in test_multiple_keywords_matched
    assert not result.passed
E   assert not True
E    +  where True = CheckResult(passed=True, violations=[], actions_to_take=[], should_delete=False, should_timeout=False, timeout_duration=None).passed
_________________ TestInviteLinkRule.test_blocks_invite_code __________________
src\tests\automod\test_link_filter.py:40: in test_blocks_invite_code
    assert not result.passed
E   assert not True
E    +  where True = CheckResult(passed=True, violations=[], actions_to_take=[], should_delete=False, should_timeout=False, timeout_duration=None).passed
__________________ TestExternalLinkRule.test_blacklist_mode ___________________
src\tests\automod\test_link_filter.py:118: in test_blacklist_mode
    assert not result.passed
E   assert not True
E    +  where True = CheckResult(passed=True, violations=[], actions_to_take=[], should_delete=False, should_timeout=False, timeout_duration=None).passed
__________________ TestExternalLinkRule.test_whitelist_mode ___________________
src\tests\automod\test_link_filter.py:143: in test_whitelist_mode
    assert not result.passed
E   assert not True
E    +  where True = CheckResult(passed=True, violations=[], actions_to_take=[], should_delete=False, should_timeout=False, timeout_duration=None).passed
________________ TestExternalLinkRule.test_subdomain_matching _________________
src\tests\automod\test_link_filter.py:193: in test_subdomain_matching
    assert not result.passed
E   assert not True
E    +  where True = CheckResult(passed=True, violations=[], actions_to_take=[], should_delete=False, should_timeout=False, timeout_duration=None).passed
_________________ TestMentionSpamRule.test_user_mention_spam __________________
src\tests\automod\test_mention_spam.py:27: in test_user_mention_spam
    assert not result.passed
E   assert not True
E    +  where True = CheckResult(passed=True, violations=[], actions_to_take=[], should_delete=False, should_timeout=False, timeout_duration=None).passed
_________________ TestMentionSpamRule.test_role_mention_spam __________________
src\tests\automod\test_mention_spam.py:41: in test_role_mention_spam
    assert not result.passed
E   assert not True
E    +  where True = CheckResult(passed=True, violations=[], actions_to_take=[], should_delete=False, should_timeout=False, timeout_duration=None).passed
__________________ TestMentionSpamRule.test_everyone_blocked __________________
src\tests\automod\test_mention_spam.py:54: in test_everyone_blocked
    assert not result.passed
E   assert not True
E    +  where True = CheckResult(passed=True, violations=[], actions_to_take=[], should_delete=False, should_timeout=False, timeout_duration=None).passed
____________________ TestMentionSpamRule.test_here_blocked ____________________
src\tests\automod\test_mention_spam.py:67: in test_here_blocked
    assert not result.passed
E   assert not True
E    +  where True = CheckResult(passed=True, violations=[], actions_to_take=[], should_delete=False, should_timeout=False, timeout_duration=None).passed
_____________________ TestRegexRule.test_matches_pattern ______________________
src\tests\automod\test_regex_rules.py:27: in test_matches_pattern
    assert not result.passed
E   assert not True
E    +  where True = CheckResult(passed=True, violations=[], actions_to_take=[], should_delete=False, should_timeout=False, timeout_duration=None).passed
_______________ TestRegexRule.test_matches_credit_card_pattern ________________
src\tests\automod\test_regex_rules.py:41: in test_matches_credit_card_pattern
    assert not result.passed
E   assert not True
E    +  where True = CheckResult(passed=True, violations=[], actions_to_take=[], should_delete=False, should_timeout=False, timeout_duration=None).passed
_______________ TestRegexRule.test_case_insensitive_by_default ________________
src\tests\automod\test_regex_rules.py:67: in test_case_insensitive_by_default
    assert not result.passed
E   assert not True
E    +  where True = CheckResult(passed=True, violations=[], actions_to_take=[], should_delete=False, should_timeout=False, timeout_duration=None).passed
________ TestAIModelExploitation.test_ai_score_threshold_manipulation _________
src\tests\automod\test_security.py:654: in test_ai_score_threshold_manipulation
    result = automod_module.check_ai(
src\core\automod\__init__.py:317: in check_ai
    return _get_manager().check_ai(content, backend, context)
           ^^^^^^^^^^^^^^^^^^^^^^^^^^^^^^^^^^^^^^^^^^^^^^^^^^
src\core\automod\manager.py:1063: in check_ai
    raise AIBackendUnavailableError(
E   src.core.automod.exceptions.AIBackendUnavailableError: AI backend 'openai' not configured
______________ TestRateLimitBypass.test_distributed_spam_attack _______________
src\tests\automod\test_security.py:951: in test_distributed_spam_attack
    automod_module.create_rule(
src\core\automod\__init__.py:196: in create_rule
    return _get_manager().create_rule(
src\core\automod\manager.py:397: in create_rule
    raise RuleValidationError("Invalid rule configuration", issues)
E   src.core.automod.exceptions.RuleValidationError: Invalid rule configuration
______________ TestRateLimitBypass.test_burst_then_pause_pattern ______________
src\tests\automod\test_security.py:983: in test_burst_then_pause_pattern
    automod_module.create_rule(
src\core\automod\__init__.py:196: in create_rule
    return _get_manager().create_rule(
src\core\automod\manager.py:397: in create_rule
    raise RuleValidationError("Invalid rule configuration", issues)
E   src.core.automod.exceptions.RuleValidationError: Invalid rule configuration
_____________ TestRateLimitBypass.test_slow_spam_under_threshold ______________
src\tests\automod\test_security.py:1020: in test_slow_spam_under_threshold
    automod_module.create_rule(
src\core\automod\__init__.py:196: in create_rule
    return _get_manager().create_rule(
src\core\automod\manager.py:397: in create_rule
    raise RuleValidationError("Invalid rule configuration", issues)
E   src.core.automod.exceptions.RuleValidationError: Invalid rule configuration
________________ TestMessageSpamRule.test_rate_spam_detection _________________
src\tests\automod\test_spam_detection.py:36: in test_rate_spam_detection
    assert not result.passed
E   assert not True
E    +  where True = CheckResult(passed=True, violations=[], actions_to_take=[], should_delete=False, should_timeout=False, timeout_duration=None).passed
______________ TestMessageSpamRule.test_duplicate_spam_detection ______________
src\tests\automod\test_spam_detection.py:58: in test_duplicate_spam_detection
    assert not result.passed
E   assert not True
E    +  where True = CheckResult(passed=True, violations=[], actions_to_take=[], should_delete=False, should_timeout=False, timeout_duration=None).passed
__________ TestTransactionIsolation.test_nested_transaction_behavior __________
src\tests\database\test_security.py:266: in test_nested_transaction_behavior
    db.begin_transaction()
src\core\database\core.py:388: in begin_transaction
    self.connection.execute("BEGIN")
E   sqlite3.OperationalError: cannot start a transaction within a transaction
---------------------------- Captured stderr call -----------------------------
2025-12-21 15:25:46,232 - INFO - Database initialized with type: sqlite
2025-12-21 15:25:46,232 - INFO - Connecting to sqlite database...
2025-12-21 15:25:46,236 - INFO - Connected to SQLite at temp_test_security/test_security.db (WAL mode enabled)
2025-12-21 15:25:46,236 - INFO - Checking for database migrations...
2025-12-21 15:25:46,237 - DEBUG - Executed query: SELECT name FROM sqlite_master WHERE type='table' AND name=?...
2025-12-21 15:25:46,237 - DEBUG - Executed query: SELECT name FROM sqlite_master WHERE type='table' AND name=?...
2025-12-21 15:25:46,237 - DEBUG - Executed query: SELECT name FROM sqlite_master WHERE type='table' AND name=?...
2025-12-21 15:25:46,238 - DEBUG - Executed query: SELECT name FROM sqlite_master WHERE type='table' AND name=?...
2025-12-21 15:25:46,238 - INFO - All migrations completed.
2025-12-21 15:25:46,239 - DEBUG - Executed query: CREATE TABLE items (id INTEGER PRIMARY KEY, name TEXT)...
2025-12-21 15:25:46,239 - DEBUG - Transaction started
2025-12-21 15:25:46,239 - DEBUG - Executed query: INSERT INTO items (name) VALUES (?)...
------------------------------ Captured log call ------------------------------
INFO     AppLogger:__init__.py:90 Database initialized with type: sqlite
INFO     AppLogger:__init__.py:90 Connecting to sqlite database...
INFO     AppLogger:__init__.py:90 Connected to SQLite at temp_test_security/test_security.db (WAL mode enabled)
INFO     AppLogger:__init__.py:90 Checking for database migrations...
DEBUG    AppLogger:__init__.py:86 Executed query: SELECT name FROM sqlite_master WHERE type='table' AND name=?...
DEBUG    AppLogger:__init__.py:86 Executed query: SELECT name FROM sqlite_master WHERE type='table' AND name=?...
DEBUG    AppLogger:__init__.py:86 Executed query: SELECT name FROM sqlite_master WHERE type='table' AND name=?...
DEBUG    AppLogger:__init__.py:86 Executed query: SELECT name FROM sqlite_master WHERE type='table' AND name=?...
INFO     AppLogger:__init__.py:90 All migrations completed.
DEBUG    AppLogger:__init__.py:86 Executed query: CREATE TABLE items (id INTEGER PRIMARY KEY, name TEXT)...
DEBUG    AppLogger:__init__.py:86 Transaction started
DEBUG    AppLogger:__init__.py:86 Executed query: INSERT INTO items (name) VALUES (?)...
____ TestTransactionIsolation.test_transaction_isolation_concurrent_reads _____
src\tests\database\test_security.py:278: in test_transaction_isolation_concurrent_reads
    db1.execute("CREATE TABLE counter (id INTEGER PRIMARY KEY, value INTEGER)")
src\core\database\core.py:268: in execute
    cursor.execute(converted_query)
E   sqlite3.OperationalError: database is locked
---------------------------- Captured stderr call -----------------------------
2025-12-21 15:25:46,612 - INFO - Database initialized with type: sqlite
2025-12-21 15:25:46,612 - INFO - Connecting to sqlite database...
2025-12-21 15:25:46,613 - INFO - Connected to SQLite at temp_test_security/test_security.db (WAL mode enabled)
2025-12-21 15:25:46,613 - INFO - Checking for database migrations...
2025-12-21 15:25:46,614 - DEBUG - Executed query: SELECT name FROM sqlite_master WHERE type='table' AND name=?...
2025-12-21 15:25:46,614 - DEBUG - Executed query: SELECT name FROM sqlite_master WHERE type='table' AND name=?...
2025-12-21 15:25:46,614 - DEBUG - Executed query: SELECT name FROM sqlite_master WHERE type='table' AND name=?...
2025-12-21 15:25:46,614 - DEBUG - Executed query: SELECT name FROM sqlite_master WHERE type='table' AND name=?...
2025-12-21 15:25:46,614 - INFO - All migrations completed.
2025-12-21 15:25:52,128 - ERROR - Query execution failed: CREATE TABLE counter (id INTEGER PRIMARY KEY, value INTEGER)... - database is locked
------------------------------ Captured log call ------------------------------
INFO     AppLogger:__init__.py:90 Database initialized with type: sqlite
INFO     AppLogger:__init__.py:90 Connecting to sqlite database...
INFO     AppLogger:__init__.py:90 Connected to SQLite at temp_test_security/test_security.db (WAL mode enabled)
INFO     AppLogger:__init__.py:90 Checking for database migrations...
DEBUG    AppLogger:__init__.py:86 Executed query: SELECT name FROM sqlite_master WHERE type='table' AND name=?...
DEBUG    AppLogger:__init__.py:86 Executed query: SELECT name FROM sqlite_master WHERE type='table' AND name=?...
DEBUG    AppLogger:__init__.py:86 Executed query: SELECT name FROM sqlite_master WHERE type='table' AND name=?...
DEBUG    AppLogger:__init__.py:86 Executed query: SELECT name FROM sqlite_master WHERE type='table' AND name=?...
INFO     AppLogger:__init__.py:90 All migrations completed.
ERROR    AppLogger:__init__.py:98 Query execution failed: CREATE TABLE counter (id INTEGER PRIMARY KEY, value INTEGER)... - database is locked
_______ TestDatabaseSecurity.test_prevent_path_traversal_in_table_names _______
src\tests\database\test_security.py:851: in test_prevent_path_traversal_in_table_names
    with pytest.raises(Exception):
         ^^^^^^^^^^^^^^^^^^^^^^^^
E   Failed: DID NOT RAISE <class 'Exception'>
---------------------------- Captured stderr call -----------------------------
2025-12-21 15:25:52,528 - INFO - Database initialized with type: sqlite
2025-12-21 15:25:52,528 - INFO - Connecting to sqlite database...
2025-12-21 15:25:52,529 - INFO - Connected to SQLite at temp_test_security/test_security.db (WAL mode enabled)
2025-12-21 15:25:52,529 - INFO - Checking for database migrations...
2025-12-21 15:25:52,529 - DEBUG - Executed query: SELECT name FROM sqlite_master WHERE type='table' AND name=?...
2025-12-21 15:25:52,529 - DEBUG - Executed query: SELECT name FROM sqlite_master WHERE type='table' AND name=?...
2025-12-21 15:25:52,530 - DEBUG - Executed query: SELECT name FROM sqlite_master WHERE type='table' AND name=?...
2025-12-21 15:25:52,530 - DEBUG - Executed query: SELECT name FROM sqlite_master WHERE type='table' AND name=?...
2025-12-21 15:25:52,530 - INFO - All migrations completed.
2025-12-21 15:25:52,530 - DEBUG - Executed query: CREATE TABLE `../../etc/passwd` (id INTEGER PRIMARY KEY)...
------------------------------ Captured log call ------------------------------
INFO     AppLogger:__init__.py:90 Database initialized with type: sqlite
INFO     AppLogger:__init__.py:90 Connecting to sqlite database...
INFO     AppLogger:__init__.py:90 Connected to SQLite at temp_test_security/test_security.db (WAL mode enabled)
INFO     AppLogger:__init__.py:90 Checking for database migrations...
DEBUG    AppLogger:__init__.py:86 Executed query: SELECT name FROM sqlite_master WHERE type='table' AND name=?...
DEBUG    AppLogger:__init__.py:86 Executed query: SELECT name FROM sqlite_master WHERE type='table' AND name=?...
DEBUG    AppLogger:__init__.py:86 Executed query: SELECT name FROM sqlite_master WHERE type='table' AND name=?...
DEBUG    AppLogger:__init__.py:86 Executed query: SELECT name FROM sqlite_master WHERE type='table' AND name=?...
INFO     AppLogger:__init__.py:90 All migrations completed.
DEBUG    AppLogger:__init__.py:86 Executed query: CREATE TABLE `../../etc/passwd` (id INTEGER PRIMARY KEY)...
___________ TestDatabaseSecurity.test_sql_injection_in_like_clause ____________
src\tests\database\test_security.py:946: in test_sql_injection_in_like_clause
    db.execute("INSERT INTO search (content) VALUES (?)", ("test data"))
src\core\database\core.py:266: in execute
    cursor.execute(converted_query, params)
E   sqlite3.ProgrammingError: Incorrect number of bindings supplied. The current statement uses 1, and there are 9 supplied.
---------------------------- Captured stderr call -----------------------------
2025-12-21 15:25:52,904 - INFO - Database initialized with type: sqlite
2025-12-21 15:25:52,904 - INFO - Connecting to sqlite database...
2025-12-21 15:25:52,908 - INFO - Connected to SQLite at temp_test_security/test_security.db (WAL mode enabled)
2025-12-21 15:25:52,908 - INFO - Checking for database migrations...
2025-12-21 15:25:52,909 - DEBUG - Executed query: SELECT name FROM sqlite_master WHERE type='table' AND name=?...
2025-12-21 15:25:52,909 - DEBUG - Executed query: SELECT name FROM sqlite_master WHERE type='table' AND name=?...
2025-12-21 15:25:52,909 - DEBUG - Executed query: SELECT name FROM sqlite_master WHERE type='table' AND name=?...
2025-12-21 15:25:52,909 - DEBUG - Executed query: SELECT name FROM sqlite_master WHERE type='table' AND name=?...
2025-12-21 15:25:52,909 - INFO - All migrations completed.
2025-12-21 15:25:52,911 - DEBUG - Executed query: CREATE TABLE search (id INTEGER PRIMARY KEY, content TEXT)...
2025-12-21 15:25:52,911 - ERROR - Query execution failed: INSERT INTO search (content) VALUES (?)... - Incorrect number of bindings supplied. The current statement uses 1, and there are 9 supplied.
------------------------------ Captured log call ------------------------------
INFO     AppLogger:__init__.py:90 Database initialized with type: sqlite
INFO     AppLogger:__init__.py:90 Connecting to sqlite database...
INFO     AppLogger:__init__.py:90 Connected to SQLite at temp_test_security/test_security.db (WAL mode enabled)
INFO     AppLogger:__init__.py:90 Checking for database migrations...
DEBUG    AppLogger:__init__.py:86 Executed query: SELECT name FROM sqlite_master WHERE type='table' AND name=?...
DEBUG    AppLogger:__init__.py:86 Executed query: SELECT name FROM sqlite_master WHERE type='table' AND name=?...
DEBUG    AppLogger:__init__.py:86 Executed query: SELECT name FROM sqlite_master WHERE type='table' AND name=?...
DEBUG    AppLogger:__init__.py:86 Executed query: SELECT name FROM sqlite_master WHERE type='table' AND name=?...
INFO     AppLogger:__init__.py:90 All migrations completed.
DEBUG    AppLogger:__init__.py:86 Executed query: CREATE TABLE search (id INTEGER PRIMARY KEY, content TEXT)...
ERROR    AppLogger:__init__.py:98 Query execution failed: INSERT INTO search (content) VALUES (?)... - Incorrect number of bindings supplied. The current statement uses 1, and there are 9 supplied.
______________ TestCryptographicRandomness.test_urandom_entropy _______________
src\tests\encryption\test_algorithm_compliance.py:362: in test_urandom_entropy
    assert unique_bytes > 200
E   assert 160 > 200
______________ TestKeyRotation.test_rotation_timestamp_tracking _______________
src\tests\encryption\test_encryption.py:677: in test_rotation_timestamp_tracking
    assert new_time > initial_time
E   assert 1766330753 > 1766330753
---------------------------- Captured stderr call -----------------------------
2025-12-21 15:25:53,128 - INFO - Rotated encryption key to version 2
------------------------------ Captured log call ------------------------------
INFO     AppLogger:__init__.py:90 Rotated encryption key to version 2
______ TestCryptographicEdgeCases.test_malformed_encrypted_data_handling ______
src\tests\encryption\test_encryption.py:1070: in test_malformed_encrypted_data_handling
    with pytest.raises(ValueError):
         ^^^^^^^^^^^^^^^^^^^^^^^^^
E   Failed: DID NOT RAISE <class 'ValueError'>
__________ TestConcurrentKeyRotation.test_thread_safety_of_rotation ___________
src\tests\encryption\test_key_rotation.py:253: in test_thread_safety_of_rotation
    assert len(set(versions)) == 10
E   assert 2 == 10
E    +  where 2 = len({2, 11})
E    +    where {2, 11} = set([2, 11, 11, 11, 11, 11, ...])
---------------------------- Captured stderr call -----------------------------
2025-12-21 15:25:53,159 - INFO - Rotated encryption key to version 2
2025-12-21 15:25:53,161 - INFO - Rotated encryption key to version 3
2025-12-21 15:25:53,161 - INFO - Rotated encryption key to version 4
2025-12-21 15:25:53,162 - INFO - Rotated encryption key to version 5
2025-12-21 15:25:53,162 - INFO - Rotated encryption key to version 6
2025-12-21 15:25:53,162 - INFO - Rotated encryption key to version 7
2025-12-21 15:25:53,162 - INFO - Rotated encryption key to version 8
2025-12-21 15:25:53,162 - INFO - Rotated encryption key to version 9
2025-12-21 15:25:53,162 - INFO - Rotated encryption key to version 10
2025-12-21 15:25:53,163 - INFO - Rotated encryption key to version 11
------------------------------ Captured log call ------------------------------
INFO     AppLogger:__init__.py:90 Rotated encryption key to version 2
INFO     AppLogger:__init__.py:90 Rotated encryption key to version 3
INFO     AppLogger:__init__.py:90 Rotated encryption key to version 4
INFO     AppLogger:__init__.py:90 Rotated encryption key to version 5
INFO     AppLogger:__init__.py:90 Rotated encryption key to version 6
INFO     AppLogger:__init__.py:90 Rotated encryption key to version 7
INFO     AppLogger:__init__.py:90 Rotated encryption key to version 8
INFO     AppLogger:__init__.py:90 Rotated encryption key to version 9
INFO     AppLogger:__init__.py:90 Rotated encryption key to version 10
INFO     AppLogger:__init__.py:90 Rotated encryption key to version 11
________________ TestMediaValidation.test_magic_bytes_mismatch ________________
src\tests\media\test_manager_comprehensive.py:110: in test_magic_bytes_mismatch
    assert not media_manager._validate_magic_bytes(fake_jpeg, 'image/jpeg')
E   AssertionError: assert not True
E    +  where True = _validate_magic_bytes(b'NotAJPEG', 'image/jpeg')
E    +    where _validate_magic_bytes = <src.core.media.manager.MediaManager object at 0x00000231075CCEC0>._validate_magic_bytes
---------------------------- Captured stderr setup ----------------------------
2025-12-21 15:25:53,183 - INFO - Database initialized with type: sqlite
2025-12-21 15:25:53,184 - INFO - Connecting to sqlite database...
2025-12-21 15:25:53,184 - INFO - Connected to SQLite at :memory: (WAL mode enabled)
2025-12-21 15:25:53,184 - INFO - Checking for database migrations...
2025-12-21 15:25:53,184 - DEBUG - Executed query: SELECT name FROM sqlite_master WHERE type='table' AND name=?...
2025-12-21 15:25:53,184 - DEBUG - Executed query: SELECT name FROM sqlite_master WHERE type='table' AND name=?...
2025-12-21 15:25:53,184 - DEBUG - Executed query: SELECT name FROM sqlite_master WHERE type='table' AND name=?...
2025-12-21 15:25:53,184 - DEBUG - Executed query: SELECT name FROM sqlite_master WHERE type='table' AND name=?...
2025-12-21 15:25:53,185 - INFO - All migrations completed.
2025-12-21 15:25:53,185 - DEBUG - Executed query: -- Users table
CREATE TABLE IF NOT EXISTS auth_users (
    id INTEGER PRIMARY KEY,
    account_type ...
2025-12-21 15:25:53,185 - DEBUG - Executed query: -- Sessions table
CREATE TABLE IF NOT EXISTS auth_sessions (
    id INTEGER PRIMARY KEY,
    user_id...
2025-12-21 15:25:53,185 - DEBUG - Executed query: -- Bots table
CREATE TABLE IF NOT EXISTS auth_bots (
    id INTEGER PRIMARY KEY,
    owner_id INTEGE...
2025-12-21 15:25:53,185 - DEBUG - Executed query: -- Devices table
CREATE TABLE IF NOT EXISTS auth_devices (
    id INTEGER PRIMARY KEY,
    user_id I...
2025-12-21 15:25:53,185 - DEBUG - Executed query: -- Known IPs table
CREATE TABLE IF NOT EXISTS auth_known_ips (
    id INTEGER PRIMARY KEY,
    user_...
2025-12-21 15:25:53,186 - DEBUG - Executed query: -- Audit log table
CREATE TABLE IF NOT EXISTS auth_audit_log (
    id INTEGER PRIMARY KEY,
    user_...
2025-12-21 15:25:53,186 - DEBUG - Executed query: -- Email verification tokens
CREATE TABLE IF NOT EXISTS auth_email_tokens (
    id INTEGER PRIMARY K...
2025-12-21 15:25:53,186 - DEBUG - Executed query: -- 2FA challenge tokens (temporary during login)
CREATE TABLE IF NOT EXISTS auth_2fa_challenges (
  ...
2025-12-21 15:25:53,186 - DEBUG - Executed query: -- Indexes for performance
CREATE INDEX IF NOT EXISTS idx_auth_sessions_user ON auth_sessions(user_i...
2025-12-21 15:25:53,186 - DEBUG - Executed query: CREATE INDEX IF NOT EXISTS idx_auth_sessions_token ON auth_sessions(token_hash)...
2025-12-21 15:25:53,186 - DEBUG - Executed query: CREATE INDEX IF NOT EXISTS idx_auth_sessions_expires ON auth_sessions(expires_at)...
2025-12-21 15:25:53,186 - DEBUG - Executed query: CREATE INDEX IF NOT EXISTS idx_auth_bots_owner ON auth_bots(owner_id)...
2025-12-21 15:25:53,187 - DEBUG - Executed query: CREATE INDEX IF NOT EXISTS idx_auth_bots_token ON auth_bots(token_hash)...
2025-12-21 15:25:53,187 - DEBUG - Executed query: CREATE INDEX IF NOT EXISTS idx_auth_devices_user ON auth_devices(user_id)...
2025-12-21 15:25:53,187 - DEBUG - Executed query: CREATE INDEX IF NOT EXISTS idx_auth_known_ips_user ON auth_known_ips(user_id)...
2025-12-21 15:25:53,187 - DEBUG - Executed query: CREATE INDEX IF NOT EXISTS idx_auth_audit_user ON auth_audit_log(user_id)...
2025-12-21 15:25:53,187 - DEBUG - Executed query: CREATE INDEX IF NOT EXISTS idx_auth_audit_timestamp ON auth_audit_log(timestamp)...
2025-12-21 15:25:53,187 - DEBUG - Executed query: CREATE INDEX IF NOT EXISTS idx_auth_audit_type ON auth_audit_log(event_type)...
2025-12-21 15:25:53,188 - DEBUG - Executed query: CREATE INDEX IF NOT EXISTS idx_auth_email_tokens_hash ON auth_email_tokens(token_hash)...
2025-12-21 15:25:53,188 - DEBUG - Executed query: CREATE INDEX IF NOT EXISTS idx_auth_2fa_challenges_hash ON auth_2fa_challenges(token_hash)...
2025-12-21 15:25:53,188 - DEBUG - Executed query: INSERT INTO auth_users (id, account_type, username, email, password_hash, permissions, created_at, u...
2025-12-21 15:25:53,188 - DEBUG - Executed query: INSERT INTO auth_users (id, account_type, username, email, password_hash, permissions, created_at, u...
2025-12-21 15:25:53,196 - DEBUG - LocalStorage initialized at C:\Users\dboyn\coding-plexichat\plexichat\uploads
2025-12-21 15:25:53,201 - DEBUG - Found ffprobe at C:\ProgramData\chocolatey\bin\ffprobe.EXE
2025-12-21 15:25:53,552 - DEBUG - Executed query: -- Media files table
CREATE TABLE IF NOT EXISTS media_files (
    id INTEGER PRIMARY KEY,
    filena...
2025-12-21 15:25:53,552 - DEBUG - Executed query: -- Thumbnails table
CREATE TABLE IF NOT EXISTS media_thumbnails (
    id INTEGER PRIMARY KEY,
    me...
2025-12-21 15:25:53,552 - DEBUG - Executed query: -- Proxied content cache table
CREATE TABLE IF NOT EXISTS media_proxy_cache (
    id INTEGER PRIMARY...
2025-12-21 15:25:53,553 - DEBUG - Executed query: -- Indexes
CREATE INDEX IF NOT EXISTS idx_media_files_uploaded_by ON media_files(uploaded_by)...
2025-12-21 15:25:53,553 - DEBUG - Executed query: CREATE INDEX IF NOT EXISTS idx_media_files_content_type ON media_files(content_type)...
2025-12-21 15:25:53,553 - DEBUG - Executed query: CREATE INDEX IF NOT EXISTS idx_media_files_storage_backend ON media_files(storage_backend)...
2025-12-21 15:25:53,553 - DEBUG - Executed query: CREATE INDEX IF NOT EXISTS idx_media_files_scan_status ON media_files(scan_status)...
2025-12-21 15:25:53,553 - DEBUG - Executed query: CREATE INDEX IF NOT EXISTS idx_media_thumbnails_file ON media_thumbnails(media_file_id)...
2025-12-21 15:25:53,553 - DEBUG - Executed query: CREATE INDEX IF NOT EXISTS idx_media_proxy_cache_url ON media_proxy_cache(source_url)...
2025-12-21 15:25:53,553 - DEBUG - Executed query: CREATE INDEX IF NOT EXISTS idx_media_proxy_cache_expires ON media_proxy_cache(expires_at)...
2025-12-21 15:25:53,553 - INFO - Media tables created successfully
2025-12-21 15:25:53,554 - DEBUG - Executed query: 
            CREATE TABLE IF NOT EXISTS media_rate_limits (
                user_id BIGINT NOT NULL,...
2025-12-21 15:25:53,554 - DEBUG - Executed query: 
            CREATE INDEX IF NOT EXISTS idx_media_rate_limits_user 
            ON media_rate_limits...
2025-12-21 15:25:53,554 - INFO - Media module initialized
----------------------------- Captured log setup ------------------------------
INFO     AppLogger:__init__.py:90 Database initialized with type: sqlite
INFO     AppLogger:__init__.py:90 Connecting to sqlite database...
INFO     AppLogger:__init__.py:90 Connected to SQLite at :memory: (WAL mode enabled)
INFO     AppLogger:__init__.py:90 Checking for database migrations...
DEBUG    AppLogger:__init__.py:86 Executed query: SELECT name FROM sqlite_master WHERE type='table' AND name=?...
DEBUG    AppLogger:__init__.py:86 Executed query: SELECT name FROM sqlite_master WHERE type='table' AND name=?...
DEBUG    AppLogger:__init__.py:86 Executed query: SELECT name FROM sqlite_master WHERE type='table' AND name=?...
DEBUG    AppLogger:__init__.py:86 Executed query: SELECT name FROM sqlite_master WHERE type='table' AND name=?...
INFO     AppLogger:__init__.py:90 All migrations completed.
DEBUG    AppLogger:__init__.py:86 Executed query: -- Users table
CREATE TABLE IF NOT EXISTS auth_users (
    id INTEGER PRIMARY KEY,
    account_type ...
DEBUG    AppLogger:__init__.py:86 Executed query: -- Sessions table
CREATE TABLE IF NOT EXISTS auth_sessions (
    id INTEGER PRIMARY KEY,
    user_id...
DEBUG    AppLogger:__init__.py:86 Executed query: -- Bots table
CREATE TABLE IF NOT EXISTS auth_bots (
    id INTEGER PRIMARY KEY,
    owner_id INTEGE...
DEBUG    AppLogger:__init__.py:86 Executed query: -- Devices table
CREATE TABLE IF NOT EXISTS auth_devices (
    id INTEGER PRIMARY KEY,
    user_id I...
DEBUG    AppLogger:__init__.py:86 Executed query: -- Known IPs table
CREATE TABLE IF NOT EXISTS auth_known_ips (
    id INTEGER PRIMARY KEY,
    user_...
DEBUG    AppLogger:__init__.py:86 Executed query: -- Audit log table
CREATE TABLE IF NOT EXISTS auth_audit_log (
    id INTEGER PRIMARY KEY,
    user_...
DEBUG    AppLogger:__init__.py:86 Executed query: -- Email verification tokens
CREATE TABLE IF NOT EXISTS auth_email_tokens (
    id INTEGER PRIMARY K...
DEBUG    AppLogger:__init__.py:86 Executed query: -- 2FA challenge tokens (temporary during login)
CREATE TABLE IF NOT EXISTS auth_2fa_challenges (
  ...
DEBUG    AppLogger:__init__.py:86 Executed query: -- Indexes for performance
CREATE INDEX IF NOT EXISTS idx_auth_sessions_user ON auth_sessions(user_i...
DEBUG    AppLogger:__init__.py:86 Executed query: CREATE INDEX IF NOT EXISTS idx_auth_sessions_token ON auth_sessions(token_hash)...
DEBUG    AppLogger:__init__.py:86 Executed query: CREATE INDEX IF NOT EXISTS idx_auth_sessions_expires ON auth_sessions(expires_at)...
DEBUG    AppLogger:__init__.py:86 Executed query: CREATE INDEX IF NOT EXISTS idx_auth_bots_owner ON auth_bots(owner_id)...
DEBUG    AppLogger:__init__.py:86 Executed query: CREATE INDEX IF NOT EXISTS idx_auth_bots_token ON auth_bots(token_hash)...
DEBUG    AppLogger:__init__.py:86 Executed query: CREATE INDEX IF NOT EXISTS idx_auth_devices_user ON auth_devices(user_id)...
DEBUG    AppLogger:__init__.py:86 Executed query: CREATE INDEX IF NOT EXISTS idx_auth_known_ips_user ON auth_known_ips(user_id)...
DEBUG    AppLogger:__init__.py:86 Executed query: CREATE INDEX IF NOT EXISTS idx_auth_audit_user ON auth_audit_log(user_id)...
DEBUG    AppLogger:__init__.py:86 Executed query: CREATE INDEX IF NOT EXISTS idx_auth_audit_timestamp ON auth_audit_log(timestamp)...
DEBUG    AppLogger:__init__.py:86 Executed query: CREATE INDEX IF NOT EXISTS idx_auth_audit_type ON auth_audit_log(event_type)...
DEBUG    AppLogger:__init__.py:86 Executed query: CREATE INDEX IF NOT EXISTS idx_auth_email_tokens_hash ON auth_email_tokens(token_hash)...
DEBUG    AppLogger:__init__.py:86 Executed query: CREATE INDEX IF NOT EXISTS idx_auth_2fa_challenges_hash ON auth_2fa_challenges(token_hash)...
DEBUG    AppLogger:__init__.py:86 Executed query: INSERT INTO auth_users (id, account_type, username, email, password_hash, permissions, created_at, u...
DEBUG    AppLogger:__init__.py:86 Executed query: INSERT INTO auth_users (id, account_type, username, email, password_hash, permissions, created_at, u...
DEBUG    AppLogger:__init__.py:86 LocalStorage initialized at C:\Users\dboyn\coding-plexichat\plexichat\uploads
DEBUG    AppLogger:__init__.py:86 Found ffprobe at C:\ProgramData\chocolatey\bin\ffprobe.EXE
DEBUG    AppLogger:__init__.py:86 Executed query: -- Media files table
CREATE TABLE IF NOT EXISTS media_files (
    id INTEGER PRIMARY KEY,
    filena...
DEBUG    AppLogger:__init__.py:86 Executed query: -- Thumbnails table
CREATE TABLE IF NOT EXISTS media_thumbnails (
    id INTEGER PRIMARY KEY,
    me...
DEBUG    AppLogger:__init__.py:86 Executed query: -- Proxied content cache table
CREATE TABLE IF NOT EXISTS media_proxy_cache (
    id INTEGER PRIMARY...
DEBUG    AppLogger:__init__.py:86 Executed query: -- Indexes
CREATE INDEX IF NOT EXISTS idx_media_files_uploaded_by ON media_files(uploaded_by)...
DEBUG    AppLogger:__init__.py:86 Executed query: CREATE INDEX IF NOT EXISTS idx_media_files_content_type ON media_files(content_type)...
DEBUG    AppLogger:__init__.py:86 Executed query: CREATE INDEX IF NOT EXISTS idx_media_files_storage_backend ON media_files(storage_backend)...
DEBUG    AppLogger:__init__.py:86 Executed query: CREATE INDEX IF NOT EXISTS idx_media_files_scan_status ON media_files(scan_status)...
DEBUG    AppLogger:__init__.py:86 Executed query: CREATE INDEX IF NOT EXISTS idx_media_thumbnails_file ON media_thumbnails(media_file_id)...
DEBUG    AppLogger:__init__.py:86 Executed query: CREATE INDEX IF NOT EXISTS idx_media_proxy_cache_url ON media_proxy_cache(source_url)...
DEBUG    AppLogger:__init__.py:86 Executed query: CREATE INDEX IF NOT EXISTS idx_media_proxy_cache_expires ON media_proxy_cache(expires_at)...
INFO     AppLogger:__init__.py:90 Media tables created successfully
DEBUG    AppLogger:__init__.py:86 Executed query: 
            CREATE TABLE IF NOT EXISTS media_rate_limits (
                user_id BIGINT NOT NULL,...
DEBUG    AppLogger:__init__.py:86 Executed query: 
            CREATE INDEX IF NOT EXISTS idx_media_rate_limits_user 
            ON media_rate_limits...
INFO     AppLogger:__init__.py:90 Media module initialized
-------------------------- Captured stderr teardown ---------------------------
2025-12-21 15:25:53,563 - INFO - Database connection closed.
---------------------------- Captured log teardown ----------------------------
INFO     AppLogger:__init__.py:90 Database connection closed.
___________ TestMediaValidation.test_upload_with_wrong_magic_bytes ____________
src\tests\media\test_manager_comprehensive.py:121: in test_upload_with_wrong_magic_bytes
    with pytest.raises(FileTypeError):
         ^^^^^^^^^^^^^^^^^^^^^^^^^^^^
E   Failed: DID NOT RAISE <class 'src.core.media.exceptions.FileTypeError'>
---------------------------- Captured stderr setup ----------------------------
2025-12-21 15:25:53,565 - INFO - Database initialized with type: sqlite
2025-12-21 15:25:53,566 - INFO - Connecting to sqlite database...
2025-12-21 15:25:53,566 - INFO - Connected to SQLite at :memory: (WAL mode enabled)
2025-12-21 15:25:53,566 - INFO - Checking for database migrations...
2025-12-21 15:25:53,566 - DEBUG - Executed query: SELECT name FROM sqlite_master WHERE type='table' AND name=?...
2025-12-21 15:25:53,566 - DEBUG - Executed query: SELECT name FROM sqlite_master WHERE type='table' AND name=?...
2025-12-21 15:25:53,566 - DEBUG - Executed query: SELECT name FROM sqlite_master WHERE type='table' AND name=?...
2025-12-21 15:25:53,566 - DEBUG - Executed query: SELECT name FROM sqlite_master WHERE type='table' AND name=?...
2025-12-21 15:25:53,567 - INFO - All migrations completed.
2025-12-21 15:25:53,567 - DEBUG - Executed query: -- Users table
CREATE TABLE IF NOT EXISTS auth_users (
    id INTEGER PRIMARY KEY,
    account_type ...
2025-12-21 15:25:53,567 - DEBUG - Executed query: -- Sessions table
CREATE TABLE IF NOT EXISTS auth_sessions (
    id INTEGER PRIMARY KEY,
    user_id...
2025-12-21 15:25:53,567 - DEBUG - Executed query: -- Bots table
CREATE TABLE IF NOT EXISTS auth_bots (
    id INTEGER PRIMARY KEY,
    owner_id INTEGE...
2025-12-21 15:25:53,567 - DEBUG - Executed query: -- Devices table
CREATE TABLE IF NOT EXISTS auth_devices (
    id INTEGER PRIMARY KEY,
    user_id I...
2025-12-21 15:25:53,567 - DEBUG - Executed query: -- Known IPs table
CREATE TABLE IF NOT EXISTS auth_known_ips (
    id INTEGER PRIMARY KEY,
    user_...
2025-12-21 15:25:53,568 - DEBUG - Executed query: -- Audit log table
CREATE TABLE IF NOT EXISTS auth_audit_log (
    id INTEGER PRIMARY KEY,
    user_...
2025-12-21 15:25:53,568 - DEBUG - Executed query: -- Email verification tokens
CREATE TABLE IF NOT EXISTS auth_email_tokens (
    id INTEGER PRIMARY K...
2025-12-21 15:25:53,568 - DEBUG - Executed query: -- 2FA challenge tokens (temporary during login)
CREATE TABLE IF NOT EXISTS auth_2fa_challenges (
  ...
2025-12-21 15:25:53,568 - DEBUG - Executed query: -- Indexes for performance
CREATE INDEX IF NOT EXISTS idx_auth_sessions_user ON auth_sessions(user_i...
2025-12-21 15:25:53,568 - DEBUG - Executed query: CREATE INDEX IF NOT EXISTS idx_auth_sessions_token ON auth_sessions(token_hash)...
2025-12-21 15:25:53,568 - DEBUG - Executed query: CREATE INDEX IF NOT EXISTS idx_auth_sessions_expires ON auth_sessions(expires_at)...
2025-12-21 15:25:53,568 - DEBUG - Executed query: CREATE INDEX IF NOT EXISTS idx_auth_bots_owner ON auth_bots(owner_id)...
2025-12-21 15:25:53,569 - DEBUG - Executed query: CREATE INDEX IF NOT EXISTS idx_auth_bots_token ON auth_bots(token_hash)...
2025-12-21 15:25:53,569 - DEBUG - Executed query: CREATE INDEX IF NOT EXISTS idx_auth_devices_user ON auth_devices(user_id)...
2025-12-21 15:25:53,569 - DEBUG - Executed query: CREATE INDEX IF NOT EXISTS idx_auth_known_ips_user ON auth_known_ips(user_id)...
2025-12-21 15:25:53,569 - DEBUG - Executed query: CREATE INDEX IF NOT EXISTS idx_auth_audit_user ON auth_audit_log(user_id)...
2025-12-21 15:25:53,569 - DEBUG - Executed query: CREATE INDEX IF NOT EXISTS idx_auth_audit_timestamp ON auth_audit_log(timestamp)...
2025-12-21 15:25:53,569 - DEBUG - Executed query: CREATE INDEX IF NOT EXISTS idx_auth_audit_type ON auth_audit_log(event_type)...
2025-12-21 15:25:53,569 - DEBUG - Executed query: CREATE INDEX IF NOT EXISTS idx_auth_email_tokens_hash ON auth_email_tokens(token_hash)...
2025-12-21 15:25:53,570 - DEBUG - Executed query: CREATE INDEX IF NOT EXISTS idx_auth_2fa_challenges_hash ON auth_2fa_challenges(token_hash)...
2025-12-21 15:25:53,570 - DEBUG - Executed query: INSERT INTO auth_users (id, account_type, username, email, password_hash, permissions, created_at, u...
2025-12-21 15:25:53,570 - DEBUG - Executed query: INSERT INTO auth_users (id, account_type, username, email, password_hash, permissions, created_at, u...
2025-12-21 15:25:53,570 - DEBUG - LocalStorage initialized at C:\Users\dboyn\coding-plexichat\plexichat\uploads
2025-12-21 15:25:53,575 - DEBUG - Found ffprobe at C:\ProgramData\chocolatey\bin\ffprobe.EXE
2025-12-21 15:25:53,575 - DEBUG - Executed query: -- Media files table
CREATE TABLE IF NOT EXISTS media_files (
    id INTEGER PRIMARY KEY,
    filena...
2025-12-21 15:25:53,575 - DEBUG - Executed query: -- Thumbnails table
CREATE TABLE IF NOT EXISTS media_thumbnails (
    id INTEGER PRIMARY KEY,
    me...
2025-12-21 15:25:53,576 - DEBUG - Executed query: -- Proxied content cache table
CREATE TABLE IF NOT EXISTS media_proxy_cache (
    id INTEGER PRIMARY...
2025-12-21 15:25:53,576 - DEBUG - Executed query: -- Indexes
CREATE INDEX IF NOT EXISTS idx_media_files_uploaded_by ON media_files(uploaded_by)...
2025-12-21 15:25:53,576 - DEBUG - Executed query: CREATE INDEX IF NOT EXISTS idx_media_files_content_type ON media_files(content_type)...
2025-12-21 15:25:53,576 - DEBUG - Executed query: CREATE INDEX IF NOT EXISTS idx_media_files_storage_backend ON media_files(storage_backend)...
2025-12-21 15:25:53,576 - DEBUG - Executed query: CREATE INDEX IF NOT EXISTS idx_media_files_scan_status ON media_files(scan_status)...
2025-12-21 15:25:53,576 - DEBUG - Executed query: CREATE INDEX IF NOT EXISTS idx_media_thumbnails_file ON media_thumbnails(media_file_id)...
2025-12-21 15:25:53,577 - DEBUG - Executed query: CREATE INDEX IF NOT EXISTS idx_media_proxy_cache_url ON media_proxy_cache(source_url)...
2025-12-21 15:25:53,577 - DEBUG - Executed query: CREATE INDEX IF NOT EXISTS idx_media_proxy_cache_expires ON media_proxy_cache(expires_at)...
2025-12-21 15:25:53,577 - INFO - Media tables created successfully
2025-12-21 15:25:53,577 - DEBUG - Executed query: 
            CREATE TABLE IF NOT EXISTS media_rate_limits (
                user_id BIGINT NOT NULL,...
2025-12-21 15:25:53,577 - DEBUG - Executed query: 
            CREATE INDEX IF NOT EXISTS idx_media_rate_limits_user 
            ON media_rate_limits...
2025-12-21 15:25:53,577 - INFO - Media module initialized
----------------------------- Captured log setup ------------------------------
INFO     AppLogger:__init__.py:90 Database initialized with type: sqlite
INFO     AppLogger:__init__.py:90 Connecting to sqlite database...
INFO     AppLogger:__init__.py:90 Connected to SQLite at :memory: (WAL mode enabled)
INFO     AppLogger:__init__.py:90 Checking for database migrations...
DEBUG    AppLogger:__init__.py:86 Executed query: SELECT name FROM sqlite_master WHERE type='table' AND name=?...
DEBUG    AppLogger:__init__.py:86 Executed query: SELECT name FROM sqlite_master WHERE type='table' AND name=?...
DEBUG    AppLogger:__init__.py:86 Executed query: SELECT name FROM sqlite_master WHERE type='table' AND name=?...
DEBUG    AppLogger:__init__.py:86 Executed query: SELECT name FROM sqlite_master WHERE type='table' AND name=?...
INFO     AppLogger:__init__.py:90 All migrations completed.
DEBUG    AppLogger:__init__.py:86 Executed query: -- Users table
CREATE TABLE IF NOT EXISTS auth_users (
    id INTEGER PRIMARY KEY,
    account_type ...
DEBUG    AppLogger:__init__.py:86 Executed query: -- Sessions table
CREATE TABLE IF NOT EXISTS auth_sessions (
    id INTEGER PRIMARY KEY,
    user_id...
DEBUG    AppLogger:__init__.py:86 Executed query: -- Bots table
CREATE TABLE IF NOT EXISTS auth_bots (
    id INTEGER PRIMARY KEY,
    owner_id INTEGE...
DEBUG    AppLogger:__init__.py:86 Executed query: -- Devices table
CREATE TABLE IF NOT EXISTS auth_devices (
    id INTEGER PRIMARY KEY,
    user_id I...
DEBUG    AppLogger:__init__.py:86 Executed query: -- Known IPs table
CREATE TABLE IF NOT EXISTS auth_known_ips (
    id INTEGER PRIMARY KEY,
    user_...
DEBUG    AppLogger:__init__.py:86 Executed query: -- Audit log table
CREATE TABLE IF NOT EXISTS auth_audit_log (
    id INTEGER PRIMARY KEY,
    user_...
DEBUG    AppLogger:__init__.py:86 Executed query: -- Email verification tokens
CREATE TABLE IF NOT EXISTS auth_email_tokens (
    id INTEGER PRIMARY K...
DEBUG    AppLogger:__init__.py:86 Executed query: -- 2FA challenge tokens (temporary during login)
CREATE TABLE IF NOT EXISTS auth_2fa_challenges (
  ...
DEBUG    AppLogger:__init__.py:86 Executed query: -- Indexes for performance
CREATE INDEX IF NOT EXISTS idx_auth_sessions_user ON auth_sessions(user_i...
DEBUG    AppLogger:__init__.py:86 Executed query: CREATE INDEX IF NOT EXISTS idx_auth_sessions_token ON auth_sessions(token_hash)...
DEBUG    AppLogger:__init__.py:86 Executed query: CREATE INDEX IF NOT EXISTS idx_auth_sessions_expires ON auth_sessions(expires_at)...
DEBUG    AppLogger:__init__.py:86 Executed query: CREATE INDEX IF NOT EXISTS idx_auth_bots_owner ON auth_bots(owner_id)...
DEBUG    AppLogger:__init__.py:86 Executed query: CREATE INDEX IF NOT EXISTS idx_auth_bots_token ON auth_bots(token_hash)...
DEBUG    AppLogger:__init__.py:86 Executed query: CREATE INDEX IF NOT EXISTS idx_auth_devices_user ON auth_devices(user_id)...
DEBUG    AppLogger:__init__.py:86 Executed query: CREATE INDEX IF NOT EXISTS idx_auth_known_ips_user ON auth_known_ips(user_id)...
DEBUG    AppLogger:__init__.py:86 Executed query: CREATE INDEX IF NOT EXISTS idx_auth_audit_user ON auth_audit_log(user_id)...
DEBUG    AppLogger:__init__.py:86 Executed query: CREATE INDEX IF NOT EXISTS idx_auth_audit_timestamp ON auth_audit_log(timestamp)...
DEBUG    AppLogger:__init__.py:86 Executed query: CREATE INDEX IF NOT EXISTS idx_auth_audit_type ON auth_audit_log(event_type)...
DEBUG    AppLogger:__init__.py:86 Executed query: CREATE INDEX IF NOT EXISTS idx_auth_email_tokens_hash ON auth_email_tokens(token_hash)...
DEBUG    AppLogger:__init__.py:86 Executed query: CREATE INDEX IF NOT EXISTS idx_auth_2fa_challenges_hash ON auth_2fa_challenges(token_hash)...
DEBUG    AppLogger:__init__.py:86 Executed query: INSERT INTO auth_users (id, account_type, username, email, password_hash, permissions, created_at, u...
DEBUG    AppLogger:__init__.py:86 Executed query: INSERT INTO auth_users (id, account_type, username, email, password_hash, permissions, created_at, u...
DEBUG    AppLogger:__init__.py:86 LocalStorage initialized at C:\Users\dboyn\coding-plexichat\plexichat\uploads
DEBUG    AppLogger:__init__.py:86 Found ffprobe at C:\ProgramData\chocolatey\bin\ffprobe.EXE
DEBUG    AppLogger:__init__.py:86 Executed query: -- Media files table
CREATE TABLE IF NOT EXISTS media_files (
    id INTEGER PRIMARY KEY,
    filena...
DEBUG    AppLogger:__init__.py:86 Executed query: -- Thumbnails table
CREATE TABLE IF NOT EXISTS media_thumbnails (
    id INTEGER PRIMARY KEY,
    me...
DEBUG    AppLogger:__init__.py:86 Executed query: -- Proxied content cache table
CREATE TABLE IF NOT EXISTS media_proxy_cache (
    id INTEGER PRIMARY...
DEBUG    AppLogger:__init__.py:86 Executed query: -- Indexes
CREATE INDEX IF NOT EXISTS idx_media_files_uploaded_by ON media_files(uploaded_by)...
DEBUG    AppLogger:__init__.py:86 Executed query: CREATE INDEX IF NOT EXISTS idx_media_files_content_type ON media_files(content_type)...
DEBUG    AppLogger:__init__.py:86 Executed query: CREATE INDEX IF NOT EXISTS idx_media_files_storage_backend ON media_files(storage_backend)...
DEBUG    AppLogger:__init__.py:86 Executed query: CREATE INDEX IF NOT EXISTS idx_media_files_scan_status ON media_files(scan_status)...
DEBUG    AppLogger:__init__.py:86 Executed query: CREATE INDEX IF NOT EXISTS idx_media_thumbnails_file ON media_thumbnails(media_file_id)...
DEBUG    AppLogger:__init__.py:86 Executed query: CREATE INDEX IF NOT EXISTS idx_media_proxy_cache_url ON media_proxy_cache(source_url)...
DEBUG    AppLogger:__init__.py:86 Executed query: CREATE INDEX IF NOT EXISTS idx_media_proxy_cache_expires ON media_proxy_cache(expires_at)...
INFO     AppLogger:__init__.py:90 Media tables created successfully
DEBUG    AppLogger:__init__.py:86 Executed query: 
            CREATE TABLE IF NOT EXISTS media_rate_limits (
                user_id BIGINT NOT NULL,...
DEBUG    AppLogger:__init__.py:86 Executed query: 
            CREATE INDEX IF NOT EXISTS idx_media_rate_limits_user 
            ON media_rate_limits...
INFO     AppLogger:__init__.py:90 Media module initialized
---------------------------- Captured stderr call -----------------------------
2025-12-21 15:25:53,578 - DEBUG - Executed query: SELECT upload_count FROM media_rate_limits 
               WHERE user_id = ? AND window_type = ? AND...
2025-12-21 15:25:53,578 - DEBUG - Executed query: SELECT upload_count FROM media_rate_limits 
               WHERE user_id = ? AND window_type = ? AND...
2025-12-21 15:25:53,578 - DEBUG - Executed query: SELECT total_size FROM media_rate_limits 
               WHERE user_id = ? AND window_type = ? AND w...
2025-12-21 15:25:53,582 - DEBUG - Executed query: -- File hashes for deduplication
CREATE TABLE IF NOT EXISTS media_file_hashes (
    id INTEGER PRIMA...
2025-12-21 15:25:53,582 - DEBUG - Executed query: -- Hash reports for content moderation
CREATE TABLE IF NOT EXISTS media_hash_reports (
    id INTEGE...
2025-12-21 15:25:53,582 - DEBUG - Executed query: -- Blocked hashes (supports both SHA256 and pHash)
CREATE TABLE IF NOT EXISTS media_blocked_hashes (...
2025-12-21 15:25:53,582 - DEBUG - Executed query: -- Blocked users (banned from uploading)
CREATE TABLE IF NOT EXISTS media_blocked_users (
    user_i...
2025-12-21 15:25:53,583 - DEBUG - Executed query: -- Indexes
CREATE INDEX IF NOT EXISTS idx_media_file_hashes_hash ON media_file_hashes(hash_value)...
2025-12-21 15:25:53,583 - DEBUG - Executed query: CREATE INDEX IF NOT EXISTS idx_media_file_hashes_phash ON media_file_hashes(phash_value)...
2025-12-21 15:25:53,583 - DEBUG - Executed query: CREATE INDEX IF NOT EXISTS idx_media_hash_reports_hash ON media_hash_reports(hash_value)...
2025-12-21 15:25:53,583 - DEBUG - Executed query: CREATE INDEX IF NOT EXISTS idx_media_hash_reports_phash ON media_hash_reports(phash_value)...
2025-12-21 15:25:53,583 - DEBUG - Executed query: CREATE INDEX IF NOT EXISTS idx_media_hash_reports_status ON media_hash_reports(status)...
2025-12-21 15:25:53,583 - DEBUG - Executed query: CREATE INDEX IF NOT EXISTS idx_media_hash_reports_reporter ON media_hash_reports(reporter_id)...
2025-12-21 15:25:53,584 - DEBUG - Executed query: CREATE INDEX IF NOT EXISTS idx_media_blocked_hashes_type ON media_blocked_hashes(hash_type)...
2025-12-21 15:25:53,704 - WARNING - Failed to compute pHash: cannot identify image file <_io.BytesIO object at 0x0000023108EF3A60>
2025-12-21 15:25:53,783 - ERROR - Image compression failed: cannot identify image file <_io.BytesIO object at 0x000002311F391800>
2025-12-21 15:25:53,784 - DEBUG - Stored file at C:\Users\dboyn\coding-plexichat\plexichat\uploads\image\2025\12\21\209e653f49be4497.jpg (10 bytes)
2025-12-21 15:25:53,784 - ERROR - Failed to extract image metadata: cannot identify image file <_io.BytesIO object at 0x000002311F390680>
2025-12-21 15:25:53,785 - WARNING - Failed to extract image metadata: Failed to extract metadata: cannot identify image file <_io.BytesIO object at 0x000002311F390680>
2025-12-21 15:25:53,785 - DEBUG - Executed query: INSERT INTO media_files
               (id, filename, original_filename, content_type, size, media_t...
2025-12-21 15:25:53,785 - DEBUG - Executed query: SELECT id, reference_count FROM media_file_hashes WHERE hash_value = ?...
2025-12-21 15:25:53,785 - DEBUG - Executed query: INSERT INTO media_file_hashes 
               (id, hash_value, algorithm, file_size, content_type, r...
2025-12-21 15:25:53,785 - DEBUG - Executed query: SELECT upload_count, total_size FROM media_rate_limits 
                   WHERE user_id = ? AND win...
2025-12-21 15:25:53,785 - DEBUG - Executed query: INSERT INTO media_rate_limits 
                       (user_id, window_type, window_start, upload_co...
2025-12-21 15:25:53,785 - DEBUG - Executed query: SELECT upload_count, total_size FROM media_rate_limits 
                   WHERE user_id = ? AND win...
2025-12-21 15:25:53,786 - DEBUG - Executed query: INSERT INTO media_rate_limits 
                       (user_id, window_type, window_start, upload_co...
2025-12-21 15:25:53,786 - DEBUG - Executed query: SELECT upload_count, total_size FROM media_rate_limits 
                   WHERE user_id = ? AND win...
2025-12-21 15:25:53,786 - DEBUG - Executed query: INSERT INTO media_rate_limits 
                       (user_id, window_type, window_start, upload_co...
2025-12-21 15:25:53,786 - DEBUG - Executed query: DELETE FROM media_rate_limits WHERE window_start < ?...
2025-12-21 15:25:53,786 - ERROR - Failed to create thumbnail: cannot identify image file <_io.BytesIO object at 0x000002311F392200>
2025-12-21 15:25:53,786 - WARNING - Failed to create thumbnail at size 64
2025-12-21 15:25:53,786 - ERROR - Failed to create thumbnail: cannot identify image file <_io.BytesIO object at 0x000002311F392200>
2025-12-21 15:25:53,786 - WARNING - Failed to create thumbnail at size 128
2025-12-21 15:25:53,787 - ERROR - Failed to create thumbnail: cannot identify image file <_io.BytesIO object at 0x000002311F392200>
2025-12-21 15:25:53,787 - WARNING - Failed to create thumbnail at size 256
2025-12-21 15:25:53,787 - ERROR - Failed to create thumbnail: cannot identify image file <_io.BytesIO object at 0x000002311F392200>
2025-12-21 15:25:53,787 - WARNING - Failed to create thumbnail at size 512
2025-12-21 15:25:53,787 - DEBUG - File 261152272690581504 uploaded by user 1: fake.jpg (backend: local, size: 10)
------------------------------ Captured log call ------------------------------
DEBUG    AppLogger:__init__.py:86 Executed query: SELECT upload_count FROM media_rate_limits 
               WHERE user_id = ? AND window_type = ? AND...
DEBUG    AppLogger:__init__.py:86 Executed query: SELECT upload_count FROM media_rate_limits 
               WHERE user_id = ? AND window_type = ? AND...
DEBUG    AppLogger:__init__.py:86 Executed query: SELECT total_size FROM media_rate_limits 
               WHERE user_id = ? AND window_type = ? AND w...
DEBUG    AppLogger:__init__.py:86 Executed query: -- File hashes for deduplication
CREATE TABLE IF NOT EXISTS media_file_hashes (
    id INTEGER PRIMA...
DEBUG    AppLogger:__init__.py:86 Executed query: -- Hash reports for content moderation
CREATE TABLE IF NOT EXISTS media_hash_reports (
    id INTEGE...
DEBUG    AppLogger:__init__.py:86 Executed query: -- Blocked hashes (supports both SHA256 and pHash)
CREATE TABLE IF NOT EXISTS media_blocked_hashes (...
DEBUG    AppLogger:__init__.py:86 Executed query: -- Blocked users (banned from uploading)
CREATE TABLE IF NOT EXISTS media_blocked_users (
    user_i...
DEBUG    AppLogger:__init__.py:86 Executed query: -- Indexes
CREATE INDEX IF NOT EXISTS idx_media_file_hashes_hash ON media_file_hashes(hash_value)...
DEBUG    AppLogger:__init__.py:86 Executed query: CREATE INDEX IF NOT EXISTS idx_media_file_hashes_phash ON media_file_hashes(phash_value)...
DEBUG    AppLogger:__init__.py:86 Executed query: CREATE INDEX IF NOT EXISTS idx_media_hash_reports_hash ON media_hash_reports(hash_value)...
DEBUG    AppLogger:__init__.py:86 Executed query: CREATE INDEX IF NOT EXISTS idx_media_hash_reports_phash ON media_hash_reports(phash_value)...
DEBUG    AppLogger:__init__.py:86 Executed query: CREATE INDEX IF NOT EXISTS idx_media_hash_reports_status ON media_hash_reports(status)...
DEBUG    AppLogger:__init__.py:86 Executed query: CREATE INDEX IF NOT EXISTS idx_media_hash_reports_reporter ON media_hash_reports(reporter_id)...
DEBUG    AppLogger:__init__.py:86 Executed query: CREATE INDEX IF NOT EXISTS idx_media_blocked_hashes_type ON media_blocked_hashes(hash_type)...
WARNING  AppLogger:__init__.py:94 Failed to compute pHash: cannot identify image file <_io.BytesIO object at 0x0000023108EF3A60>
ERROR    AppLogger:__init__.py:98 Image compression failed: cannot identify image file <_io.BytesIO object at 0x000002311F391800>
DEBUG    AppLogger:__init__.py:86 Stored file at C:\Users\dboyn\coding-plexichat\plexichat\uploads\image\2025\12\21\209e653f49be4497.jpg (10 bytes)
ERROR    AppLogger:__init__.py:98 Failed to extract image metadata: cannot identify image file <_io.BytesIO object at 0x000002311F390680>
WARNING  AppLogger:__init__.py:94 Failed to extract image metadata: Failed to extract metadata: cannot identify image file <_io.BytesIO object at 0x000002311F390680>
DEBUG    AppLogger:__init__.py:86 Executed query: INSERT INTO media_files
               (id, filename, original_filename, content_type, size, media_t...
DEBUG    AppLogger:__init__.py:86 Executed query: SELECT id, reference_count FROM media_file_hashes WHERE hash_value = ?...
DEBUG    AppLogger:__init__.py:86 Executed query: INSERT INTO media_file_hashes 
               (id, hash_value, algorithm, file_size, content_type, r...
DEBUG    AppLogger:__init__.py:86 Executed query: SELECT upload_count, total_size FROM media_rate_limits 
                   WHERE user_id = ? AND win...
DEBUG    AppLogger:__init__.py:86 Executed query: INSERT INTO media_rate_limits 
                       (user_id, window_type, window_start, upload_co...
DEBUG    AppLogger:__init__.py:86 Executed query: SELECT upload_count, total_size FROM media_rate_limits 
                   WHERE user_id = ? AND win...
DEBUG    AppLogger:__init__.py:86 Executed query: INSERT INTO media_rate_limits 
                       (user_id, window_type, window_start, upload_co...
DEBUG    AppLogger:__init__.py:86 Executed query: SELECT upload_count, total_size FROM media_rate_limits 
                   WHERE user_id = ? AND win...
DEBUG    AppLogger:__init__.py:86 Executed query: INSERT INTO media_rate_limits 
                       (user_id, window_type, window_start, upload_co...
DEBUG    AppLogger:__init__.py:86 Executed query: DELETE FROM media_rate_limits WHERE window_start < ?...
ERROR    AppLogger:__init__.py:98 Failed to create thumbnail: cannot identify image file <_io.BytesIO object at 0x000002311F392200>
WARNING  AppLogger:__init__.py:94 Failed to create thumbnail at size 64
ERROR    AppLogger:__init__.py:98 Failed to create thumbnail: cannot identify image file <_io.BytesIO object at 0x000002311F392200>
WARNING  AppLogger:__init__.py:94 Failed to create thumbnail at size 128
ERROR    AppLogger:__init__.py:98 Failed to create thumbnail: cannot identify image file <_io.BytesIO object at 0x000002311F392200>
WARNING  AppLogger:__init__.py:94 Failed to create thumbnail at size 256
ERROR    AppLogger:__init__.py:98 Failed to create thumbnail: cannot identify image file <_io.BytesIO object at 0x000002311F392200>
WARNING  AppLogger:__init__.py:94 Failed to create thumbnail at size 512
DEBUG    AppLogger:__init__.py:86 File 261152272690581504 uploaded by user 1: fake.jpg (backend: local, size: 10)
-------------------------- Captured stderr teardown ---------------------------
2025-12-21 15:25:53,796 - INFO - Database connection closed.
---------------------------- Captured log teardown ----------------------------
INFO     AppLogger:__init__.py:90 Database connection closed.
__________________ TestMediaThumbnails.test_create_thumbnail __________________
src\core\media\processing\images.py:188: in create_thumbnail
    img = self._Image.open(io.BytesIO(image_data))
          ^^^^^^^^^^^^^^^^^^^^^^^^^^^^^^^^^^^^^^^^
..\..\AppData\Local\Programs\Python\Python313\Lib\site-packages\PIL\Image.py:3580: in open
    raise UnidentifiedImageError(msg)
E   PIL.UnidentifiedImageError: cannot identify image file <_io.BytesIO object at 0x00000231043B0C70>

During handling of the above exception, another exception occurred:
src\tests\media\test_manager_comprehensive.py:191: in test_create_thumbnail
    thumb_url = media_manager.create_thumbnail(result.file_id, 128)
                ^^^^^^^^^^^^^^^^^^^^^^^^^^^^^^^^^^^^^^^^^^^^^^^^^^^
src\core\media\manager.py:1076: in create_thumbnail
    thumb_data, width, height = self._image_processor.create_thumbnail(image_data, size)
                                ^^^^^^^^^^^^^^^^^^^^^^^^^^^^^^^^^^^^^^^^^^^^^^^^^^^^^^^^
src\core\media\processing\images.py:221: in create_thumbnail
    raise ImageProcessingError(f"Failed to create thumbnail: {e}", "thumbnail")
E   src.core.media.exceptions.ImageProcessingError: Failed to create thumbnail: cannot identify image file <_io.BytesIO object at 0x00000231043B0C70>
---------------------------- Captured stderr setup ----------------------------
2025-12-21 15:25:53,798 - INFO - Database initialized with type: sqlite
2025-12-21 15:25:53,798 - INFO - Connecting to sqlite database...
2025-12-21 15:25:53,798 - INFO - Connected to SQLite at :memory: (WAL mode enabled)
2025-12-21 15:25:53,798 - INFO - Checking for database migrations...
2025-12-21 15:25:53,799 - DEBUG - Executed query: SELECT name FROM sqlite_master WHERE type='table' AND name=?...
2025-12-21 15:25:53,799 - DEBUG - Executed query: SELECT name FROM sqlite_master WHERE type='table' AND name=?...
2025-12-21 15:25:53,799 - DEBUG - Executed query: SELECT name FROM sqlite_master WHERE type='table' AND name=?...
2025-12-21 15:25:53,799 - DEBUG - Executed query: SELECT name FROM sqlite_master WHERE type='table' AND name=?...
2025-12-21 15:25:53,799 - INFO - All migrations completed.
2025-12-21 15:25:53,799 - DEBUG - Executed query: -- Users table
CREATE TABLE IF NOT EXISTS auth_users (
    id INTEGER PRIMARY KEY,
    account_type ...
2025-12-21 15:25:53,799 - DEBUG - Executed query: -- Sessions table
CREATE TABLE IF NOT EXISTS auth_sessions (
    id INTEGER PRIMARY KEY,
    user_id...
2025-12-21 15:25:53,800 - DEBUG - Executed query: -- Bots table
CREATE TABLE IF NOT EXISTS auth_bots (
    id INTEGER PRIMARY KEY,
    owner_id INTEGE...
2025-12-21 15:25:53,800 - DEBUG - Executed query: -- Devices table
CREATE TABLE IF NOT EXISTS auth_devices (
    id INTEGER PRIMARY KEY,
    user_id I...
2025-12-21 15:25:53,800 - DEBUG - Executed query: -- Known IPs table
CREATE TABLE IF NOT EXISTS auth_known_ips (
    id INTEGER PRIMARY KEY,
    user_...
2025-12-21 15:25:53,800 - DEBUG - Executed query: -- Audit log table
CREATE TABLE IF NOT EXISTS auth_audit_log (
    id INTEGER PRIMARY KEY,
    user_...
2025-12-21 15:25:53,800 - DEBUG - Executed query: -- Email verification tokens
CREATE TABLE IF NOT EXISTS auth_email_tokens (
    id INTEGER PRIMARY K...
2025-12-21 15:25:53,800 - DEBUG - Executed query: -- 2FA challenge tokens (temporary during login)
CREATE TABLE IF NOT EXISTS auth_2fa_challenges (
  ...
2025-12-21 15:25:53,800 - DEBUG - Executed query: -- Indexes for performance
CREATE INDEX IF NOT EXISTS idx_auth_sessions_user ON auth_sessions(user_i...
2025-12-21 15:25:53,801 - DEBUG - Executed query: CREATE INDEX IF NOT EXISTS idx_auth_sessions_token ON auth_sessions(token_hash)...
2025-12-21 15:25:53,801 - DEBUG - Executed query: CREATE INDEX IF NOT EXISTS idx_auth_sessions_expires ON auth_sessions(expires_at)...
2025-12-21 15:25:53,801 - DEBUG - Executed query: CREATE INDEX IF NOT EXISTS idx_auth_bots_owner ON auth_bots(owner_id)...
2025-12-21 15:25:53,801 - DEBUG - Executed query: CREATE INDEX IF NOT EXISTS idx_auth_bots_token ON auth_bots(token_hash)...
2025-12-21 15:25:53,801 - DEBUG - Executed query: CREATE INDEX IF NOT EXISTS idx_auth_devices_user ON auth_devices(user_id)...
2025-12-21 15:25:53,801 - DEBUG - Executed query: CREATE INDEX IF NOT EXISTS idx_auth_known_ips_user ON auth_known_ips(user_id)...
2025-12-21 15:25:53,801 - DEBUG - Executed query: CREATE INDEX IF NOT EXISTS idx_auth_audit_user ON auth_audit_log(user_id)...
2025-12-21 15:25:53,802 - DEBUG - Executed query: CREATE INDEX IF NOT EXISTS idx_auth_audit_timestamp ON auth_audit_log(timestamp)...
2025-12-21 15:25:53,802 - DEBUG - Executed query: CREATE INDEX IF NOT EXISTS idx_auth_audit_type ON auth_audit_log(event_type)...
2025-12-21 15:25:53,802 - DEBUG - Executed query: CREATE INDEX IF NOT EXISTS idx_auth_email_tokens_hash ON auth_email_tokens(token_hash)...
2025-12-21 15:25:53,802 - DEBUG - Executed query: CREATE INDEX IF NOT EXISTS idx_auth_2fa_challenges_hash ON auth_2fa_challenges(token_hash)...
2025-12-21 15:25:53,802 - DEBUG - Executed query: INSERT INTO auth_users (id, account_type, username, email, password_hash, permissions, created_at, u...
2025-12-21 15:25:53,802 - DEBUG - Executed query: INSERT INTO auth_users (id, account_type, username, email, password_hash, permissions, created_at, u...
2025-12-21 15:25:53,803 - DEBUG - LocalStorage initialized at C:\Users\dboyn\coding-plexichat\plexichat\uploads
2025-12-21 15:25:53,807 - DEBUG - Found ffprobe at C:\ProgramData\chocolatey\bin\ffprobe.EXE
2025-12-21 15:25:53,808 - DEBUG - Executed query: -- Media files table
CREATE TABLE IF NOT EXISTS media_files (
    id INTEGER PRIMARY KEY,
    filena...
2025-12-21 15:25:53,808 - DEBUG - Executed query: -- Thumbnails table
CREATE TABLE IF NOT EXISTS media_thumbnails (
    id INTEGER PRIMARY KEY,
    me...
2025-12-21 15:25:53,808 - DEBUG - Executed query: -- Proxied content cache table
CREATE TABLE IF NOT EXISTS media_proxy_cache (
    id INTEGER PRIMARY...
2025-12-21 15:25:53,808 - DEBUG - Executed query: -- Indexes
CREATE INDEX IF NOT EXISTS idx_media_files_uploaded_by ON media_files(uploaded_by)...
2025-12-21 15:25:53,808 - DEBUG - Executed query: CREATE INDEX IF NOT EXISTS idx_media_files_content_type ON media_files(content_type)...
2025-12-21 15:25:53,808 - DEBUG - Executed query: CREATE INDEX IF NOT EXISTS idx_media_files_storage_backend ON media_files(storage_backend)...
2025-12-21 15:25:53,809 - DEBUG - Executed query: CREATE INDEX IF NOT EXISTS idx_media_files_scan_status ON media_files(scan_status)...
2025-12-21 15:25:53,809 - DEBUG - Executed query: CREATE INDEX IF NOT EXISTS idx_media_thumbnails_file ON media_thumbnails(media_file_id)...
2025-12-21 15:25:53,809 - DEBUG - Executed query: CREATE INDEX IF NOT EXISTS idx_media_proxy_cache_url ON media_proxy_cache(source_url)...
2025-12-21 15:25:53,809 - DEBUG - Executed query: CREATE INDEX IF NOT EXISTS idx_media_proxy_cache_expires ON media_proxy_cache(expires_at)...
2025-12-21 15:25:53,809 - INFO - Media tables created successfully
2025-12-21 15:25:53,809 - DEBUG - Executed query: 
            CREATE TABLE IF NOT EXISTS media_rate_limits (
                user_id BIGINT NOT NULL,...
2025-12-21 15:25:53,809 - DEBUG - Executed query: 
            CREATE INDEX IF NOT EXISTS idx_media_rate_limits_user 
            ON media_rate_limits...
2025-12-21 15:25:53,810 - INFO - Media module initialized
----------------------------- Captured log setup ------------------------------
INFO     AppLogger:__init__.py:90 Database initialized with type: sqlite
INFO     AppLogger:__init__.py:90 Connecting to sqlite database...
INFO     AppLogger:__init__.py:90 Connected to SQLite at :memory: (WAL mode enabled)
INFO     AppLogger:__init__.py:90 Checking for database migrations...
DEBUG    AppLogger:__init__.py:86 Executed query: SELECT name FROM sqlite_master WHERE type='table' AND name=?...
DEBUG    AppLogger:__init__.py:86 Executed query: SELECT name FROM sqlite_master WHERE type='table' AND name=?...
DEBUG    AppLogger:__init__.py:86 Executed query: SELECT name FROM sqlite_master WHERE type='table' AND name=?...
DEBUG    AppLogger:__init__.py:86 Executed query: SELECT name FROM sqlite_master WHERE type='table' AND name=?...
INFO     AppLogger:__init__.py:90 All migrations completed.
DEBUG    AppLogger:__init__.py:86 Executed query: -- Users table
CREATE TABLE IF NOT EXISTS auth_users (
    id INTEGER PRIMARY KEY,
    account_type ...
DEBUG    AppLogger:__init__.py:86 Executed query: -- Sessions table
CREATE TABLE IF NOT EXISTS auth_sessions (
    id INTEGER PRIMARY KEY,
    user_id...
DEBUG    AppLogger:__init__.py:86 Executed query: -- Bots table
CREATE TABLE IF NOT EXISTS auth_bots (
    id INTEGER PRIMARY KEY,
    owner_id INTEGE...
DEBUG    AppLogger:__init__.py:86 Executed query: -- Devices table
CREATE TABLE IF NOT EXISTS auth_devices (
    id INTEGER PRIMARY KEY,
    user_id I...
DEBUG    AppLogger:__init__.py:86 Executed query: -- Known IPs table
CREATE TABLE IF NOT EXISTS auth_known_ips (
    id INTEGER PRIMARY KEY,
    user_...
DEBUG    AppLogger:__init__.py:86 Executed query: -- Audit log table
CREATE TABLE IF NOT EXISTS auth_audit_log (
    id INTEGER PRIMARY KEY,
    user_...
DEBUG    AppLogger:__init__.py:86 Executed query: -- Email verification tokens
CREATE TABLE IF NOT EXISTS auth_email_tokens (
    id INTEGER PRIMARY K...
DEBUG    AppLogger:__init__.py:86 Executed query: -- 2FA challenge tokens (temporary during login)
CREATE TABLE IF NOT EXISTS auth_2fa_challenges (
  ...
DEBUG    AppLogger:__init__.py:86 Executed query: -- Indexes for performance
CREATE INDEX IF NOT EXISTS idx_auth_sessions_user ON auth_sessions(user_i...
DEBUG    AppLogger:__init__.py:86 Executed query: CREATE INDEX IF NOT EXISTS idx_auth_sessions_token ON auth_sessions(token_hash)...
DEBUG    AppLogger:__init__.py:86 Executed query: CREATE INDEX IF NOT EXISTS idx_auth_sessions_expires ON auth_sessions(expires_at)...
DEBUG    AppLogger:__init__.py:86 Executed query: CREATE INDEX IF NOT EXISTS idx_auth_bots_owner ON auth_bots(owner_id)...
DEBUG    AppLogger:__init__.py:86 Executed query: CREATE INDEX IF NOT EXISTS idx_auth_bots_token ON auth_bots(token_hash)...
DEBUG    AppLogger:__init__.py:86 Executed query: CREATE INDEX IF NOT EXISTS idx_auth_devices_user ON auth_devices(user_id)...
DEBUG    AppLogger:__init__.py:86 Executed query: CREATE INDEX IF NOT EXISTS idx_auth_known_ips_user ON auth_known_ips(user_id)...
DEBUG    AppLogger:__init__.py:86 Executed query: CREATE INDEX IF NOT EXISTS idx_auth_audit_user ON auth_audit_log(user_id)...
DEBUG    AppLogger:__init__.py:86 Executed query: CREATE INDEX IF NOT EXISTS idx_auth_audit_timestamp ON auth_audit_log(timestamp)...
DEBUG    AppLogger:__init__.py:86 Executed query: CREATE INDEX IF NOT EXISTS idx_auth_audit_type ON auth_audit_log(event_type)...
DEBUG    AppLogger:__init__.py:86 Executed query: CREATE INDEX IF NOT EXISTS idx_auth_email_tokens_hash ON auth_email_tokens(token_hash)...
DEBUG    AppLogger:__init__.py:86 Executed query: CREATE INDEX IF NOT EXISTS idx_auth_2fa_challenges_hash ON auth_2fa_challenges(token_hash)...
DEBUG    AppLogger:__init__.py:86 Executed query: INSERT INTO auth_users (id, account_type, username, email, password_hash, permissions, created_at, u...
DEBUG    AppLogger:__init__.py:86 Executed query: INSERT INTO auth_users (id, account_type, username, email, password_hash, permissions, created_at, u...
DEBUG    AppLogger:__init__.py:86 LocalStorage initialized at C:\Users\dboyn\coding-plexichat\plexichat\uploads
DEBUG    AppLogger:__init__.py:86 Found ffprobe at C:\ProgramData\chocolatey\bin\ffprobe.EXE
DEBUG    AppLogger:__init__.py:86 Executed query: -- Media files table
CREATE TABLE IF NOT EXISTS media_files (
    id INTEGER PRIMARY KEY,
    filena...
DEBUG    AppLogger:__init__.py:86 Executed query: -- Thumbnails table
CREATE TABLE IF NOT EXISTS media_thumbnails (
    id INTEGER PRIMARY KEY,
    me...
DEBUG    AppLogger:__init__.py:86 Executed query: -- Proxied content cache table
CREATE TABLE IF NOT EXISTS media_proxy_cache (
    id INTEGER PRIMARY...
DEBUG    AppLogger:__init__.py:86 Executed query: -- Indexes
CREATE INDEX IF NOT EXISTS idx_media_files_uploaded_by ON media_files(uploaded_by)...
DEBUG    AppLogger:__init__.py:86 Executed query: CREATE INDEX IF NOT EXISTS idx_media_files_content_type ON media_files(content_type)...
DEBUG    AppLogger:__init__.py:86 Executed query: CREATE INDEX IF NOT EXISTS idx_media_files_storage_backend ON media_files(storage_backend)...
DEBUG    AppLogger:__init__.py:86 Executed query: CREATE INDEX IF NOT EXISTS idx_media_files_scan_status ON media_files(scan_status)...
DEBUG    AppLogger:__init__.py:86 Executed query: CREATE INDEX IF NOT EXISTS idx_media_thumbnails_file ON media_thumbnails(media_file_id)...
DEBUG    AppLogger:__init__.py:86 Executed query: CREATE INDEX IF NOT EXISTS idx_media_proxy_cache_url ON media_proxy_cache(source_url)...
DEBUG    AppLogger:__init__.py:86 Executed query: CREATE INDEX IF NOT EXISTS idx_media_proxy_cache_expires ON media_proxy_cache(expires_at)...
INFO     AppLogger:__init__.py:90 Media tables created successfully
DEBUG    AppLogger:__init__.py:86 Executed query: 
            CREATE TABLE IF NOT EXISTS media_rate_limits (
                user_id BIGINT NOT NULL,...
DEBUG    AppLogger:__init__.py:86 Executed query: 
            CREATE INDEX IF NOT EXISTS idx_media_rate_limits_user 
            ON media_rate_limits...
INFO     AppLogger:__init__.py:90 Media module initialized
---------------------------- Captured stderr call -----------------------------
2025-12-21 15:25:53,810 - DEBUG - Executed query: SELECT upload_count FROM media_rate_limits 
               WHERE user_id = ? AND window_type = ? AND...
2025-12-21 15:25:53,810 - DEBUG - Executed query: SELECT upload_count FROM media_rate_limits 
               WHERE user_id = ? AND window_type = ? AND...
2025-12-21 15:25:53,811 - DEBUG - Executed query: SELECT total_size FROM media_rate_limits 
               WHERE user_id = ? AND window_type = ? AND w...
2025-12-21 15:25:53,811 - DEBUG - Executed query: -- File hashes for deduplication
CREATE TABLE IF NOT EXISTS media_file_hashes (
    id INTEGER PRIMA...
2025-12-21 15:25:53,811 - DEBUG - Executed query: -- Hash reports for content moderation
CREATE TABLE IF NOT EXISTS media_hash_reports (
    id INTEGE...
2025-12-21 15:25:53,811 - DEBUG - Executed query: -- Blocked hashes (supports both SHA256 and pHash)
CREATE TABLE IF NOT EXISTS media_blocked_hashes (...
2025-12-21 15:25:53,811 - DEBUG - Executed query: -- Blocked users (banned from uploading)
CREATE TABLE IF NOT EXISTS media_blocked_users (
    user_i...
2025-12-21 15:25:53,812 - DEBUG - Executed query: -- Indexes
CREATE INDEX IF NOT EXISTS idx_media_file_hashes_hash ON media_file_hashes(hash_value)...
2025-12-21 15:25:53,812 - DEBUG - Executed query: CREATE INDEX IF NOT EXISTS idx_media_file_hashes_phash ON media_file_hashes(phash_value)...
2025-12-21 15:25:53,812 - DEBUG - Executed query: CREATE INDEX IF NOT EXISTS idx_media_hash_reports_hash ON media_hash_reports(hash_value)...
2025-12-21 15:25:53,812 - DEBUG - Executed query: CREATE INDEX IF NOT EXISTS idx_media_hash_reports_phash ON media_hash_reports(phash_value)...
2025-12-21 15:25:53,812 - DEBUG - Executed query: CREATE INDEX IF NOT EXISTS idx_media_hash_reports_status ON media_hash_reports(status)...
2025-12-21 15:25:53,812 - DEBUG - Executed query: CREATE INDEX IF NOT EXISTS idx_media_hash_reports_reporter ON media_hash_reports(reporter_id)...
2025-12-21 15:25:53,813 - DEBUG - Executed query: CREATE INDEX IF NOT EXISTS idx_media_blocked_hashes_type ON media_blocked_hashes(hash_type)...
2025-12-21 15:25:53,813 - WARNING - Failed to compute pHash: cannot identify image file <_io.BytesIO object at 0x000002310079BD30>
2025-12-21 15:25:53,887 - ERROR - Image compression failed: cannot identify image file <_io.BytesIO object at 0x000002310079BC40>
2025-12-21 15:25:53,888 - DEBUG - Stored file at C:\Users\dboyn\coding-plexichat\plexichat\uploads\image\2025\12\21\d306796f319246ec.png (108 bytes)
2025-12-21 15:25:53,888 - ERROR - Failed to extract image metadata: cannot identify image file <_io.BytesIO object at 0x000002310079BD30>
2025-12-21 15:25:53,888 - WARNING - Failed to extract image metadata: Failed to extract metadata: cannot identify image file <_io.BytesIO object at 0x000002310079BD30>
2025-12-21 15:25:53,889 - DEBUG - Executed query: INSERT INTO media_files
               (id, filename, original_filename, content_type, size, media_t...
2025-12-21 15:25:53,889 - DEBUG - Executed query: SELECT id, reference_count FROM media_file_hashes WHERE hash_value = ?...
2025-12-21 15:25:53,889 - DEBUG - Executed query: INSERT INTO media_file_hashes 
               (id, hash_value, algorithm, file_size, content_type, r...
2025-12-21 15:25:53,889 - DEBUG - Executed query: SELECT upload_count, total_size FROM media_rate_limits 
                   WHERE user_id = ? AND win...
2025-12-21 15:25:53,889 - DEBUG - Executed query: INSERT INTO media_rate_limits 
                       (user_id, window_type, window_start, upload_co...
2025-12-21 15:25:53,889 - DEBUG - Executed query: SELECT upload_count, total_size FROM media_rate_limits 
                   WHERE user_id = ? AND win...
2025-12-21 15:25:53,889 - DEBUG - Executed query: INSERT INTO media_rate_limits 
                       (user_id, window_type, window_start, upload_co...
2025-12-21 15:25:53,889 - DEBUG - Executed query: SELECT upload_count, total_size FROM media_rate_limits 
                   WHERE user_id = ? AND win...
2025-12-21 15:25:53,890 - DEBUG - Executed query: INSERT INTO media_rate_limits 
                       (user_id, window_type, window_start, upload_co...
2025-12-21 15:25:53,890 - DEBUG - Executed query: DELETE FROM media_rate_limits WHERE window_start < ?...
2025-12-21 15:25:53,890 - ERROR - Failed to create thumbnail: cannot identify image file <_io.BytesIO object at 0x00000231045B7790>
2025-12-21 15:25:53,890 - WARNING - Failed to create thumbnail at size 64
2025-12-21 15:25:53,890 - ERROR - Failed to create thumbnail: cannot identify image file <_io.BytesIO object at 0x00000231045B7790>
2025-12-21 15:25:53,890 - WARNING - Failed to create thumbnail at size 128
2025-12-21 15:25:53,890 - ERROR - Failed to create thumbnail: cannot identify image file <_io.BytesIO object at 0x00000231045B7790>
2025-12-21 15:25:53,890 - WARNING - Failed to create thumbnail at size 256
2025-12-21 15:25:53,891 - ERROR - Failed to create thumbnail: cannot identify image file <_io.BytesIO object at 0x00000231045B7790>
2025-12-21 15:25:53,891 - WARNING - Failed to create thumbnail at size 512
2025-12-21 15:25:53,891 - DEBUG - File 261152273126789120 uploaded by user 1: test.png (backend: local, size: 108)
2025-12-21 15:25:53,891 - DEBUG - Executed query: SELECT * FROM media_files WHERE id = ? AND deleted = 0...
2025-12-21 15:25:53,891 - DEBUG - Executed query: SELECT * FROM media_thumbnails WHERE media_file_id = ? AND size = ?...
2025-12-21 15:25:53,891 - DEBUG - Retrieved file from C:\Users\dboyn\coding-plexichat\plexichat\uploads\image\2025\12\21\d306796f319246ec.png (108 bytes)
2025-12-21 15:25:53,892 - ERROR - Failed to create thumbnail: cannot identify image file <_io.BytesIO object at 0x00000231043B0C70>
------------------------------ Captured log call ------------------------------
DEBUG    AppLogger:__init__.py:86 Executed query: SELECT upload_count FROM media_rate_limits 
               WHERE user_id = ? AND window_type = ? AND...
DEBUG    AppLogger:__init__.py:86 Executed query: SELECT upload_count FROM media_rate_limits 
               WHERE user_id = ? AND window_type = ? AND...
DEBUG    AppLogger:__init__.py:86 Executed query: SELECT total_size FROM media_rate_limits 
               WHERE user_id = ? AND window_type = ? AND w...
DEBUG    AppLogger:__init__.py:86 Executed query: -- File hashes for deduplication
CREATE TABLE IF NOT EXISTS media_file_hashes (
    id INTEGER PRIMA...
DEBUG    AppLogger:__init__.py:86 Executed query: -- Hash reports for content moderation
CREATE TABLE IF NOT EXISTS media_hash_reports (
    id INTEGE...
DEBUG    AppLogger:__init__.py:86 Executed query: -- Blocked hashes (supports both SHA256 and pHash)
CREATE TABLE IF NOT EXISTS media_blocked_hashes (...
DEBUG    AppLogger:__init__.py:86 Executed query: -- Blocked users (banned from uploading)
CREATE TABLE IF NOT EXISTS media_blocked_users (
    user_i...
DEBUG    AppLogger:__init__.py:86 Executed query: -- Indexes
CREATE INDEX IF NOT EXISTS idx_media_file_hashes_hash ON media_file_hashes(hash_value)...
DEBUG    AppLogger:__init__.py:86 Executed query: CREATE INDEX IF NOT EXISTS idx_media_file_hashes_phash ON media_file_hashes(phash_value)...
DEBUG    AppLogger:__init__.py:86 Executed query: CREATE INDEX IF NOT EXISTS idx_media_hash_reports_hash ON media_hash_reports(hash_value)...
DEBUG    AppLogger:__init__.py:86 Executed query: CREATE INDEX IF NOT EXISTS idx_media_hash_reports_phash ON media_hash_reports(phash_value)...
DEBUG    AppLogger:__init__.py:86 Executed query: CREATE INDEX IF NOT EXISTS idx_media_hash_reports_status ON media_hash_reports(status)...
DEBUG    AppLogger:__init__.py:86 Executed query: CREATE INDEX IF NOT EXISTS idx_media_hash_reports_reporter ON media_hash_reports(reporter_id)...
DEBUG    AppLogger:__init__.py:86 Executed query: CREATE INDEX IF NOT EXISTS idx_media_blocked_hashes_type ON media_blocked_hashes(hash_type)...
WARNING  AppLogger:__init__.py:94 Failed to compute pHash: cannot identify image file <_io.BytesIO object at 0x000002310079BD30>
ERROR    AppLogger:__init__.py:98 Image compression failed: cannot identify image file <_io.BytesIO object at 0x000002310079BC40>
DEBUG    AppLogger:__init__.py:86 Stored file at C:\Users\dboyn\coding-plexichat\plexichat\uploads\image\2025\12\21\d306796f319246ec.png (108 bytes)
ERROR    AppLogger:__init__.py:98 Failed to extract image metadata: cannot identify image file <_io.BytesIO object at 0x000002310079BD30>
WARNING  AppLogger:__init__.py:94 Failed to extract image metadata: Failed to extract metadata: cannot identify image file <_io.BytesIO object at 0x000002310079BD30>
DEBUG    AppLogger:__init__.py:86 Executed query: INSERT INTO media_files
               (id, filename, original_filename, content_type, size, media_t...
DEBUG    AppLogger:__init__.py:86 Executed query: SELECT id, reference_count FROM media_file_hashes WHERE hash_value = ?...
DEBUG    AppLogger:__init__.py:86 Executed query: INSERT INTO media_file_hashes 
               (id, hash_value, algorithm, file_size, content_type, r...
DEBUG    AppLogger:__init__.py:86 Executed query: SELECT upload_count, total_size FROM media_rate_limits 
                   WHERE user_id = ? AND win...
DEBUG    AppLogger:__init__.py:86 Executed query: INSERT INTO media_rate_limits 
                       (user_id, window_type, window_start, upload_co...
DEBUG    AppLogger:__init__.py:86 Executed query: SELECT upload_count, total_size FROM media_rate_limits 
                   WHERE user_id = ? AND win...
DEBUG    AppLogger:__init__.py:86 Executed query: INSERT INTO media_rate_limits 
                       (user_id, window_type, window_start, upload_co...
DEBUG    AppLogger:__init__.py:86 Executed query: SELECT upload_count, total_size FROM media_rate_limits 
                   WHERE user_id = ? AND win...
DEBUG    AppLogger:__init__.py:86 Executed query: INSERT INTO media_rate_limits 
                       (user_id, window_type, window_start, upload_co...
DEBUG    AppLogger:__init__.py:86 Executed query: DELETE FROM media_rate_limits WHERE window_start < ?...
ERROR    AppLogger:__init__.py:98 Failed to create thumbnail: cannot identify image file <_io.BytesIO object at 0x00000231045B7790>
WARNING  AppLogger:__init__.py:94 Failed to create thumbnail at size 64
ERROR    AppLogger:__init__.py:98 Failed to create thumbnail: cannot identify image file <_io.BytesIO object at 0x00000231045B7790>
WARNING  AppLogger:__init__.py:94 Failed to create thumbnail at size 128
ERROR    AppLogger:__init__.py:98 Failed to create thumbnail: cannot identify image file <_io.BytesIO object at 0x00000231045B7790>
WARNING  AppLogger:__init__.py:94 Failed to create thumbnail at size 256
ERROR    AppLogger:__init__.py:98 Failed to create thumbnail: cannot identify image file <_io.BytesIO object at 0x00000231045B7790>
WARNING  AppLogger:__init__.py:94 Failed to create thumbnail at size 512
DEBUG    AppLogger:__init__.py:86 File 261152273126789120 uploaded by user 1: test.png (backend: local, size: 108)
DEBUG    AppLogger:__init__.py:86 Executed query: SELECT * FROM media_files WHERE id = ? AND deleted = 0...
DEBUG    AppLogger:__init__.py:86 Executed query: SELECT * FROM media_thumbnails WHERE media_file_id = ? AND size = ?...
DEBUG    AppLogger:__init__.py:86 Retrieved file from C:\Users\dboyn\coding-plexichat\plexichat\uploads\image\2025\12\21\d306796f319246ec.png (108 bytes)
ERROR    AppLogger:__init__.py:98 Failed to create thumbnail: cannot identify image file <_io.BytesIO object at 0x00000231043B0C70>
-------------------------- Captured stderr teardown ---------------------------
2025-12-21 15:25:54,029 - INFO - Database connection closed.
---------------------------- Captured log teardown ----------------------------
INFO     AppLogger:__init__.py:90 Database connection closed.
_____________ TestMediaStreamUpload.test_upload_stream_validation _____________
src\tests\media\test_manager_comprehensive.py:455: in test_upload_stream_validation
    with pytest.raises(FileSizeError):
         ^^^^^^^^^^^^^^^^^^^^^^^^^^^^
E   Failed: DID NOT RAISE <class 'src.core.media.exceptions.FileSizeError'>
---------------------------- Captured stderr setup ----------------------------
2025-12-21 15:25:54,030 - INFO - Database initialized with type: sqlite
2025-12-21 15:25:54,031 - INFO - Connecting to sqlite database...
2025-12-21 15:25:54,031 - INFO - Connected to SQLite at :memory: (WAL mode enabled)
2025-12-21 15:25:54,031 - INFO - Checking for database migrations...
2025-12-21 15:25:54,031 - DEBUG - Executed query: SELECT name FROM sqlite_master WHERE type='table' AND name=?...
2025-12-21 15:25:54,031 - DEBUG - Executed query: SELECT name FROM sqlite_master WHERE type='table' AND name=?...
2025-12-21 15:25:54,031 - DEBUG - Executed query: SELECT name FROM sqlite_master WHERE type='table' AND name=?...
2025-12-21 15:25:54,031 - DEBUG - Executed query: SELECT name FROM sqlite_master WHERE type='table' AND name=?...
2025-12-21 15:25:54,032 - INFO - All migrations completed.
2025-12-21 15:25:54,032 - DEBUG - Executed query: -- Users table
CREATE TABLE IF NOT EXISTS auth_users (
    id INTEGER PRIMARY KEY,
    account_type ...
2025-12-21 15:25:54,032 - DEBUG - Executed query: -- Sessions table
CREATE TABLE IF NOT EXISTS auth_sessions (
    id INTEGER PRIMARY KEY,
    user_id...
2025-12-21 15:25:54,032 - DEBUG - Executed query: -- Bots table
CREATE TABLE IF NOT EXISTS auth_bots (
    id INTEGER PRIMARY KEY,
    owner_id INTEGE...
2025-12-21 15:25:54,032 - DEBUG - Executed query: -- Devices table
CREATE TABLE IF NOT EXISTS auth_devices (
    id INTEGER PRIMARY KEY,
    user_id I...
2025-12-21 15:25:54,032 - DEBUG - Executed query: -- Known IPs table
CREATE TABLE IF NOT EXISTS auth_known_ips (
    id INTEGER PRIMARY KEY,
    user_...
2025-12-21 15:25:54,033 - DEBUG - Executed query: -- Audit log table
CREATE TABLE IF NOT EXISTS auth_audit_log (
    id INTEGER PRIMARY KEY,
    user_...
2025-12-21 15:25:54,033 - DEBUG - Executed query: -- Email verification tokens
CREATE TABLE IF NOT EXISTS auth_email_tokens (
    id INTEGER PRIMARY K...
2025-12-21 15:25:54,033 - DEBUG - Executed query: -- 2FA challenge tokens (temporary during login)
CREATE TABLE IF NOT EXISTS auth_2fa_challenges (
  ...
2025-12-21 15:25:54,033 - DEBUG - Executed query: -- Indexes for performance
CREATE INDEX IF NOT EXISTS idx_auth_sessions_user ON auth_sessions(user_i...
2025-12-21 15:25:54,033 - DEBUG - Executed query: CREATE INDEX IF NOT EXISTS idx_auth_sessions_token ON auth_sessions(token_hash)...
2025-12-21 15:25:54,033 - DEBUG - Executed query: CREATE INDEX IF NOT EXISTS idx_auth_sessions_expires ON auth_sessions(expires_at)...
2025-12-21 15:25:54,033 - DEBUG - Executed query: CREATE INDEX IF NOT EXISTS idx_auth_bots_owner ON auth_bots(owner_id)...
2025-12-21 15:25:54,034 - DEBUG - Executed query: CREATE INDEX IF NOT EXISTS idx_auth_bots_token ON auth_bots(token_hash)...
2025-12-21 15:25:54,034 - DEBUG - Executed query: CREATE INDEX IF NOT EXISTS idx_auth_devices_user ON auth_devices(user_id)...
2025-12-21 15:25:54,034 - DEBUG - Executed query: CREATE INDEX IF NOT EXISTS idx_auth_known_ips_user ON auth_known_ips(user_id)...
2025-12-21 15:25:54,034 - DEBUG - Executed query: CREATE INDEX IF NOT EXISTS idx_auth_audit_user ON auth_audit_log(user_id)...
2025-12-21 15:25:54,034 - DEBUG - Executed query: CREATE INDEX IF NOT EXISTS idx_auth_audit_timestamp ON auth_audit_log(timestamp)...
2025-12-21 15:25:54,034 - DEBUG - Executed query: CREATE INDEX IF NOT EXISTS idx_auth_audit_type ON auth_audit_log(event_type)...
2025-12-21 15:25:54,034 - DEBUG - Executed query: CREATE INDEX IF NOT EXISTS idx_auth_email_tokens_hash ON auth_email_tokens(token_hash)...
2025-12-21 15:25:54,035 - DEBUG - Executed query: CREATE INDEX IF NOT EXISTS idx_auth_2fa_challenges_hash ON auth_2fa_challenges(token_hash)...
2025-12-21 15:25:54,035 - DEBUG - Executed query: INSERT INTO auth_users (id, account_type, username, email, password_hash, permissions, created_at, u...
2025-12-21 15:25:54,035 - DEBUG - Executed query: INSERT INTO auth_users (id, account_type, username, email, password_hash, permissions, created_at, u...
2025-12-21 15:25:54,035 - DEBUG - LocalStorage initialized at C:\Users\dboyn\coding-plexichat\plexichat\uploads
2025-12-21 15:25:54,040 - DEBUG - Found ffprobe at C:\ProgramData\chocolatey\bin\ffprobe.EXE
2025-12-21 15:25:54,040 - DEBUG - Executed query: -- Media files table
CREATE TABLE IF NOT EXISTS media_files (
    id INTEGER PRIMARY KEY,
    filena...
2025-12-21 15:25:54,040 - DEBUG - Executed query: -- Thumbnails table
CREATE TABLE IF NOT EXISTS media_thumbnails (
    id INTEGER PRIMARY KEY,
    me...
2025-12-21 15:25:54,040 - DEBUG - Executed query: -- Proxied content cache table
CREATE TABLE IF NOT EXISTS media_proxy_cache (
    id INTEGER PRIMARY...
2025-12-21 15:25:54,041 - DEBUG - Executed query: -- Indexes
CREATE INDEX IF NOT EXISTS idx_media_files_uploaded_by ON media_files(uploaded_by)...
2025-12-21 15:25:54,041 - DEBUG - Executed query: CREATE INDEX IF NOT EXISTS idx_media_files_content_type ON media_files(content_type)...
2025-12-21 15:25:54,041 - DEBUG - Executed query: CREATE INDEX IF NOT EXISTS idx_media_files_storage_backend ON media_files(storage_backend)...
2025-12-21 15:25:54,041 - DEBUG - Executed query: CREATE INDEX IF NOT EXISTS idx_media_files_scan_status ON media_files(scan_status)...
2025-12-21 15:25:54,041 - DEBUG - Executed query: CREATE INDEX IF NOT EXISTS idx_media_thumbnails_file ON media_thumbnails(media_file_id)...
2025-12-21 15:25:54,041 - DEBUG - Executed query: CREATE INDEX IF NOT EXISTS idx_media_proxy_cache_url ON media_proxy_cache(source_url)...
2025-12-21 15:25:54,041 - DEBUG - Executed query: CREATE INDEX IF NOT EXISTS idx_media_proxy_cache_expires ON media_proxy_cache(expires_at)...
2025-12-21 15:25:54,042 - INFO - Media tables created successfully
2025-12-21 15:25:54,042 - DEBUG - Executed query: 
            CREATE TABLE IF NOT EXISTS media_rate_limits (
                user_id BIGINT NOT NULL,...
2025-12-21 15:25:54,042 - DEBUG - Executed query: 
            CREATE INDEX IF NOT EXISTS idx_media_rate_limits_user 
            ON media_rate_limits...
2025-12-21 15:25:54,042 - INFO - Media module initialized
----------------------------- Captured log setup ------------------------------
INFO     AppLogger:__init__.py:90 Database initialized with type: sqlite
INFO     AppLogger:__init__.py:90 Connecting to sqlite database...
INFO     AppLogger:__init__.py:90 Connected to SQLite at :memory: (WAL mode enabled)
INFO     AppLogger:__init__.py:90 Checking for database migrations...
DEBUG    AppLogger:__init__.py:86 Executed query: SELECT name FROM sqlite_master WHERE type='table' AND name=?...
DEBUG    AppLogger:__init__.py:86 Executed query: SELECT name FROM sqlite_master WHERE type='table' AND name=?...
DEBUG    AppLogger:__init__.py:86 Executed query: SELECT name FROM sqlite_master WHERE type='table' AND name=?...
DEBUG    AppLogger:__init__.py:86 Executed query: SELECT name FROM sqlite_master WHERE type='table' AND name=?...
INFO     AppLogger:__init__.py:90 All migrations completed.
DEBUG    AppLogger:__init__.py:86 Executed query: -- Users table
CREATE TABLE IF NOT EXISTS auth_users (
    id INTEGER PRIMARY KEY,
    account_type ...
DEBUG    AppLogger:__init__.py:86 Executed query: -- Sessions table
CREATE TABLE IF NOT EXISTS auth_sessions (
    id INTEGER PRIMARY KEY,
    user_id...
DEBUG    AppLogger:__init__.py:86 Executed query: -- Bots table
CREATE TABLE IF NOT EXISTS auth_bots (
    id INTEGER PRIMARY KEY,
    owner_id INTEGE...
DEBUG    AppLogger:__init__.py:86 Executed query: -- Devices table
CREATE TABLE IF NOT EXISTS auth_devices (
    id INTEGER PRIMARY KEY,
    user_id I...
DEBUG    AppLogger:__init__.py:86 Executed query: -- Known IPs table
CREATE TABLE IF NOT EXISTS auth_known_ips (
    id INTEGER PRIMARY KEY,
    user_...
DEBUG    AppLogger:__init__.py:86 Executed query: -- Audit log table
CREATE TABLE IF NOT EXISTS auth_audit_log (
    id INTEGER PRIMARY KEY,
    user_...
DEBUG    AppLogger:__init__.py:86 Executed query: -- Email verification tokens
CREATE TABLE IF NOT EXISTS auth_email_tokens (
    id INTEGER PRIMARY K...
DEBUG    AppLogger:__init__.py:86 Executed query: -- 2FA challenge tokens (temporary during login)
CREATE TABLE IF NOT EXISTS auth_2fa_challenges (
  ...
DEBUG    AppLogger:__init__.py:86 Executed query: -- Indexes for performance
CREATE INDEX IF NOT EXISTS idx_auth_sessions_user ON auth_sessions(user_i...
DEBUG    AppLogger:__init__.py:86 Executed query: CREATE INDEX IF NOT EXISTS idx_auth_sessions_token ON auth_sessions(token_hash)...
DEBUG    AppLogger:__init__.py:86 Executed query: CREATE INDEX IF NOT EXISTS idx_auth_sessions_expires ON auth_sessions(expires_at)...
DEBUG    AppLogger:__init__.py:86 Executed query: CREATE INDEX IF NOT EXISTS idx_auth_bots_owner ON auth_bots(owner_id)...
DEBUG    AppLogger:__init__.py:86 Executed query: CREATE INDEX IF NOT EXISTS idx_auth_bots_token ON auth_bots(token_hash)...
DEBUG    AppLogger:__init__.py:86 Executed query: CREATE INDEX IF NOT EXISTS idx_auth_devices_user ON auth_devices(user_id)...
DEBUG    AppLogger:__init__.py:86 Executed query: CREATE INDEX IF NOT EXISTS idx_auth_known_ips_user ON auth_known_ips(user_id)...
DEBUG    AppLogger:__init__.py:86 Executed query: CREATE INDEX IF NOT EXISTS idx_auth_audit_user ON auth_audit_log(user_id)...
DEBUG    AppLogger:__init__.py:86 Executed query: CREATE INDEX IF NOT EXISTS idx_auth_audit_timestamp ON auth_audit_log(timestamp)...
DEBUG    AppLogger:__init__.py:86 Executed query: CREATE INDEX IF NOT EXISTS idx_auth_audit_type ON auth_audit_log(event_type)...
DEBUG    AppLogger:__init__.py:86 Executed query: CREATE INDEX IF NOT EXISTS idx_auth_email_tokens_hash ON auth_email_tokens(token_hash)...
DEBUG    AppLogger:__init__.py:86 Executed query: CREATE INDEX IF NOT EXISTS idx_auth_2fa_challenges_hash ON auth_2fa_challenges(token_hash)...
DEBUG    AppLogger:__init__.py:86 Executed query: INSERT INTO auth_users (id, account_type, username, email, password_hash, permissions, created_at, u...
DEBUG    AppLogger:__init__.py:86 Executed query: INSERT INTO auth_users (id, account_type, username, email, password_hash, permissions, created_at, u...
DEBUG    AppLogger:__init__.py:86 LocalStorage initialized at C:\Users\dboyn\coding-plexichat\plexichat\uploads
DEBUG    AppLogger:__init__.py:86 Found ffprobe at C:\ProgramData\chocolatey\bin\ffprobe.EXE
DEBUG    AppLogger:__init__.py:86 Executed query: -- Media files table
CREATE TABLE IF NOT EXISTS media_files (
    id INTEGER PRIMARY KEY,
    filena...
DEBUG    AppLogger:__init__.py:86 Executed query: -- Thumbnails table
CREATE TABLE IF NOT EXISTS media_thumbnails (
    id INTEGER PRIMARY KEY,
    me...
DEBUG    AppLogger:__init__.py:86 Executed query: -- Proxied content cache table
CREATE TABLE IF NOT EXISTS media_proxy_cache (
    id INTEGER PRIMARY...
DEBUG    AppLogger:__init__.py:86 Executed query: -- Indexes
CREATE INDEX IF NOT EXISTS idx_media_files_uploaded_by ON media_files(uploaded_by)...
DEBUG    AppLogger:__init__.py:86 Executed query: CREATE INDEX IF NOT EXISTS idx_media_files_content_type ON media_files(content_type)...
DEBUG    AppLogger:__init__.py:86 Executed query: CREATE INDEX IF NOT EXISTS idx_media_files_storage_backend ON media_files(storage_backend)...
DEBUG    AppLogger:__init__.py:86 Executed query: CREATE INDEX IF NOT EXISTS idx_media_files_scan_status ON media_files(scan_status)...
DEBUG    AppLogger:__init__.py:86 Executed query: CREATE INDEX IF NOT EXISTS idx_media_thumbnails_file ON media_thumbnails(media_file_id)...
DEBUG    AppLogger:__init__.py:86 Executed query: CREATE INDEX IF NOT EXISTS idx_media_proxy_cache_url ON media_proxy_cache(source_url)...
DEBUG    AppLogger:__init__.py:86 Executed query: CREATE INDEX IF NOT EXISTS idx_media_proxy_cache_expires ON media_proxy_cache(expires_at)...
INFO     AppLogger:__init__.py:90 Media tables created successfully
DEBUG    AppLogger:__init__.py:86 Executed query: 
            CREATE TABLE IF NOT EXISTS media_rate_limits (
                user_id BIGINT NOT NULL,...
DEBUG    AppLogger:__init__.py:86 Executed query: 
            CREATE INDEX IF NOT EXISTS idx_media_rate_limits_user 
            ON media_rate_limits...
INFO     AppLogger:__init__.py:90 Media module initialized
---------------------------- Captured stderr call -----------------------------
2025-12-21 15:25:54,044 - DEBUG - Stored stream at C:\Users\dboyn\coding-plexichat\plexichat\uploads\document\2025\12\21\037f121501ff4e91.txt (17 bytes)
2025-12-21 15:25:54,044 - DEBUG - Executed query: INSERT INTO media_files
               (id, filename, original_filename, content_type, size, media_t...
2025-12-21 15:25:54,044 - DEBUG - File 261152273781100544 uploaded via stream by user 1: large.txt
------------------------------ Captured log call ------------------------------
DEBUG    AppLogger:__init__.py:86 Stored stream at C:\Users\dboyn\coding-plexichat\plexichat\uploads\document\2025\12\21\037f121501ff4e91.txt (17 bytes)
DEBUG    AppLogger:__init__.py:86 Executed query: INSERT INTO media_files
               (id, filename, original_filename, content_type, size, media_t...
DEBUG    AppLogger:__init__.py:86 File 261152273781100544 uploaded via stream by user 1: large.txt
-------------------------- Captured stderr teardown ---------------------------
2025-12-21 15:25:54,052 - INFO - Database connection closed.
---------------------------- Captured log teardown ----------------------------
INFO     AppLogger:__init__.py:90 Database connection closed.
_____________ TestMediaAutoRouting.test_should_route_to_database ______________
src\tests\media\test_manager_comprehensive.py:470: in test_should_route_to_database
    assert media_manager._should_route_to_database('text/plain', 500)
E   AssertionError: assert False
E    +  where False = _should_route_to_database('text/plain', 500)
E    +    where _should_route_to_database = <src.core.media.manager.MediaManager object at 0x000002311F3715B0>._should_route_to_database
---------------------------- Captured stderr setup ----------------------------
2025-12-21 15:25:54,054 - INFO - Database initialized with type: sqlite
2025-12-21 15:25:54,054 - INFO - Connecting to sqlite database...
2025-12-21 15:25:54,054 - INFO - Connected to SQLite at :memory: (WAL mode enabled)
2025-12-21 15:25:54,055 - INFO - Checking for database migrations...
2025-12-21 15:25:54,055 - DEBUG - Executed query: SELECT name FROM sqlite_master WHERE type='table' AND name=?...
2025-12-21 15:25:54,055 - DEBUG - Executed query: SELECT name FROM sqlite_master WHERE type='table' AND name=?...
2025-12-21 15:25:54,055 - DEBUG - Executed query: SELECT name FROM sqlite_master WHERE type='table' AND name=?...
2025-12-21 15:25:54,055 - DEBUG - Executed query: SELECT name FROM sqlite_master WHERE type='table' AND name=?...
2025-12-21 15:25:54,055 - INFO - All migrations completed.
2025-12-21 15:25:54,055 - DEBUG - Executed query: -- Users table
CREATE TABLE IF NOT EXISTS auth_users (
    id INTEGER PRIMARY KEY,
    account_type ...
2025-12-21 15:25:54,055 - DEBUG - Executed query: -- Sessions table
CREATE TABLE IF NOT EXISTS auth_sessions (
    id INTEGER PRIMARY KEY,
    user_id...
2025-12-21 15:25:54,056 - DEBUG - Executed query: -- Bots table
CREATE TABLE IF NOT EXISTS auth_bots (
    id INTEGER PRIMARY KEY,
    owner_id INTEGE...
2025-12-21 15:25:54,056 - DEBUG - Executed query: -- Devices table
CREATE TABLE IF NOT EXISTS auth_devices (
    id INTEGER PRIMARY KEY,
    user_id I...
2025-12-21 15:25:54,056 - DEBUG - Executed query: -- Known IPs table
CREATE TABLE IF NOT EXISTS auth_known_ips (
    id INTEGER PRIMARY KEY,
    user_...
2025-12-21 15:25:54,056 - DEBUG - Executed query: -- Audit log table
CREATE TABLE IF NOT EXISTS auth_audit_log (
    id INTEGER PRIMARY KEY,
    user_...
2025-12-21 15:25:54,056 - DEBUG - Executed query: -- Email verification tokens
CREATE TABLE IF NOT EXISTS auth_email_tokens (
    id INTEGER PRIMARY K...
2025-12-21 15:25:54,056 - DEBUG - Executed query: -- 2FA challenge tokens (temporary during login)
CREATE TABLE IF NOT EXISTS auth_2fa_challenges (
  ...
2025-12-21 15:25:54,057 - DEBUG - Executed query: -- Indexes for performance
CREATE INDEX IF NOT EXISTS idx_auth_sessions_user ON auth_sessions(user_i...
2025-12-21 15:25:54,057 - DEBUG - Executed query: CREATE INDEX IF NOT EXISTS idx_auth_sessions_token ON auth_sessions(token_hash)...
2025-12-21 15:25:54,057 - DEBUG - Executed query: CREATE INDEX IF NOT EXISTS idx_auth_sessions_expires ON auth_sessions(expires_at)...
2025-12-21 15:25:54,057 - DEBUG - Executed query: CREATE INDEX IF NOT EXISTS idx_auth_bots_owner ON auth_bots(owner_id)...
2025-12-21 15:25:54,057 - DEBUG - Executed query: CREATE INDEX IF NOT EXISTS idx_auth_bots_token ON auth_bots(token_hash)...
2025-12-21 15:25:54,057 - DEBUG - Executed query: CREATE INDEX IF NOT EXISTS idx_auth_devices_user ON auth_devices(user_id)...
2025-12-21 15:25:54,057 - DEBUG - Executed query: CREATE INDEX IF NOT EXISTS idx_auth_known_ips_user ON auth_known_ips(user_id)...
2025-12-21 15:25:54,057 - DEBUG - Executed query: CREATE INDEX IF NOT EXISTS idx_auth_audit_user ON auth_audit_log(user_id)...
2025-12-21 15:25:54,058 - DEBUG - Executed query: CREATE INDEX IF NOT EXISTS idx_auth_audit_timestamp ON auth_audit_log(timestamp)...
2025-12-21 15:25:54,058 - DEBUG - Executed query: CREATE INDEX IF NOT EXISTS idx_auth_audit_type ON auth_audit_log(event_type)...
2025-12-21 15:25:54,058 - DEBUG - Executed query: CREATE INDEX IF NOT EXISTS idx_auth_email_tokens_hash ON auth_email_tokens(token_hash)...
2025-12-21 15:25:54,058 - DEBUG - Executed query: CREATE INDEX IF NOT EXISTS idx_auth_2fa_challenges_hash ON auth_2fa_challenges(token_hash)...
2025-12-21 15:25:54,058 - DEBUG - Executed query: INSERT INTO auth_users (id, account_type, username, email, password_hash, permissions, created_at, u...
2025-12-21 15:25:54,058 - DEBUG - Executed query: INSERT INTO auth_users (id, account_type, username, email, password_hash, permissions, created_at, u...
2025-12-21 15:25:54,059 - DEBUG - LocalStorage initialized at C:\Users\dboyn\coding-plexichat\plexichat\uploads
2025-12-21 15:25:54,063 - DEBUG - Found ffprobe at C:\ProgramData\chocolatey\bin\ffprobe.EXE
2025-12-21 15:25:54,064 - DEBUG - Executed query: -- Media files table
CREATE TABLE IF NOT EXISTS media_files (
    id INTEGER PRIMARY KEY,
    filena...
2025-12-21 15:25:54,064 - DEBUG - Executed query: -- Thumbnails table
CREATE TABLE IF NOT EXISTS media_thumbnails (
    id INTEGER PRIMARY KEY,
    me...
2025-12-21 15:25:54,064 - DEBUG - Executed query: -- Proxied content cache table
CREATE TABLE IF NOT EXISTS media_proxy_cache (
    id INTEGER PRIMARY...
2025-12-21 15:25:54,064 - DEBUG - Executed query: -- Indexes
CREATE INDEX IF NOT EXISTS idx_media_files_uploaded_by ON media_files(uploaded_by)...
2025-12-21 15:25:54,064 - DEBUG - Executed query: CREATE INDEX IF NOT EXISTS idx_media_files_content_type ON media_files(content_type)...
2025-12-21 15:25:54,064 - DEBUG - Executed query: CREATE INDEX IF NOT EXISTS idx_media_files_storage_backend ON media_files(storage_backend)...
2025-12-21 15:25:54,064 - DEBUG - Executed query: CREATE INDEX IF NOT EXISTS idx_media_files_scan_status ON media_files(scan_status)...
2025-12-21 15:25:54,065 - DEBUG - Executed query: CREATE INDEX IF NOT EXISTS idx_media_thumbnails_file ON media_thumbnails(media_file_id)...
2025-12-21 15:25:54,065 - DEBUG - Executed query: CREATE INDEX IF NOT EXISTS idx_media_proxy_cache_url ON media_proxy_cache(source_url)...
2025-12-21 15:25:54,065 - DEBUG - Executed query: CREATE INDEX IF NOT EXISTS idx_media_proxy_cache_expires ON media_proxy_cache(expires_at)...
2025-12-21 15:25:54,065 - INFO - Media tables created successfully
2025-12-21 15:25:54,065 - DEBUG - Executed query: 
            CREATE TABLE IF NOT EXISTS media_rate_limits (
                user_id BIGINT NOT NULL,...
2025-12-21 15:25:54,065 - DEBUG - Executed query: 
            CREATE INDEX IF NOT EXISTS idx_media_rate_limits_user 
            ON media_rate_limits...
2025-12-21 15:25:54,065 - INFO - Media module initialized
----------------------------- Captured log setup ------------------------------
INFO     AppLogger:__init__.py:90 Database initialized with type: sqlite
INFO     AppLogger:__init__.py:90 Connecting to sqlite database...
INFO     AppLogger:__init__.py:90 Connected to SQLite at :memory: (WAL mode enabled)
INFO     AppLogger:__init__.py:90 Checking for database migrations...
DEBUG    AppLogger:__init__.py:86 Executed query: SELECT name FROM sqlite_master WHERE type='table' AND name=?...
DEBUG    AppLogger:__init__.py:86 Executed query: SELECT name FROM sqlite_master WHERE type='table' AND name=?...
DEBUG    AppLogger:__init__.py:86 Executed query: SELECT name FROM sqlite_master WHERE type='table' AND name=?...
DEBUG    AppLogger:__init__.py:86 Executed query: SELECT name FROM sqlite_master WHERE type='table' AND name=?...
INFO     AppLogger:__init__.py:90 All migrations completed.
DEBUG    AppLogger:__init__.py:86 Executed query: -- Users table
CREATE TABLE IF NOT EXISTS auth_users (
    id INTEGER PRIMARY KEY,
    account_type ...
DEBUG    AppLogger:__init__.py:86 Executed query: -- Sessions table
CREATE TABLE IF NOT EXISTS auth_sessions (
    id INTEGER PRIMARY KEY,
    user_id...
DEBUG    AppLogger:__init__.py:86 Executed query: -- Bots table
CREATE TABLE IF NOT EXISTS auth_bots (
    id INTEGER PRIMARY KEY,
    owner_id INTEGE...
DEBUG    AppLogger:__init__.py:86 Executed query: -- Devices table
CREATE TABLE IF NOT EXISTS auth_devices (
    id INTEGER PRIMARY KEY,
    user_id I...
DEBUG    AppLogger:__init__.py:86 Executed query: -- Known IPs table
CREATE TABLE IF NOT EXISTS auth_known_ips (
    id INTEGER PRIMARY KEY,
    user_...
DEBUG    AppLogger:__init__.py:86 Executed query: -- Audit log table
CREATE TABLE IF NOT EXISTS auth_audit_log (
    id INTEGER PRIMARY KEY,
    user_...
DEBUG    AppLogger:__init__.py:86 Executed query: -- Email verification tokens
CREATE TABLE IF NOT EXISTS auth_email_tokens (
    id INTEGER PRIMARY K...
DEBUG    AppLogger:__init__.py:86 Executed query: -- 2FA challenge tokens (temporary during login)
CREATE TABLE IF NOT EXISTS auth_2fa_challenges (
  ...
DEBUG    AppLogger:__init__.py:86 Executed query: -- Indexes for performance
CREATE INDEX IF NOT EXISTS idx_auth_sessions_user ON auth_sessions(user_i...
DEBUG    AppLogger:__init__.py:86 Executed query: CREATE INDEX IF NOT EXISTS idx_auth_sessions_token ON auth_sessions(token_hash)...
DEBUG    AppLogger:__init__.py:86 Executed query: CREATE INDEX IF NOT EXISTS idx_auth_sessions_expires ON auth_sessions(expires_at)...
DEBUG    AppLogger:__init__.py:86 Executed query: CREATE INDEX IF NOT EXISTS idx_auth_bots_owner ON auth_bots(owner_id)...
DEBUG    AppLogger:__init__.py:86 Executed query: CREATE INDEX IF NOT EXISTS idx_auth_bots_token ON auth_bots(token_hash)...
DEBUG    AppLogger:__init__.py:86 Executed query: CREATE INDEX IF NOT EXISTS idx_auth_devices_user ON auth_devices(user_id)...
DEBUG    AppLogger:__init__.py:86 Executed query: CREATE INDEX IF NOT EXISTS idx_auth_known_ips_user ON auth_known_ips(user_id)...
DEBUG    AppLogger:__init__.py:86 Executed query: CREATE INDEX IF NOT EXISTS idx_auth_audit_user ON auth_audit_log(user_id)...
DEBUG    AppLogger:__init__.py:86 Executed query: CREATE INDEX IF NOT EXISTS idx_auth_audit_timestamp ON auth_audit_log(timestamp)...
DEBUG    AppLogger:__init__.py:86 Executed query: CREATE INDEX IF NOT EXISTS idx_auth_audit_type ON auth_audit_log(event_type)...
DEBUG    AppLogger:__init__.py:86 Executed query: CREATE INDEX IF NOT EXISTS idx_auth_email_tokens_hash ON auth_email_tokens(token_hash)...
DEBUG    AppLogger:__init__.py:86 Executed query: CREATE INDEX IF NOT EXISTS idx_auth_2fa_challenges_hash ON auth_2fa_challenges(token_hash)...
DEBUG    AppLogger:__init__.py:86 Executed query: INSERT INTO auth_users (id, account_type, username, email, password_hash, permissions, created_at, u...
DEBUG    AppLogger:__init__.py:86 Executed query: INSERT INTO auth_users (id, account_type, username, email, password_hash, permissions, created_at, u...
DEBUG    AppLogger:__init__.py:86 LocalStorage initialized at C:\Users\dboyn\coding-plexichat\plexichat\uploads
DEBUG    AppLogger:__init__.py:86 Found ffprobe at C:\ProgramData\chocolatey\bin\ffprobe.EXE
DEBUG    AppLogger:__init__.py:86 Executed query: -- Media files table
CREATE TABLE IF NOT EXISTS media_files (
    id INTEGER PRIMARY KEY,
    filena...
DEBUG    AppLogger:__init__.py:86 Executed query: -- Thumbnails table
CREATE TABLE IF NOT EXISTS media_thumbnails (
    id INTEGER PRIMARY KEY,
    me...
DEBUG    AppLogger:__init__.py:86 Executed query: -- Proxied content cache table
CREATE TABLE IF NOT EXISTS media_proxy_cache (
    id INTEGER PRIMARY...
DEBUG    AppLogger:__init__.py:86 Executed query: -- Indexes
CREATE INDEX IF NOT EXISTS idx_media_files_uploaded_by ON media_files(uploaded_by)...
DEBUG    AppLogger:__init__.py:86 Executed query: CREATE INDEX IF NOT EXISTS idx_media_files_content_type ON media_files(content_type)...
DEBUG    AppLogger:__init__.py:86 Executed query: CREATE INDEX IF NOT EXISTS idx_media_files_storage_backend ON media_files(storage_backend)...
DEBUG    AppLogger:__init__.py:86 Executed query: CREATE INDEX IF NOT EXISTS idx_media_files_scan_status ON media_files(scan_status)...
DEBUG    AppLogger:__init__.py:86 Executed query: CREATE INDEX IF NOT EXISTS idx_media_thumbnails_file ON media_thumbnails(media_file_id)...
DEBUG    AppLogger:__init__.py:86 Executed query: CREATE INDEX IF NOT EXISTS idx_media_proxy_cache_url ON media_proxy_cache(source_url)...
DEBUG    AppLogger:__init__.py:86 Executed query: CREATE INDEX IF NOT EXISTS idx_media_proxy_cache_expires ON media_proxy_cache(expires_at)...
INFO     AppLogger:__init__.py:90 Media tables created successfully
DEBUG    AppLogger:__init__.py:86 Executed query: 
            CREATE TABLE IF NOT EXISTS media_rate_limits (
                user_id BIGINT NOT NULL,...
DEBUG    AppLogger:__init__.py:86 Executed query: 
            CREATE INDEX IF NOT EXISTS idx_media_rate_limits_user 
            ON media_rate_limits...
INFO     AppLogger:__init__.py:90 Media module initialized
-------------------------- Captured stderr teardown ---------------------------
2025-12-21 15:25:54,074 - INFO - Database connection closed.
---------------------------- Captured log teardown ----------------------------
INFO     AppLogger:__init__.py:90 Database connection closed.
_ TestFileUploadValidation.test_filename_sanitization_removes_path_components _
src\tests\media\test_security.py:58: in test_filename_sanitization_removes_path_components
    assert ".." not in stored_file.original_filename
E   AssertionError: assert '..' not in '../../../etc/passwd'
E     
E     '..' is contained here:
E       ../../../etc/passwd
E     ? ++
---------------------------- Captured stderr setup ----------------------------
2025-12-21 15:25:54,079 - DEBUG - LocalStorage initialized at C:\Users\dboyn\AppData\Local\Temp\media_test_v_836mpj\uploads_4068
2025-12-21 15:25:54,083 - DEBUG - Found ffprobe at C:\ProgramData\chocolatey\bin\ffprobe.EXE
2025-12-21 15:25:54,084 - DEBUG - Executed query: -- Media files table
CREATE TABLE IF NOT EXISTS media_files (
    id INTEGER PRIMARY KEY,
    filena...
2025-12-21 15:25:54,084 - DEBUG - Executed query: -- Thumbnails table
CREATE TABLE IF NOT EXISTS media_thumbnails (
    id INTEGER PRIMARY KEY,
    me...
2025-12-21 15:25:54,084 - DEBUG - Executed query: -- Proxied content cache table
CREATE TABLE IF NOT EXISTS media_proxy_cache (
    id INTEGER PRIMARY...
2025-12-21 15:25:54,085 - DEBUG - Executed query: -- Indexes
CREATE INDEX IF NOT EXISTS idx_media_files_uploaded_by ON media_files(uploaded_by)...
2025-12-21 15:25:54,085 - DEBUG - Executed query: CREATE INDEX IF NOT EXISTS idx_media_files_content_type ON media_files(content_type)...
2025-12-21 15:25:54,085 - DEBUG - Executed query: CREATE INDEX IF NOT EXISTS idx_media_files_storage_backend ON media_files(storage_backend)...
2025-12-21 15:25:54,085 - DEBUG - Executed query: CREATE INDEX IF NOT EXISTS idx_media_files_scan_status ON media_files(scan_status)...
2025-12-21 15:25:54,085 - DEBUG - Executed query: CREATE INDEX IF NOT EXISTS idx_media_thumbnails_file ON media_thumbnails(media_file_id)...
2025-12-21 15:25:54,086 - DEBUG - Executed query: CREATE INDEX IF NOT EXISTS idx_media_proxy_cache_url ON media_proxy_cache(source_url)...
2025-12-21 15:25:54,086 - DEBUG - Executed query: CREATE INDEX IF NOT EXISTS idx_media_proxy_cache_expires ON media_proxy_cache(expires_at)...
2025-12-21 15:25:54,086 - INFO - Media tables created successfully
2025-12-21 15:25:54,086 - DEBUG - Executed query: 
            CREATE TABLE IF NOT EXISTS media_rate_limits (
                user_id BIGINT NOT NULL,...
2025-12-21 15:25:54,086 - DEBUG - Executed query: 
            CREATE INDEX IF NOT EXISTS idx_media_rate_limits_user 
            ON media_rate_limits...
2025-12-21 15:25:54,087 - INFO - Media module initialized
2025-12-21 15:25:54,087 - DEBUG - Executed query: -- File hashes for deduplication
CREATE TABLE IF NOT EXISTS media_file_hashes (
    id INTEGER PRIMA...
2025-12-21 15:25:54,087 - DEBUG - Executed query: -- Hash reports for content moderation
CREATE TABLE IF NOT EXISTS media_hash_reports (
    id INTEGE...
2025-12-21 15:25:54,087 - DEBUG - Executed query: -- Blocked hashes (supports both SHA256 and pHash)
CREATE TABLE IF NOT EXISTS media_blocked_hashes (...
2025-12-21 15:25:54,088 - DEBUG - Executed query: -- Blocked users (banned from uploading)
CREATE TABLE IF NOT EXISTS media_blocked_users (
    user_i...
2025-12-21 15:25:54,088 - DEBUG - Executed query: -- Indexes
CREATE INDEX IF NOT EXISTS idx_media_file_hashes_hash ON media_file_hashes(hash_value)...
2025-12-21 15:25:54,088 - DEBUG - Executed query: CREATE INDEX IF NOT EXISTS idx_media_file_hashes_phash ON media_file_hashes(phash_value)...
2025-12-21 15:25:54,088 - DEBUG - Executed query: CREATE INDEX IF NOT EXISTS idx_media_hash_reports_hash ON media_hash_reports(hash_value)...
2025-12-21 15:25:54,088 - DEBUG - Executed query: CREATE INDEX IF NOT EXISTS idx_media_hash_reports_phash ON media_hash_reports(phash_value)...
2025-12-21 15:25:54,089 - DEBUG - Executed query: CREATE INDEX IF NOT EXISTS idx_media_hash_reports_status ON media_hash_reports(status)...
2025-12-21 15:25:54,089 - DEBUG - Executed query: CREATE INDEX IF NOT EXISTS idx_media_hash_reports_reporter ON media_hash_reports(reporter_id)...
2025-12-21 15:25:54,089 - DEBUG - Executed query: CREATE INDEX IF NOT EXISTS idx_media_blocked_hashes_type ON media_blocked_hashes(hash_type)...
2025-12-21 15:25:54,161 - DEBUG - Executed query: -- Chunked upload sessions
CREATE TABLE IF NOT EXISTS media_upload_sessions (
    id TEXT PRIMARY KE...
2025-12-21 15:25:54,161 - DEBUG - Executed query: -- Indexes
CREATE INDEX IF NOT EXISTS idx_upload_sessions_user ON media_upload_sessions(user_id)...
2025-12-21 15:25:54,161 - DEBUG - Executed query: CREATE INDEX IF NOT EXISTS idx_upload_sessions_status ON media_upload_sessions(status)...
2025-12-21 15:25:54,162 - DEBUG - Executed query: CREATE INDEX IF NOT EXISTS idx_upload_sessions_expires ON media_upload_sessions(expires_at)...
----------------------------- Captured log setup ------------------------------
DEBUG    AppLogger:__init__.py:86 LocalStorage initialized at C:\Users\dboyn\AppData\Local\Temp\media_test_v_836mpj\uploads_4068
DEBUG    AppLogger:__init__.py:86 Found ffprobe at C:\ProgramData\chocolatey\bin\ffprobe.EXE
DEBUG    AppLogger:__init__.py:86 Executed query: -- Media files table
CREATE TABLE IF NOT EXISTS media_files (
    id INTEGER PRIMARY KEY,
    filena...
DEBUG    AppLogger:__init__.py:86 Executed query: -- Thumbnails table
CREATE TABLE IF NOT EXISTS media_thumbnails (
    id INTEGER PRIMARY KEY,
    me...
DEBUG    AppLogger:__init__.py:86 Executed query: -- Proxied content cache table
CREATE TABLE IF NOT EXISTS media_proxy_cache (
    id INTEGER PRIMARY...
DEBUG    AppLogger:__init__.py:86 Executed query: -- Indexes
CREATE INDEX IF NOT EXISTS idx_media_files_uploaded_by ON media_files(uploaded_by)...
DEBUG    AppLogger:__init__.py:86 Executed query: CREATE INDEX IF NOT EXISTS idx_media_files_content_type ON media_files(content_type)...
DEBUG    AppLogger:__init__.py:86 Executed query: CREATE INDEX IF NOT EXISTS idx_media_files_storage_backend ON media_files(storage_backend)...
DEBUG    AppLogger:__init__.py:86 Executed query: CREATE INDEX IF NOT EXISTS idx_media_files_scan_status ON media_files(scan_status)...
DEBUG    AppLogger:__init__.py:86 Executed query: CREATE INDEX IF NOT EXISTS idx_media_thumbnails_file ON media_thumbnails(media_file_id)...
DEBUG    AppLogger:__init__.py:86 Executed query: CREATE INDEX IF NOT EXISTS idx_media_proxy_cache_url ON media_proxy_cache(source_url)...
DEBUG    AppLogger:__init__.py:86 Executed query: CREATE INDEX IF NOT EXISTS idx_media_proxy_cache_expires ON media_proxy_cache(expires_at)...
INFO     AppLogger:__init__.py:90 Media tables created successfully
DEBUG    AppLogger:__init__.py:86 Executed query: 
            CREATE TABLE IF NOT EXISTS media_rate_limits (
                user_id BIGINT NOT NULL,...
DEBUG    AppLogger:__init__.py:86 Executed query: 
            CREATE INDEX IF NOT EXISTS idx_media_rate_limits_user 
            ON media_rate_limits...
INFO     AppLogger:__init__.py:90 Media module initialized
DEBUG    AppLogger:__init__.py:86 Executed query: -- File hashes for deduplication
CREATE TABLE IF NOT EXISTS media_file_hashes (
    id INTEGER PRIMA...
DEBUG    AppLogger:__init__.py:86 Executed query: -- Hash reports for content moderation
CREATE TABLE IF NOT EXISTS media_hash_reports (
    id INTEGE...
DEBUG    AppLogger:__init__.py:86 Executed query: -- Blocked hashes (supports both SHA256 and pHash)
CREATE TABLE IF NOT EXISTS media_blocked_hashes (...
DEBUG    AppLogger:__init__.py:86 Executed query: -- Blocked users (banned from uploading)
CREATE TABLE IF NOT EXISTS media_blocked_users (
    user_i...
DEBUG    AppLogger:__init__.py:86 Executed query: -- Indexes
CREATE INDEX IF NOT EXISTS idx_media_file_hashes_hash ON media_file_hashes(hash_value)...
DEBUG    AppLogger:__init__.py:86 Executed query: CREATE INDEX IF NOT EXISTS idx_media_file_hashes_phash ON media_file_hashes(phash_value)...
DEBUG    AppLogger:__init__.py:86 Executed query: CREATE INDEX IF NOT EXISTS idx_media_hash_reports_hash ON media_hash_reports(hash_value)...
DEBUG    AppLogger:__init__.py:86 Executed query: CREATE INDEX IF NOT EXISTS idx_media_hash_reports_phash ON media_hash_reports(phash_value)...
DEBUG    AppLogger:__init__.py:86 Executed query: CREATE INDEX IF NOT EXISTS idx_media_hash_reports_status ON media_hash_reports(status)...
DEBUG    AppLogger:__init__.py:86 Executed query: CREATE INDEX IF NOT EXISTS idx_media_hash_reports_reporter ON media_hash_reports(reporter_id)...
DEBUG    AppLogger:__init__.py:86 Executed query: CREATE INDEX IF NOT EXISTS idx_media_blocked_hashes_type ON media_blocked_hashes(hash_type)...
DEBUG    AppLogger:__init__.py:86 Executed query: -- Chunked upload sessions
CREATE TABLE IF NOT EXISTS media_upload_sessions (
    id TEXT PRIMARY KE...
DEBUG    AppLogger:__init__.py:86 Executed query: -- Indexes
CREATE INDEX IF NOT EXISTS idx_upload_sessions_user ON media_upload_sessions(user_id)...
DEBUG    AppLogger:__init__.py:86 Executed query: CREATE INDEX IF NOT EXISTS idx_upload_sessions_status ON media_upload_sessions(status)...
DEBUG    AppLogger:__init__.py:86 Executed query: CREATE INDEX IF NOT EXISTS idx_upload_sessions_expires ON media_upload_sessions(expires_at)...
---------------------------- Captured stderr call -----------------------------
2025-12-21 15:25:54,163 - DEBUG - Executed query: SELECT upload_count FROM media_rate_limits 
               WHERE user_id = ? AND window_type = ? AND...
2025-12-21 15:25:54,164 - DEBUG - Executed query: SELECT upload_count FROM media_rate_limits 
               WHERE user_id = ? AND window_type = ? AND...
2025-12-21 15:25:54,164 - DEBUG - Executed query: SELECT total_size FROM media_rate_limits 
               WHERE user_id = ? AND window_type = ? AND w...
2025-12-21 15:25:54,164 - DEBUG - Executed query: -- File hashes for deduplication
CREATE TABLE IF NOT EXISTS media_file_hashes (
    id INTEGER PRIMA...
2025-12-21 15:25:54,164 - DEBUG - Executed query: -- Hash reports for content moderation
CREATE TABLE IF NOT EXISTS media_hash_reports (
    id INTEGE...
2025-12-21 15:25:54,164 - DEBUG - Executed query: -- Blocked hashes (supports both SHA256 and pHash)
CREATE TABLE IF NOT EXISTS media_blocked_hashes (...
2025-12-21 15:25:54,164 - DEBUG - Executed query: -- Blocked users (banned from uploading)
CREATE TABLE IF NOT EXISTS media_blocked_users (
    user_i...
2025-12-21 15:25:54,165 - DEBUG - Executed query: -- Indexes
CREATE INDEX IF NOT EXISTS idx_media_file_hashes_hash ON media_file_hashes(hash_value)...
2025-12-21 15:25:54,165 - DEBUG - Executed query: CREATE INDEX IF NOT EXISTS idx_media_file_hashes_phash ON media_file_hashes(phash_value)...
2025-12-21 15:25:54,165 - DEBUG - Executed query: CREATE INDEX IF NOT EXISTS idx_media_hash_reports_hash ON media_hash_reports(hash_value)...
2025-12-21 15:25:54,165 - DEBUG - Executed query: CREATE INDEX IF NOT EXISTS idx_media_hash_reports_phash ON media_hash_reports(phash_value)...
2025-12-21 15:25:54,165 - DEBUG - Executed query: CREATE INDEX IF NOT EXISTS idx_media_hash_reports_status ON media_hash_reports(status)...
2025-12-21 15:25:54,165 - DEBUG - Executed query: CREATE INDEX IF NOT EXISTS idx_media_hash_reports_reporter ON media_hash_reports(reporter_id)...
2025-12-21 15:25:54,165 - DEBUG - Executed query: CREATE INDEX IF NOT EXISTS idx_media_blocked_hashes_type ON media_blocked_hashes(hash_type)...
2025-12-21 15:25:54,455 - DEBUG - Stored file at C:\Users\dboyn\AppData\Local\Temp\media_test_v_836mpj\uploads_4068\image\2025\12\21\49bde4117c344297.bin (825 bytes)
2025-12-21 15:25:54,456 - DEBUG - Executed query: INSERT INTO media_files
               (id, filename, original_filename, content_type, size, media_t...
2025-12-21 15:25:54,456 - DEBUG - Executed query: SELECT id, reference_count FROM media_file_hashes WHERE hash_value = ?...
2025-12-21 15:25:54,456 - DEBUG - Executed query: INSERT INTO media_file_hashes 
               (id, hash_value, algorithm, file_size, content_type, r...
2025-12-21 15:25:54,456 - DEBUG - Executed query: SELECT upload_count, total_size FROM media_rate_limits 
                   WHERE user_id = ? AND win...
2025-12-21 15:25:54,457 - DEBUG - Executed query: INSERT INTO media_rate_limits 
                       (user_id, window_type, window_start, upload_co...
2025-12-21 15:25:54,457 - DEBUG - Executed query: SELECT upload_count, total_size FROM media_rate_limits 
                   WHERE user_id = ? AND win...
2025-12-21 15:25:54,457 - DEBUG - Executed query: INSERT INTO media_rate_limits 
                       (user_id, window_type, window_start, upload_co...
2025-12-21 15:25:54,457 - DEBUG - Executed query: SELECT upload_count, total_size FROM media_rate_limits 
                   WHERE user_id = ? AND win...
2025-12-21 15:25:54,457 - DEBUG - Executed query: INSERT INTO media_rate_limits 
                       (user_id, window_type, window_start, upload_co...
2025-12-21 15:25:54,457 - DEBUG - Executed query: DELETE FROM media_rate_limits WHERE window_start < ?...
2025-12-21 15:25:54,459 - DEBUG - Stored file at C:\Users\dboyn\AppData\Local\Temp\media_test_v_836mpj\uploads_4068\thumbnails\261152275509153792\64.jpg (312 bytes)
2025-12-21 15:25:54,460 - DEBUG - Executed query: INSERT INTO media_thumbnails
                       (id, media_file_id, size, width, height, storage...
2025-12-21 15:25:54,460 - DEBUG - Stored file at C:\Users\dboyn\AppData\Local\Temp\media_test_v_836mpj\uploads_4068\thumbnails\261152275509153792\128.jpg (361 bytes)
2025-12-21 15:25:54,461 - DEBUG - Executed query: INSERT INTO media_thumbnails
                       (id, media_file_id, size, width, height, storage...
2025-12-21 15:25:54,461 - DEBUG - Stored file at C:\Users\dboyn\AppData\Local\Temp\media_test_v_836mpj\uploads_4068\thumbnails\261152275509153792\256.jpg (361 bytes)
2025-12-21 15:25:54,462 - DEBUG - Executed query: INSERT INTO media_thumbnails
                       (id, media_file_id, size, width, height, storage...
2025-12-21 15:25:54,462 - DEBUG - Stored file at C:\Users\dboyn\AppData\Local\Temp\media_test_v_836mpj\uploads_4068\thumbnails\261152275509153792\512.jpg (361 bytes)
2025-12-21 15:25:54,462 - DEBUG - Executed query: INSERT INTO media_thumbnails
                       (id, media_file_id, size, width, height, storage...
2025-12-21 15:25:54,462 - DEBUG - File 261152275509153792 uploaded by user 261152238242762752: ../../../etc/passwd (backend: local, size: 825)
2025-12-21 15:25:54,463 - DEBUG - Executed query: SELECT * FROM media_files WHERE id = ? AND deleted = 0...
------------------------------ Captured log call ------------------------------
DEBUG    AppLogger:__init__.py:86 Executed query: SELECT upload_count FROM media_rate_limits 
               WHERE user_id = ? AND window_type = ? AND...
DEBUG    AppLogger:__init__.py:86 Executed query: SELECT upload_count FROM media_rate_limits 
               WHERE user_id = ? AND window_type = ? AND...
DEBUG    AppLogger:__init__.py:86 Executed query: SELECT total_size FROM media_rate_limits 
               WHERE user_id = ? AND window_type = ? AND w...
DEBUG    AppLogger:__init__.py:86 Executed query: -- File hashes for deduplication
CREATE TABLE IF NOT EXISTS media_file_hashes (
    id INTEGER PRIMA...
DEBUG    AppLogger:__init__.py:86 Executed query: -- Hash reports for content moderation
CREATE TABLE IF NOT EXISTS media_hash_reports (
    id INTEGE...
DEBUG    AppLogger:__init__.py:86 Executed query: -- Blocked hashes (supports both SHA256 and pHash)
CREATE TABLE IF NOT EXISTS media_blocked_hashes (...
DEBUG    AppLogger:__init__.py:86 Executed query: -- Blocked users (banned from uploading)
CREATE TABLE IF NOT EXISTS media_blocked_users (
    user_i...
DEBUG    AppLogger:__init__.py:86 Executed query: -- Indexes
CREATE INDEX IF NOT EXISTS idx_media_file_hashes_hash ON media_file_hashes(hash_value)...
DEBUG    AppLogger:__init__.py:86 Executed query: CREATE INDEX IF NOT EXISTS idx_media_file_hashes_phash ON media_file_hashes(phash_value)...
DEBUG    AppLogger:__init__.py:86 Executed query: CREATE INDEX IF NOT EXISTS idx_media_hash_reports_hash ON media_hash_reports(hash_value)...
DEBUG    AppLogger:__init__.py:86 Executed query: CREATE INDEX IF NOT EXISTS idx_media_hash_reports_phash ON media_hash_reports(phash_value)...
DEBUG    AppLogger:__init__.py:86 Executed query: CREATE INDEX IF NOT EXISTS idx_media_hash_reports_status ON media_hash_reports(status)...
DEBUG    AppLogger:__init__.py:86 Executed query: CREATE INDEX IF NOT EXISTS idx_media_hash_reports_reporter ON media_hash_reports(reporter_id)...
DEBUG    AppLogger:__init__.py:86 Executed query: CREATE INDEX IF NOT EXISTS idx_media_blocked_hashes_type ON media_blocked_hashes(hash_type)...
DEBUG    AppLogger:__init__.py:86 Stored file at C:\Users\dboyn\AppData\Local\Temp\media_test_v_836mpj\uploads_4068\image\2025\12\21\49bde4117c344297.bin (825 bytes)
DEBUG    AppLogger:__init__.py:86 Executed query: INSERT INTO media_files
               (id, filename, original_filename, content_type, size, media_t...
DEBUG    AppLogger:__init__.py:86 Executed query: SELECT id, reference_count FROM media_file_hashes WHERE hash_value = ?...
DEBUG    AppLogger:__init__.py:86 Executed query: INSERT INTO media_file_hashes 
               (id, hash_value, algorithm, file_size, content_type, r...
DEBUG    AppLogger:__init__.py:86 Executed query: SELECT upload_count, total_size FROM media_rate_limits 
                   WHERE user_id = ? AND win...
DEBUG    AppLogger:__init__.py:86 Executed query: INSERT INTO media_rate_limits 
                       (user_id, window_type, window_start, upload_co...
DEBUG    AppLogger:__init__.py:86 Executed query: SELECT upload_count, total_size FROM media_rate_limits 
                   WHERE user_id = ? AND win...
DEBUG    AppLogger:__init__.py:86 Executed query: INSERT INTO media_rate_limits 
                       (user_id, window_type, window_start, upload_co...
DEBUG    AppLogger:__init__.py:86 Executed query: SELECT upload_count, total_size FROM media_rate_limits 
                   WHERE user_id = ? AND win...
DEBUG    AppLogger:__init__.py:86 Executed query: INSERT INTO media_rate_limits 
                       (user_id, window_type, window_start, upload_co...
DEBUG    AppLogger:__init__.py:86 Executed query: DELETE FROM media_rate_limits WHERE window_start < ?...
DEBUG    AppLogger:__init__.py:86 Stored file at C:\Users\dboyn\AppData\Local\Temp\media_test_v_836mpj\uploads_4068\thumbnails\261152275509153792\64.jpg (312 bytes)
DEBUG    AppLogger:__init__.py:86 Executed query: INSERT INTO media_thumbnails
                       (id, media_file_id, size, width, height, storage...
DEBUG    AppLogger:__init__.py:86 Stored file at C:\Users\dboyn\AppData\Local\Temp\media_test_v_836mpj\uploads_4068\thumbnails\261152275509153792\128.jpg (361 bytes)
DEBUG    AppLogger:__init__.py:86 Executed query: INSERT INTO media_thumbnails
                       (id, media_file_id, size, width, height, storage...
DEBUG    AppLogger:__init__.py:86 Stored file at C:\Users\dboyn\AppData\Local\Temp\media_test_v_836mpj\uploads_4068\thumbnails\261152275509153792\256.jpg (361 bytes)
DEBUG    AppLogger:__init__.py:86 Executed query: INSERT INTO media_thumbnails
                       (id, media_file_id, size, width, height, storage...
DEBUG    AppLogger:__init__.py:86 Stored file at C:\Users\dboyn\AppData\Local\Temp\media_test_v_836mpj\uploads_4068\thumbnails\261152275509153792\512.jpg (361 bytes)
DEBUG    AppLogger:__init__.py:86 Executed query: INSERT INTO media_thumbnails
                       (id, media_file_id, size, width, height, storage...
DEBUG    AppLogger:__init__.py:86 File 261152275509153792 uploaded by user 261152238242762752: ../../../etc/passwd (backend: local, size: 825)
DEBUG    AppLogger:__init__.py:86 Executed query: SELECT * FROM media_files WHERE id = ? AND deleted = 0...
___ TestFileUploadValidation.test_filename_sanitization_removes_null_bytes ____
src\tests\media\test_security.py:76: in test_filename_sanitization_removes_null_bytes
    assert "\x00" not in stored_file.original_filename
E   AssertionError: assert '\x00' not in 'image\x00.jpg'
E     
E     '\x00' is contained here:
E       image .jpg
E     ?      +
---------------------------- Captured stderr setup ----------------------------
2025-12-21 15:25:54,479 - DEBUG - LocalStorage initialized at C:\Users\dboyn\AppData\Local\Temp\media_test_v_836mpj\uploads_4068
2025-12-21 15:25:54,484 - DEBUG - Found ffprobe at C:\ProgramData\chocolatey\bin\ffprobe.EXE
2025-12-21 15:25:54,484 - DEBUG - Executed query: -- Media files table
CREATE TABLE IF NOT EXISTS media_files (
    id INTEGER PRIMARY KEY,
    filena...
2025-12-21 15:25:54,484 - DEBUG - Executed query: -- Thumbnails table
CREATE TABLE IF NOT EXISTS media_thumbnails (
    id INTEGER PRIMARY KEY,
    me...
2025-12-21 15:25:54,484 - DEBUG - Executed query: -- Proxied content cache table
CREATE TABLE IF NOT EXISTS media_proxy_cache (
    id INTEGER PRIMARY...
2025-12-21 15:25:54,485 - DEBUG - Executed query: -- Indexes
CREATE INDEX IF NOT EXISTS idx_media_files_uploaded_by ON media_files(uploaded_by)...
2025-12-21 15:25:54,485 - DEBUG - Executed query: CREATE INDEX IF NOT EXISTS idx_media_files_content_type ON media_files(content_type)...
2025-12-21 15:25:54,485 - DEBUG - Executed query: CREATE INDEX IF NOT EXISTS idx_media_files_storage_backend ON media_files(storage_backend)...
2025-12-21 15:25:54,485 - DEBUG - Executed query: CREATE INDEX IF NOT EXISTS idx_media_files_scan_status ON media_files(scan_status)...
2025-12-21 15:25:54,485 - DEBUG - Executed query: CREATE INDEX IF NOT EXISTS idx_media_thumbnails_file ON media_thumbnails(media_file_id)...
2025-12-21 15:25:54,485 - DEBUG - Executed query: CREATE INDEX IF NOT EXISTS idx_media_proxy_cache_url ON media_proxy_cache(source_url)...
2025-12-21 15:25:54,485 - DEBUG - Executed query: CREATE INDEX IF NOT EXISTS idx_media_proxy_cache_expires ON media_proxy_cache(expires_at)...
2025-12-21 15:25:54,485 - INFO - Media tables created successfully
2025-12-21 15:25:54,485 - DEBUG - Executed query: 
            CREATE TABLE IF NOT EXISTS media_rate_limits (
                user_id BIGINT NOT NULL,...
2025-12-21 15:25:54,485 - DEBUG - Executed query: 
            CREATE INDEX IF NOT EXISTS idx_media_rate_limits_user 
            ON media_rate_limits...
2025-12-21 15:25:54,486 - INFO - Media module initialized
2025-12-21 15:25:54,486 - DEBUG - Executed query: -- File hashes for deduplication
CREATE TABLE IF NOT EXISTS media_file_hashes (
    id INTEGER PRIMA...
2025-12-21 15:25:54,486 - DEBUG - Executed query: -- Hash reports for content moderation
CREATE TABLE IF NOT EXISTS media_hash_reports (
    id INTEGE...
2025-12-21 15:25:54,486 - DEBUG - Executed query: -- Blocked hashes (supports both SHA256 and pHash)
CREATE TABLE IF NOT EXISTS media_blocked_hashes (...
2025-12-21 15:25:54,486 - DEBUG - Executed query: -- Blocked users (banned from uploading)
CREATE TABLE IF NOT EXISTS media_blocked_users (
    user_i...
2025-12-21 15:25:54,486 - DEBUG - Executed query: -- Indexes
CREATE INDEX IF NOT EXISTS idx_media_file_hashes_hash ON media_file_hashes(hash_value)...
2025-12-21 15:25:54,486 - DEBUG - Executed query: CREATE INDEX IF NOT EXISTS idx_media_file_hashes_phash ON media_file_hashes(phash_value)...
2025-12-21 15:25:54,486 - DEBUG - Executed query: CREATE INDEX IF NOT EXISTS idx_media_hash_reports_hash ON media_hash_reports(hash_value)...
2025-12-21 15:25:54,486 - DEBUG - Executed query: CREATE INDEX IF NOT EXISTS idx_media_hash_reports_phash ON media_hash_reports(phash_value)...
2025-12-21 15:25:54,486 - DEBUG - Executed query: CREATE INDEX IF NOT EXISTS idx_media_hash_reports_status ON media_hash_reports(status)...
2025-12-21 15:25:54,487 - DEBUG - Executed query: CREATE INDEX IF NOT EXISTS idx_media_hash_reports_reporter ON media_hash_reports(reporter_id)...
2025-12-21 15:25:54,487 - DEBUG - Executed query: CREATE INDEX IF NOT EXISTS idx_media_blocked_hashes_type ON media_blocked_hashes(hash_type)...
2025-12-21 15:25:54,558 - DEBUG - Executed query: -- Chunked upload sessions
CREATE TABLE IF NOT EXISTS media_upload_sessions (
    id TEXT PRIMARY KE...
2025-12-21 15:25:54,558 - DEBUG - Executed query: -- Indexes
CREATE INDEX IF NOT EXISTS idx_upload_sessions_user ON media_upload_sessions(user_id)...
2025-12-21 15:25:54,558 - DEBUG - Executed query: CREATE INDEX IF NOT EXISTS idx_upload_sessions_status ON media_upload_sessions(status)...
2025-12-21 15:25:54,559 - DEBUG - Executed query: CREATE INDEX IF NOT EXISTS idx_upload_sessions_expires ON media_upload_sessions(expires_at)...
----------------------------- Captured log setup ------------------------------
DEBUG    AppLogger:__init__.py:86 LocalStorage initialized at C:\Users\dboyn\AppData\Local\Temp\media_test_v_836mpj\uploads_4068
DEBUG    AppLogger:__init__.py:86 Found ffprobe at C:\ProgramData\chocolatey\bin\ffprobe.EXE
DEBUG    AppLogger:__init__.py:86 Executed query: -- Media files table
CREATE TABLE IF NOT EXISTS media_files (
    id INTEGER PRIMARY KEY,
    filena...
DEBUG    AppLogger:__init__.py:86 Executed query: -- Thumbnails table
CREATE TABLE IF NOT EXISTS media_thumbnails (
    id INTEGER PRIMARY KEY,
    me...
DEBUG    AppLogger:__init__.py:86 Executed query: -- Proxied content cache table
CREATE TABLE IF NOT EXISTS media_proxy_cache (
    id INTEGER PRIMARY...
DEBUG    AppLogger:__init__.py:86 Executed query: -- Indexes
CREATE INDEX IF NOT EXISTS idx_media_files_uploaded_by ON media_files(uploaded_by)...
DEBUG    AppLogger:__init__.py:86 Executed query: CREATE INDEX IF NOT EXISTS idx_media_files_content_type ON media_files(content_type)...
DEBUG    AppLogger:__init__.py:86 Executed query: CREATE INDEX IF NOT EXISTS idx_media_files_storage_backend ON media_files(storage_backend)...
DEBUG    AppLogger:__init__.py:86 Executed query: CREATE INDEX IF NOT EXISTS idx_media_files_scan_status ON media_files(scan_status)...
DEBUG    AppLogger:__init__.py:86 Executed query: CREATE INDEX IF NOT EXISTS idx_media_thumbnails_file ON media_thumbnails(media_file_id)...
DEBUG    AppLogger:__init__.py:86 Executed query: CREATE INDEX IF NOT EXISTS idx_media_proxy_cache_url ON media_proxy_cache(source_url)...
DEBUG    AppLogger:__init__.py:86 Executed query: CREATE INDEX IF NOT EXISTS idx_media_proxy_cache_expires ON media_proxy_cache(expires_at)...
INFO     AppLogger:__init__.py:90 Media tables created successfully
DEBUG    AppLogger:__init__.py:86 Executed query: 
            CREATE TABLE IF NOT EXISTS media_rate_limits (
                user_id BIGINT NOT NULL,...
DEBUG    AppLogger:__init__.py:86 Executed query: 
            CREATE INDEX IF NOT EXISTS idx_media_rate_limits_user 
            ON media_rate_limits...
INFO     AppLogger:__init__.py:90 Media module initialized
DEBUG    AppLogger:__init__.py:86 Executed query: -- File hashes for deduplication
CREATE TABLE IF NOT EXISTS media_file_hashes (
    id INTEGER PRIMA...
DEBUG    AppLogger:__init__.py:86 Executed query: -- Hash reports for content moderation
CREATE TABLE IF NOT EXISTS media_hash_reports (
    id INTEGE...
DEBUG    AppLogger:__init__.py:86 Executed query: -- Blocked hashes (supports both SHA256 and pHash)
CREATE TABLE IF NOT EXISTS media_blocked_hashes (...
DEBUG    AppLogger:__init__.py:86 Executed query: -- Blocked users (banned from uploading)
CREATE TABLE IF NOT EXISTS media_blocked_users (
    user_i...
DEBUG    AppLogger:__init__.py:86 Executed query: -- Indexes
CREATE INDEX IF NOT EXISTS idx_media_file_hashes_hash ON media_file_hashes(hash_value)...
DEBUG    AppLogger:__init__.py:86 Executed query: CREATE INDEX IF NOT EXISTS idx_media_file_hashes_phash ON media_file_hashes(phash_value)...
DEBUG    AppLogger:__init__.py:86 Executed query: CREATE INDEX IF NOT EXISTS idx_media_hash_reports_hash ON media_hash_reports(hash_value)...
DEBUG    AppLogger:__init__.py:86 Executed query: CREATE INDEX IF NOT EXISTS idx_media_hash_reports_phash ON media_hash_reports(phash_value)...
DEBUG    AppLogger:__init__.py:86 Executed query: CREATE INDEX IF NOT EXISTS idx_media_hash_reports_status ON media_hash_reports(status)...
DEBUG    AppLogger:__init__.py:86 Executed query: CREATE INDEX IF NOT EXISTS idx_media_hash_reports_reporter ON media_hash_reports(reporter_id)...
DEBUG    AppLogger:__init__.py:86 Executed query: CREATE INDEX IF NOT EXISTS idx_media_blocked_hashes_type ON media_blocked_hashes(hash_type)...
DEBUG    AppLogger:__init__.py:86 Executed query: -- Chunked upload sessions
CREATE TABLE IF NOT EXISTS media_upload_sessions (
    id TEXT PRIMARY KE...
DEBUG    AppLogger:__init__.py:86 Executed query: -- Indexes
CREATE INDEX IF NOT EXISTS idx_upload_sessions_user ON media_upload_sessions(user_id)...
DEBUG    AppLogger:__init__.py:86 Executed query: CREATE INDEX IF NOT EXISTS idx_upload_sessions_status ON media_upload_sessions(status)...
DEBUG    AppLogger:__init__.py:86 Executed query: CREATE INDEX IF NOT EXISTS idx_upload_sessions_expires ON media_upload_sessions(expires_at)...
---------------------------- Captured stderr call -----------------------------
2025-12-21 15:25:54,560 - DEBUG - Executed query: SELECT upload_count FROM media_rate_limits 
               WHERE user_id = ? AND window_type = ? AND...
2025-12-21 15:25:54,560 - DEBUG - Executed query: SELECT upload_count FROM media_rate_limits 
               WHERE user_id = ? AND window_type = ? AND...
2025-12-21 15:25:54,560 - DEBUG - Executed query: SELECT total_size FROM media_rate_limits 
               WHERE user_id = ? AND window_type = ? AND w...
2025-12-21 15:25:54,560 - DEBUG - Executed query: -- File hashes for deduplication
CREATE TABLE IF NOT EXISTS media_file_hashes (
    id INTEGER PRIMA...
2025-12-21 15:25:54,561 - DEBUG - Executed query: -- Hash reports for content moderation
CREATE TABLE IF NOT EXISTS media_hash_reports (
    id INTEGE...
2025-12-21 15:25:54,561 - DEBUG - Executed query: -- Blocked hashes (supports both SHA256 and pHash)
CREATE TABLE IF NOT EXISTS media_blocked_hashes (...
2025-12-21 15:25:54,561 - DEBUG - Executed query: -- Blocked users (banned from uploading)
CREATE TABLE IF NOT EXISTS media_blocked_users (
    user_i...
2025-12-21 15:25:54,561 - DEBUG - Executed query: -- Indexes
CREATE INDEX IF NOT EXISTS idx_media_file_hashes_hash ON media_file_hashes(hash_value)...
2025-12-21 15:25:54,561 - DEBUG - Executed query: CREATE INDEX IF NOT EXISTS idx_media_file_hashes_phash ON media_file_hashes(phash_value)...
2025-12-21 15:25:54,561 - DEBUG - Executed query: CREATE INDEX IF NOT EXISTS idx_media_hash_reports_hash ON media_hash_reports(hash_value)...
2025-12-21 15:25:54,561 - DEBUG - Executed query: CREATE INDEX IF NOT EXISTS idx_media_hash_reports_phash ON media_hash_reports(phash_value)...
2025-12-21 15:25:54,561 - DEBUG - Executed query: CREATE INDEX IF NOT EXISTS idx_media_hash_reports_status ON media_hash_reports(status)...
2025-12-21 15:25:54,561 - DEBUG - Executed query: CREATE INDEX IF NOT EXISTS idx_media_hash_reports_reporter ON media_hash_reports(reporter_id)...
2025-12-21 15:25:54,562 - DEBUG - Executed query: CREATE INDEX IF NOT EXISTS idx_media_blocked_hashes_type ON media_blocked_hashes(hash_type)...
2025-12-21 15:25:54,635 - DEBUG - Stored file at C:\Users\dboyn\AppData\Local\Temp\media_test_v_836mpj\uploads_4068\image\2025\12\21\d69b815648434a86.jpg (825 bytes)
2025-12-21 15:25:54,635 - DEBUG - Executed query: INSERT INTO media_files
               (id, filename, original_filename, content_type, size, media_t...
2025-12-21 15:25:54,635 - DEBUG - Executed query: SELECT id, reference_count FROM media_file_hashes WHERE hash_value = ?...
2025-12-21 15:25:54,636 - DEBUG - Executed query: UPDATE media_file_hashes SET reference_count = reference_count + 1 WHERE id = ?...
2025-12-21 15:25:54,636 - DEBUG - Executed query: SELECT upload_count, total_size FROM media_rate_limits 
                   WHERE user_id = ? AND win...
2025-12-21 15:25:54,636 - DEBUG - Executed query: UPDATE media_rate_limits 
                       SET upload_count = upload_count + 1, total_size = t...
2025-12-21 15:25:54,636 - DEBUG - Executed query: SELECT upload_count, total_size FROM media_rate_limits 
                   WHERE user_id = ? AND win...
2025-12-21 15:25:54,636 - DEBUG - Executed query: UPDATE media_rate_limits 
                       SET upload_count = upload_count + 1, total_size = t...
2025-12-21 15:25:54,636 - DEBUG - Executed query: SELECT upload_count, total_size FROM media_rate_limits 
                   WHERE user_id = ? AND win...
2025-12-21 15:25:54,636 - DEBUG - Executed query: UPDATE media_rate_limits 
                       SET upload_count = upload_count + 1, total_size = t...
2025-12-21 15:25:54,636 - DEBUG - Executed query: DELETE FROM media_rate_limits WHERE window_start < ?...
2025-12-21 15:25:54,638 - DEBUG - Stored file at C:\Users\dboyn\AppData\Local\Temp\media_test_v_836mpj\uploads_4068\thumbnails\261152276259934208\64.jpg (312 bytes)
2025-12-21 15:25:54,638 - DEBUG - Executed query: INSERT INTO media_thumbnails
                       (id, media_file_id, size, width, height, storage...
2025-12-21 15:25:54,639 - DEBUG - Stored file at C:\Users\dboyn\AppData\Local\Temp\media_test_v_836mpj\uploads_4068\thumbnails\261152276259934208\128.jpg (361 bytes)
2025-12-21 15:25:54,639 - DEBUG - Executed query: INSERT INTO media_thumbnails
                       (id, media_file_id, size, width, height, storage...
2025-12-21 15:25:54,640 - DEBUG - Stored file at C:\Users\dboyn\AppData\Local\Temp\media_test_v_836mpj\uploads_4068\thumbnails\261152276259934208\256.jpg (361 bytes)
2025-12-21 15:25:54,640 - DEBUG - Executed query: INSERT INTO media_thumbnails
                       (id, media_file_id, size, width, height, storage...
2025-12-21 15:25:54,641 - DEBUG - Stored file at C:\Users\dboyn\AppData\Local\Temp\media_test_v_836mpj\uploads_4068\thumbnails\261152276259934208\512.jpg (361 bytes)
2025-12-21 15:25:54,641 - DEBUG - Executed query: INSERT INTO media_thumbnails
                       (id, media_file_id, size, width, height, storage...
2025-12-21 15:25:54,641 - DEBUG - File 261152276259934208 uploaded by user 261152238242762752: image .jpg (backend: local, size: 825)
2025-12-21 15:25:54,641 - DEBUG - Executed query: SELECT * FROM media_files WHERE id = ? AND deleted = 0...
------------------------------ Captured log call ------------------------------
DEBUG    AppLogger:__init__.py:86 Executed query: SELECT upload_count FROM media_rate_limits 
               WHERE user_id = ? AND window_type = ? AND...
DEBUG    AppLogger:__init__.py:86 Executed query: SELECT upload_count FROM media_rate_limits 
               WHERE user_id = ? AND window_type = ? AND...
DEBUG    AppLogger:__init__.py:86 Executed query: SELECT total_size FROM media_rate_limits 
               WHERE user_id = ? AND window_type = ? AND w...
DEBUG    AppLogger:__init__.py:86 Executed query: -- File hashes for deduplication
CREATE TABLE IF NOT EXISTS media_file_hashes (
    id INTEGER PRIMA...
DEBUG    AppLogger:__init__.py:86 Executed query: -- Hash reports for content moderation
CREATE TABLE IF NOT EXISTS media_hash_reports (
    id INTEGE...
DEBUG    AppLogger:__init__.py:86 Executed query: -- Blocked hashes (supports both SHA256 and pHash)
CREATE TABLE IF NOT EXISTS media_blocked_hashes (...
DEBUG    AppLogger:__init__.py:86 Executed query: -- Blocked users (banned from uploading)
CREATE TABLE IF NOT EXISTS media_blocked_users (
    user_i...
DEBUG    AppLogger:__init__.py:86 Executed query: -- Indexes
CREATE INDEX IF NOT EXISTS idx_media_file_hashes_hash ON media_file_hashes(hash_value)...
DEBUG    AppLogger:__init__.py:86 Executed query: CREATE INDEX IF NOT EXISTS idx_media_file_hashes_phash ON media_file_hashes(phash_value)...
DEBUG    AppLogger:__init__.py:86 Executed query: CREATE INDEX IF NOT EXISTS idx_media_hash_reports_hash ON media_hash_reports(hash_value)...
DEBUG    AppLogger:__init__.py:86 Executed query: CREATE INDEX IF NOT EXISTS idx_media_hash_reports_phash ON media_hash_reports(phash_value)...
DEBUG    AppLogger:__init__.py:86 Executed query: CREATE INDEX IF NOT EXISTS idx_media_hash_reports_status ON media_hash_reports(status)...
DEBUG    AppLogger:__init__.py:86 Executed query: CREATE INDEX IF NOT EXISTS idx_media_hash_reports_reporter ON media_hash_reports(reporter_id)...
DEBUG    AppLogger:__init__.py:86 Executed query: CREATE INDEX IF NOT EXISTS idx_media_blocked_hashes_type ON media_blocked_hashes(hash_type)...
DEBUG    AppLogger:__init__.py:86 Stored file at C:\Users\dboyn\AppData\Local\Temp\media_test_v_836mpj\uploads_4068\image\2025\12\21\d69b815648434a86.jpg (825 bytes)
DEBUG    AppLogger:__init__.py:86 Executed query: INSERT INTO media_files
               (id, filename, original_filename, content_type, size, media_t...
DEBUG    AppLogger:__init__.py:86 Executed query: SELECT id, reference_count FROM media_file_hashes WHERE hash_value = ?...
DEBUG    AppLogger:__init__.py:86 Executed query: UPDATE media_file_hashes SET reference_count = reference_count + 1 WHERE id = ?...
DEBUG    AppLogger:__init__.py:86 Executed query: SELECT upload_count, total_size FROM media_rate_limits 
                   WHERE user_id = ? AND win...
DEBUG    AppLogger:__init__.py:86 Executed query: UPDATE media_rate_limits 
                       SET upload_count = upload_count + 1, total_size = t...
DEBUG    AppLogger:__init__.py:86 Executed query: SELECT upload_count, total_size FROM media_rate_limits 
                   WHERE user_id = ? AND win...
DEBUG    AppLogger:__init__.py:86 Executed query: UPDATE media_rate_limits 
                       SET upload_count = upload_count + 1, total_size = t...
DEBUG    AppLogger:__init__.py:86 Executed query: SELECT upload_count, total_size FROM media_rate_limits 
                   WHERE user_id = ? AND win...
DEBUG    AppLogger:__init__.py:86 Executed query: UPDATE media_rate_limits 
                       SET upload_count = upload_count + 1, total_size = t...
DEBUG    AppLogger:__init__.py:86 Executed query: DELETE FROM media_rate_limits WHERE window_start < ?...
DEBUG    AppLogger:__init__.py:86 Stored file at C:\Users\dboyn\AppData\Local\Temp\media_test_v_836mpj\uploads_4068\thumbnails\261152276259934208\64.jpg (312 bytes)
DEBUG    AppLogger:__init__.py:86 Executed query: INSERT INTO media_thumbnails
                       (id, media_file_id, size, width, height, storage...
DEBUG    AppLogger:__init__.py:86 Stored file at C:\Users\dboyn\AppData\Local\Temp\media_test_v_836mpj\uploads_4068\thumbnails\261152276259934208\128.jpg (361 bytes)
DEBUG    AppLogger:__init__.py:86 Executed query: INSERT INTO media_thumbnails
                       (id, media_file_id, size, width, height, storage...
DEBUG    AppLogger:__init__.py:86 Stored file at C:\Users\dboyn\AppData\Local\Temp\media_test_v_836mpj\uploads_4068\thumbnails\261152276259934208\256.jpg (361 bytes)
DEBUG    AppLogger:__init__.py:86 Executed query: INSERT INTO media_thumbnails
                       (id, media_file_id, size, width, height, storage...
DEBUG    AppLogger:__init__.py:86 Stored file at C:\Users\dboyn\AppData\Local\Temp\media_test_v_836mpj\uploads_4068\thumbnails\261152276259934208\512.jpg (361 bytes)
DEBUG    AppLogger:__init__.py:86 Executed query: INSERT INTO media_thumbnails
                       (id, media_file_id, size, width, height, storage...
DEBUG    AppLogger:__init__.py:86 File 261152276259934208 uploaded by user 261152238242762752: image .jpg (backend: local, size: 825)
DEBUG    AppLogger:__init__.py:86 Executed query: SELECT * FROM media_files WHERE id = ? AND deleted = 0...
_ TestFileUploadValidation.test_filename_sanitization_removes_control_characters _
src\tests\media\test_security.py:93: in test_filename_sanitization_removes_control_characters
    assert chr(i) not in stored_file.original_filename
E   AssertionError: assert '\x01' not in 'image\x01\x02\x03\x7f.jpg'
E     
E     '\x01' is contained here:
E       image.jpg
E     ?      +
---------------------------- Captured stderr setup ----------------------------
2025-12-21 15:25:54,657 - DEBUG - LocalStorage initialized at C:\Users\dboyn\AppData\Local\Temp\media_test_v_836mpj\uploads_4068
2025-12-21 15:25:54,662 - DEBUG - Found ffprobe at C:\ProgramData\chocolatey\bin\ffprobe.EXE
2025-12-21 15:25:54,662 - DEBUG - Executed query: -- Media files table
CREATE TABLE IF NOT EXISTS media_files (
    id INTEGER PRIMARY KEY,
    filena...
2025-12-21 15:25:54,663 - DEBUG - Executed query: -- Thumbnails table
CREATE TABLE IF NOT EXISTS media_thumbnails (
    id INTEGER PRIMARY KEY,
    me...
2025-12-21 15:25:54,663 - DEBUG - Executed query: -- Proxied content cache table
CREATE TABLE IF NOT EXISTS media_proxy_cache (
    id INTEGER PRIMARY...
2025-12-21 15:25:54,663 - DEBUG - Executed query: -- Indexes
CREATE INDEX IF NOT EXISTS idx_media_files_uploaded_by ON media_files(uploaded_by)...
2025-12-21 15:25:54,663 - DEBUG - Executed query: CREATE INDEX IF NOT EXISTS idx_media_files_content_type ON media_files(content_type)...
2025-12-21 15:25:54,663 - DEBUG - Executed query: CREATE INDEX IF NOT EXISTS idx_media_files_storage_backend ON media_files(storage_backend)...
2025-12-21 15:25:54,663 - DEBUG - Executed query: CREATE INDEX IF NOT EXISTS idx_media_files_scan_status ON media_files(scan_status)...
2025-12-21 15:25:54,663 - DEBUG - Executed query: CREATE INDEX IF NOT EXISTS idx_media_thumbnails_file ON media_thumbnails(media_file_id)...
2025-12-21 15:25:54,663 - DEBUG - Executed query: CREATE INDEX IF NOT EXISTS idx_media_proxy_cache_url ON media_proxy_cache(source_url)...
2025-12-21 15:25:54,663 - DEBUG - Executed query: CREATE INDEX IF NOT EXISTS idx_media_proxy_cache_expires ON media_proxy_cache(expires_at)...
2025-12-21 15:25:54,663 - INFO - Media tables created successfully
2025-12-21 15:25:54,664 - DEBUG - Executed query: 
            CREATE TABLE IF NOT EXISTS media_rate_limits (
                user_id BIGINT NOT NULL,...
2025-12-21 15:25:54,664 - DEBUG - Executed query: 
            CREATE INDEX IF NOT EXISTS idx_media_rate_limits_user 
            ON media_rate_limits...
2025-12-21 15:25:54,664 - INFO - Media module initialized
2025-12-21 15:25:54,664 - DEBUG - Executed query: -- File hashes for deduplication
CREATE TABLE IF NOT EXISTS media_file_hashes (
    id INTEGER PRIMA...
2025-12-21 15:25:54,664 - DEBUG - Executed query: -- Hash reports for content moderation
CREATE TABLE IF NOT EXISTS media_hash_reports (
    id INTEGE...
2025-12-21 15:25:54,664 - DEBUG - Executed query: -- Blocked hashes (supports both SHA256 and pHash)
CREATE TABLE IF NOT EXISTS media_blocked_hashes (...
2025-12-21 15:25:54,664 - DEBUG - Executed query: -- Blocked users (banned from uploading)
CREATE TABLE IF NOT EXISTS media_blocked_users (
    user_i...
2025-12-21 15:25:54,664 - DEBUG - Executed query: -- Indexes
CREATE INDEX IF NOT EXISTS idx_media_file_hashes_hash ON media_file_hashes(hash_value)...
2025-12-21 15:25:54,664 - DEBUG - Executed query: CREATE INDEX IF NOT EXISTS idx_media_file_hashes_phash ON media_file_hashes(phash_value)...
2025-12-21 15:25:54,664 - DEBUG - Executed query: CREATE INDEX IF NOT EXISTS idx_media_hash_reports_hash ON media_hash_reports(hash_value)...
2025-12-21 15:25:54,665 - DEBUG - Executed query: CREATE INDEX IF NOT EXISTS idx_media_hash_reports_phash ON media_hash_reports(phash_value)...
2025-12-21 15:25:54,665 - DEBUG - Executed query: CREATE INDEX IF NOT EXISTS idx_media_hash_reports_status ON media_hash_reports(status)...
2025-12-21 15:25:54,665 - DEBUG - Executed query: CREATE INDEX IF NOT EXISTS idx_media_hash_reports_reporter ON media_hash_reports(reporter_id)...
2025-12-21 15:25:54,665 - DEBUG - Executed query: CREATE INDEX IF NOT EXISTS idx_media_blocked_hashes_type ON media_blocked_hashes(hash_type)...
2025-12-21 15:25:54,736 - DEBUG - Executed query: -- Chunked upload sessions
CREATE TABLE IF NOT EXISTS media_upload_sessions (
    id TEXT PRIMARY KE...
2025-12-21 15:25:54,736 - DEBUG - Executed query: -- Indexes
CREATE INDEX IF NOT EXISTS idx_upload_sessions_user ON media_upload_sessions(user_id)...
2025-12-21 15:25:54,736 - DEBUG - Executed query: CREATE INDEX IF NOT EXISTS idx_upload_sessions_status ON media_upload_sessions(status)...
2025-12-21 15:25:54,736 - DEBUG - Executed query: CREATE INDEX IF NOT EXISTS idx_upload_sessions_expires ON media_upload_sessions(expires_at)...
----------------------------- Captured log setup ------------------------------
DEBUG    AppLogger:__init__.py:86 LocalStorage initialized at C:\Users\dboyn\AppData\Local\Temp\media_test_v_836mpj\uploads_4068
DEBUG    AppLogger:__init__.py:86 Found ffprobe at C:\ProgramData\chocolatey\bin\ffprobe.EXE
DEBUG    AppLogger:__init__.py:86 Executed query: -- Media files table
CREATE TABLE IF NOT EXISTS media_files (
    id INTEGER PRIMARY KEY,
    filena...
DEBUG    AppLogger:__init__.py:86 Executed query: -- Thumbnails table
CREATE TABLE IF NOT EXISTS media_thumbnails (
    id INTEGER PRIMARY KEY,
    me...
DEBUG    AppLogger:__init__.py:86 Executed query: -- Proxied content cache table
CREATE TABLE IF NOT EXISTS media_proxy_cache (
    id INTEGER PRIMARY...
DEBUG    AppLogger:__init__.py:86 Executed query: -- Indexes
CREATE INDEX IF NOT EXISTS idx_media_files_uploaded_by ON media_files(uploaded_by)...
DEBUG    AppLogger:__init__.py:86 Executed query: CREATE INDEX IF NOT EXISTS idx_media_files_content_type ON media_files(content_type)...
DEBUG    AppLogger:__init__.py:86 Executed query: CREATE INDEX IF NOT EXISTS idx_media_files_storage_backend ON media_files(storage_backend)...
DEBUG    AppLogger:__init__.py:86 Executed query: CREATE INDEX IF NOT EXISTS idx_media_files_scan_status ON media_files(scan_status)...
DEBUG    AppLogger:__init__.py:86 Executed query: CREATE INDEX IF NOT EXISTS idx_media_thumbnails_file ON media_thumbnails(media_file_id)...
DEBUG    AppLogger:__init__.py:86 Executed query: CREATE INDEX IF NOT EXISTS idx_media_proxy_cache_url ON media_proxy_cache(source_url)...
DEBUG    AppLogger:__init__.py:86 Executed query: CREATE INDEX IF NOT EXISTS idx_media_proxy_cache_expires ON media_proxy_cache(expires_at)...
INFO     AppLogger:__init__.py:90 Media tables created successfully
DEBUG    AppLogger:__init__.py:86 Executed query: 
            CREATE TABLE IF NOT EXISTS media_rate_limits (
                user_id BIGINT NOT NULL,...
DEBUG    AppLogger:__init__.py:86 Executed query: 
            CREATE INDEX IF NOT EXISTS idx_media_rate_limits_user 
            ON media_rate_limits...
INFO     AppLogger:__init__.py:90 Media module initialized
DEBUG    AppLogger:__init__.py:86 Executed query: -- File hashes for deduplication
CREATE TABLE IF NOT EXISTS media_file_hashes (
    id INTEGER PRIMA...
DEBUG    AppLogger:__init__.py:86 Executed query: -- Hash reports for content moderation
CREATE TABLE IF NOT EXISTS media_hash_reports (
    id INTEGE...
DEBUG    AppLogger:__init__.py:86 Executed query: -- Blocked hashes (supports both SHA256 and pHash)
CREATE TABLE IF NOT EXISTS media_blocked_hashes (...
DEBUG    AppLogger:__init__.py:86 Executed query: -- Blocked users (banned from uploading)
CREATE TABLE IF NOT EXISTS media_blocked_users (
    user_i...
DEBUG    AppLogger:__init__.py:86 Executed query: -- Indexes
CREATE INDEX IF NOT EXISTS idx_media_file_hashes_hash ON media_file_hashes(hash_value)...
DEBUG    AppLogger:__init__.py:86 Executed query: CREATE INDEX IF NOT EXISTS idx_media_file_hashes_phash ON media_file_hashes(phash_value)...
DEBUG    AppLogger:__init__.py:86 Executed query: CREATE INDEX IF NOT EXISTS idx_media_hash_reports_hash ON media_hash_reports(hash_value)...
DEBUG    AppLogger:__init__.py:86 Executed query: CREATE INDEX IF NOT EXISTS idx_media_hash_reports_phash ON media_hash_reports(phash_value)...
DEBUG    AppLogger:__init__.py:86 Executed query: CREATE INDEX IF NOT EXISTS idx_media_hash_reports_status ON media_hash_reports(status)...
DEBUG    AppLogger:__init__.py:86 Executed query: CREATE INDEX IF NOT EXISTS idx_media_hash_reports_reporter ON media_hash_reports(reporter_id)...
DEBUG    AppLogger:__init__.py:86 Executed query: CREATE INDEX IF NOT EXISTS idx_media_blocked_hashes_type ON media_blocked_hashes(hash_type)...
DEBUG    AppLogger:__init__.py:86 Executed query: -- Chunked upload sessions
CREATE TABLE IF NOT EXISTS media_upload_sessions (
    id TEXT PRIMARY KE...
DEBUG    AppLogger:__init__.py:86 Executed query: -- Indexes
CREATE INDEX IF NOT EXISTS idx_upload_sessions_user ON media_upload_sessions(user_id)...
DEBUG    AppLogger:__init__.py:86 Executed query: CREATE INDEX IF NOT EXISTS idx_upload_sessions_status ON media_upload_sessions(status)...
DEBUG    AppLogger:__init__.py:86 Executed query: CREATE INDEX IF NOT EXISTS idx_upload_sessions_expires ON media_upload_sessions(expires_at)...
---------------------------- Captured stderr call -----------------------------
2025-12-21 15:25:54,738 - DEBUG - Executed query: SELECT upload_count FROM media_rate_limits 
               WHERE user_id = ? AND window_type = ? AND...
2025-12-21 15:25:54,738 - DEBUG - Executed query: SELECT upload_count FROM media_rate_limits 
               WHERE user_id = ? AND window_type = ? AND...
2025-12-21 15:25:54,738 - DEBUG - Executed query: SELECT total_size FROM media_rate_limits 
               WHERE user_id = ? AND window_type = ? AND w...
2025-12-21 15:25:54,738 - DEBUG - Executed query: -- File hashes for deduplication
CREATE TABLE IF NOT EXISTS media_file_hashes (
    id INTEGER PRIMA...
2025-12-21 15:25:54,738 - DEBUG - Executed query: -- Hash reports for content moderation
CREATE TABLE IF NOT EXISTS media_hash_reports (
    id INTEGE...
2025-12-21 15:25:54,738 - DEBUG - Executed query: -- Blocked hashes (supports both SHA256 and pHash)
CREATE TABLE IF NOT EXISTS media_blocked_hashes (...
2025-12-21 15:25:54,739 - DEBUG - Executed query: -- Blocked users (banned from uploading)
CREATE TABLE IF NOT EXISTS media_blocked_users (
    user_i...
2025-12-21 15:25:54,739 - DEBUG - Executed query: -- Indexes
CREATE INDEX IF NOT EXISTS idx_media_file_hashes_hash ON media_file_hashes(hash_value)...
2025-12-21 15:25:54,739 - DEBUG - Executed query: CREATE INDEX IF NOT EXISTS idx_media_file_hashes_phash ON media_file_hashes(phash_value)...
2025-12-21 15:25:54,739 - DEBUG - Executed query: CREATE INDEX IF NOT EXISTS idx_media_hash_reports_hash ON media_hash_reports(hash_value)...
2025-12-21 15:25:54,739 - DEBUG - Executed query: CREATE INDEX IF NOT EXISTS idx_media_hash_reports_phash ON media_hash_reports(phash_value)...
2025-12-21 15:25:54,739 - DEBUG - Executed query: CREATE INDEX IF NOT EXISTS idx_media_hash_reports_status ON media_hash_reports(status)...
2025-12-21 15:25:54,739 - DEBUG - Executed query: CREATE INDEX IF NOT EXISTS idx_media_hash_reports_reporter ON media_hash_reports(reporter_id)...
2025-12-21 15:25:54,739 - DEBUG - Executed query: CREATE INDEX IF NOT EXISTS idx_media_blocked_hashes_type ON media_blocked_hashes(hash_type)...
2025-12-21 15:25:54,813 - DEBUG - Stored file at C:\Users\dboyn\AppData\Local\Temp\media_test_v_836mpj\uploads_4068\image\2025\12\21\d0e0c6ba715b43ce.jpg (825 bytes)
2025-12-21 15:25:54,813 - DEBUG - Executed query: INSERT INTO media_files
               (id, filename, original_filename, content_type, size, media_t...
2025-12-21 15:25:54,813 - DEBUG - Executed query: SELECT id, reference_count FROM media_file_hashes WHERE hash_value = ?...
2025-12-21 15:25:54,814 - DEBUG - Executed query: UPDATE media_file_hashes SET reference_count = reference_count + 1 WHERE id = ?...
2025-12-21 15:25:54,814 - DEBUG - Executed query: SELECT upload_count, total_size FROM media_rate_limits 
                   WHERE user_id = ? AND win...
2025-12-21 15:25:54,814 - DEBUG - Executed query: UPDATE media_rate_limits 
                       SET upload_count = upload_count + 1, total_size = t...
2025-12-21 15:25:54,814 - DEBUG - Executed query: SELECT upload_count, total_size FROM media_rate_limits 
                   WHERE user_id = ? AND win...
2025-12-21 15:25:54,814 - DEBUG - Executed query: UPDATE media_rate_limits 
                       SET upload_count = upload_count + 1, total_size = t...
2025-12-21 15:25:54,814 - DEBUG - Executed query: SELECT upload_count, total_size FROM media_rate_limits 
                   WHERE user_id = ? AND win...
2025-12-21 15:25:54,814 - DEBUG - Executed query: UPDATE media_rate_limits 
                       SET upload_count = upload_count + 1, total_size = t...
2025-12-21 15:25:54,815 - DEBUG - Executed query: DELETE FROM media_rate_limits WHERE window_start < ?...
2025-12-21 15:25:54,816 - DEBUG - Stored file at C:\Users\dboyn\AppData\Local\Temp\media_test_v_836mpj\uploads_4068\thumbnails\261152277006520320\64.jpg (312 bytes)
2025-12-21 15:25:54,816 - DEBUG - Executed query: INSERT INTO media_thumbnails
                       (id, media_file_id, size, width, height, storage...
2025-12-21 15:25:54,817 - DEBUG - Stored file at C:\Users\dboyn\AppData\Local\Temp\media_test_v_836mpj\uploads_4068\thumbnails\261152277006520320\128.jpg (361 bytes)
2025-12-21 15:25:54,817 - DEBUG - Executed query: INSERT INTO media_thumbnails
                       (id, media_file_id, size, width, height, storage...
2025-12-21 15:25:54,818 - DEBUG - Stored file at C:\Users\dboyn\AppData\Local\Temp\media_test_v_836mpj\uploads_4068\thumbnails\261152277006520320\256.jpg (361 bytes)
2025-12-21 15:25:54,818 - DEBUG - Executed query: INSERT INTO media_thumbnails
                       (id, media_file_id, size, width, height, storage...
2025-12-21 15:25:54,819 - DEBUG - Stored file at C:\Users\dboyn\AppData\Local\Temp\media_test_v_836mpj\uploads_4068\thumbnails\261152277006520320\512.jpg (361 bytes)
2025-12-21 15:25:54,819 - DEBUG - Executed query: INSERT INTO media_thumbnails
                       (id, media_file_id, size, width, height, storage...
2025-12-21 15:25:54,819 - DEBUG - File 261152277006520320 uploaded by user 261152238242762752: image.jpg (backend: local, size: 825)
2025-12-21 15:25:54,819 - DEBUG - Executed query: SELECT * FROM media_files WHERE id = ? AND deleted = 0...
------------------------------ Captured log call ------------------------------
DEBUG    AppLogger:__init__.py:86 Executed query: SELECT upload_count FROM media_rate_limits 
               WHERE user_id = ? AND window_type = ? AND...
DEBUG    AppLogger:__init__.py:86 Executed query: SELECT upload_count FROM media_rate_limits 
               WHERE user_id = ? AND window_type = ? AND...
DEBUG    AppLogger:__init__.py:86 Executed query: SELECT total_size FROM media_rate_limits 
               WHERE user_id = ? AND window_type = ? AND w...
DEBUG    AppLogger:__init__.py:86 Executed query: -- File hashes for deduplication
CREATE TABLE IF NOT EXISTS media_file_hashes (
    id INTEGER PRIMA...
DEBUG    AppLogger:__init__.py:86 Executed query: -- Hash reports for content moderation
CREATE TABLE IF NOT EXISTS media_hash_reports (
    id INTEGE...
DEBUG    AppLogger:__init__.py:86 Executed query: -- Blocked hashes (supports both SHA256 and pHash)
CREATE TABLE IF NOT EXISTS media_blocked_hashes (...
DEBUG    AppLogger:__init__.py:86 Executed query: -- Blocked users (banned from uploading)
CREATE TABLE IF NOT EXISTS media_blocked_users (
    user_i...
DEBUG    AppLogger:__init__.py:86 Executed query: -- Indexes
CREATE INDEX IF NOT EXISTS idx_media_file_hashes_hash ON media_file_hashes(hash_value)...
DEBUG    AppLogger:__init__.py:86 Executed query: CREATE INDEX IF NOT EXISTS idx_media_file_hashes_phash ON media_file_hashes(phash_value)...
DEBUG    AppLogger:__init__.py:86 Executed query: CREATE INDEX IF NOT EXISTS idx_media_hash_reports_hash ON media_hash_reports(hash_value)...
DEBUG    AppLogger:__init__.py:86 Executed query: CREATE INDEX IF NOT EXISTS idx_media_hash_reports_phash ON media_hash_reports(phash_value)...
DEBUG    AppLogger:__init__.py:86 Executed query: CREATE INDEX IF NOT EXISTS idx_media_hash_reports_status ON media_hash_reports(status)...
DEBUG    AppLogger:__init__.py:86 Executed query: CREATE INDEX IF NOT EXISTS idx_media_hash_reports_reporter ON media_hash_reports(reporter_id)...
DEBUG    AppLogger:__init__.py:86 Executed query: CREATE INDEX IF NOT EXISTS idx_media_blocked_hashes_type ON media_blocked_hashes(hash_type)...
DEBUG    AppLogger:__init__.py:86 Stored file at C:\Users\dboyn\AppData\Local\Temp\media_test_v_836mpj\uploads_4068\image\2025\12\21\d0e0c6ba715b43ce.jpg (825 bytes)
DEBUG    AppLogger:__init__.py:86 Executed query: INSERT INTO media_files
               (id, filename, original_filename, content_type, size, media_t...
DEBUG    AppLogger:__init__.py:86 Executed query: SELECT id, reference_count FROM media_file_hashes WHERE hash_value = ?...
DEBUG    AppLogger:__init__.py:86 Executed query: UPDATE media_file_hashes SET reference_count = reference_count + 1 WHERE id = ?...
DEBUG    AppLogger:__init__.py:86 Executed query: SELECT upload_count, total_size FROM media_rate_limits 
                   WHERE user_id = ? AND win...
DEBUG    AppLogger:__init__.py:86 Executed query: UPDATE media_rate_limits 
                       SET upload_count = upload_count + 1, total_size = t...
DEBUG    AppLogger:__init__.py:86 Executed query: SELECT upload_count, total_size FROM media_rate_limits 
                   WHERE user_id = ? AND win...
DEBUG    AppLogger:__init__.py:86 Executed query: UPDATE media_rate_limits 
                       SET upload_count = upload_count + 1, total_size = t...
DEBUG    AppLogger:__init__.py:86 Executed query: SELECT upload_count, total_size FROM media_rate_limits 
                   WHERE user_id = ? AND win...
DEBUG    AppLogger:__init__.py:86 Executed query: UPDATE media_rate_limits 
                       SET upload_count = upload_count + 1, total_size = t...
DEBUG    AppLogger:__init__.py:86 Executed query: DELETE FROM media_rate_limits WHERE window_start < ?...
DEBUG    AppLogger:__init__.py:86 Stored file at C:\Users\dboyn\AppData\Local\Temp\media_test_v_836mpj\uploads_4068\thumbnails\261152277006520320\64.jpg (312 bytes)
DEBUG    AppLogger:__init__.py:86 Executed query: INSERT INTO media_thumbnails
                       (id, media_file_id, size, width, height, storage...
DEBUG    AppLogger:__init__.py:86 Stored file at C:\Users\dboyn\AppData\Local\Temp\media_test_v_836mpj\uploads_4068\thumbnails\261152277006520320\128.jpg (361 bytes)
DEBUG    AppLogger:__init__.py:86 Executed query: INSERT INTO media_thumbnails
                       (id, media_file_id, size, width, height, storage...
DEBUG    AppLogger:__init__.py:86 Stored file at C:\Users\dboyn\AppData\Local\Temp\media_test_v_836mpj\uploads_4068\thumbnails\261152277006520320\256.jpg (361 bytes)
DEBUG    AppLogger:__init__.py:86 Executed query: INSERT INTO media_thumbnails
                       (id, media_file_id, size, width, height, storage...
DEBUG    AppLogger:__init__.py:86 Stored file at C:\Users\dboyn\AppData\Local\Temp\media_test_v_836mpj\uploads_4068\thumbnails\261152277006520320\512.jpg (361 bytes)
DEBUG    AppLogger:__init__.py:86 Executed query: INSERT INTO media_thumbnails
                       (id, media_file_id, size, width, height, storage...
DEBUG    AppLogger:__init__.py:86 File 261152277006520320 uploaded by user 261152238242762752: image.jpg (backend: local, size: 825)
DEBUG    AppLogger:__init__.py:86 Executed query: SELECT * FROM media_files WHERE id = ? AND deleted = 0...
______ TestFileUploadValidation.test_filename_sanitization_limits_length ______
src\tests\media\test_security.py:110: in test_filename_sanitization_limits_length
    assert len(stored_file.original_filename) <= 250
E   AssertionError: assert 504 <= 250
E    +  where 504 = len('aaaaaaaaaaaaaaaaaaaaaaaaaaaaaaaaaaaaaaaaaaaaaaaaaaaaaaaaaaaaaaaaaaaaaaaaaaaaaaaaaaaaaaaaaaaaaaaaaaaaaaaaaaaaaaaaaaaaaaaaaaaaaaaaaaaaaaaaaaaaaaaaaaaaaaaaaaaaaaaaaaaaaaaaaaaaaaaaaaaaaaaaaaaaaaaaaaaaaaaaaaaaaaaaaaaaaaaaaaaaaaaaaaaaaaaaaaaaaaaaaaaaaaaaaaaaaaaaaaaaaaaaaaaaaaaaaaaaaaaaaaaaaaaaaaaaaaaaaaaaaaaaaaaaaaaaaaaaaaaaaaaaaaaaaaaaaaaaaaaaaaaaaaaaaaaaaaaaaaaaaaaaaaaaaaaaaaaaaaaaaaaaaaaaaaaaaaaaaaaaaaaaaaaaaaaaaaaaaaaaaaaaaaaaaaaaaaaaaaaaaaaaaaaaaaaaaaaaaaaaaaaaaaaaaaaaaaaaaaaaaaaaaaaaaaaaaaaaaaaa.jpg')
E    +    where 'aaaaaaaaaaaaaaaaaaaaaaaaaaaaaaaaaaaaaaaaaaaaaaaaaaaaaaaaaaaaaaaaaaaaaaaaaaaaaaaaaaaaaaaaaaaaaaaaaaaaaaaaaaaaaaaaaaaaaaaaaaaaaaaaaaaaaaaaaaaaaaaaaaaaaaaaaaaaaaaaaaaaaaaaaaaaaaaaaaaaaaaaaaaaaaaaaaaaaaaaaaaaaaaaaaaaaaaaaaaaaaaaaaaaaaaaaaaaaaaaaaaaaaaaaaaaaaaaaaaaaaaaaaaaaaaaaaaaaaaaaaaaaaaaaaaaaaaaaaaaaaaaaaaaaaaaaaaaaaaaaaaaaaaaaaaaaaaaaaaaaaaaaaaaaaaaaaaaaaaaaaaaaaaaaaaaaaaaaaaaaaaaaaaaaaaaaaaaaaaaaaaaaaaaaaaaaaaaaaaaaaaaaaaaaaaaaaaaaaaaaaaaaaaaaaaaaaaaaaaaaaaaaaaaaaaaaaaaaaaaaaaaaaaaaaaaaaaaaaaa.jpg' = MediaFile(id=261152277761495040, filename='7cf24e89d3374008.jpg', original_filename='aaaaaaaaaaaaaaaaaaaaaaaaaaaaaaaaaaaaaaaaaaaaaaaaaaaaaaaaaaaaaaaaaaaaaaaaaaaaaaaaaaaaaaaaaaaaaaaaaaaaaaaaaaaaaaaaaaaaaaaaaaaaaaaaaaaaaaaaaaaaaaaaaaaaaaaaaaaaaaaaaaaaaaaaaaaaaaaaaaaaaaaaaaaaaaaaaaaaaaaaaaaaaaaaaaaaaaaaaaaaaaaaaaaaaaaaaaaaaaaaaaaaaaaaaaaaaaaaaaaaaaaaaaaaaaaaaaaaaaaaaaaaaaaaaaaaaaaaaaaaaaaaaaaaaaaaaaaaaaaaaaaaaaaaaaaaaaaaaaaaaaaaaaaaaaaaaaaaaaaaaaaaaaaaaaaaaaaaaaaaaaaaaaaaaaaaaaaaaaaaaaaaaaaaaaaaaaaaaaaaaaaaaaaaaaaaaaaaaaaaaaaaaaaaaaaaaaaaaaaaaaaaaaaaaaaaaaaaaaaaaaaaaaaaaaaaaaaaaaaa.jpg', content_type='image/jpeg', size=825, media_type=<MediaType.IMAGE: 'image'>, storage_backend=<StorageBackend.LOCAL: 'local'>, storage_path='image/2025/12/21/7cf24e89d3374008.jpg', url='/media/image/2025/12/21/7cf24e89d3374008.jpg', checksum='323982c8947d29cab20d05f48ad22a0d2257ac701a9ef4147f40646f39e85598', uploaded_by=261152238242762752, uploaded_at=1766330754993, metadata={'width': 100, 'height': 100, 'format': 'JPEG', 'has_alpha': False, 'animated': False}, scan_status=<ScanStatus.SKIPPED: 'skipped'>, scan_result=None, deleted=False, deleted_at=None).original_filename
---------------------------- Captured stderr setup ----------------------------
2025-12-21 15:25:54,835 - DEBUG - LocalStorage initialized at C:\Users\dboyn\AppData\Local\Temp\media_test_v_836mpj\uploads_4068
2025-12-21 15:25:54,840 - DEBUG - Found ffprobe at C:\ProgramData\chocolatey\bin\ffprobe.EXE
2025-12-21 15:25:54,840 - DEBUG - Executed query: -- Media files table
CREATE TABLE IF NOT EXISTS media_files (
    id INTEGER PRIMARY KEY,
    filena...
2025-12-21 15:25:54,840 - DEBUG - Executed query: -- Thumbnails table
CREATE TABLE IF NOT EXISTS media_thumbnails (
    id INTEGER PRIMARY KEY,
    me...
2025-12-21 15:25:54,840 - DEBUG - Executed query: -- Proxied content cache table
CREATE TABLE IF NOT EXISTS media_proxy_cache (
    id INTEGER PRIMARY...
2025-12-21 15:25:54,840 - DEBUG - Executed query: -- Indexes
CREATE INDEX IF NOT EXISTS idx_media_files_uploaded_by ON media_files(uploaded_by)...
2025-12-21 15:25:54,840 - DEBUG - Executed query: CREATE INDEX IF NOT EXISTS idx_media_files_content_type ON media_files(content_type)...
2025-12-21 15:25:54,840 - DEBUG - Executed query: CREATE INDEX IF NOT EXISTS idx_media_files_storage_backend ON media_files(storage_backend)...
2025-12-21 15:25:54,840 - DEBUG - Executed query: CREATE INDEX IF NOT EXISTS idx_media_files_scan_status ON media_files(scan_status)...
2025-12-21 15:25:54,841 - DEBUG - Executed query: CREATE INDEX IF NOT EXISTS idx_media_thumbnails_file ON media_thumbnails(media_file_id)...
2025-12-21 15:25:54,841 - DEBUG - Executed query: CREATE INDEX IF NOT EXISTS idx_media_proxy_cache_url ON media_proxy_cache(source_url)...
2025-12-21 15:25:54,841 - DEBUG - Executed query: CREATE INDEX IF NOT EXISTS idx_media_proxy_cache_expires ON media_proxy_cache(expires_at)...
2025-12-21 15:25:54,841 - INFO - Media tables created successfully
2025-12-21 15:25:54,841 - DEBUG - Executed query: 
            CREATE TABLE IF NOT EXISTS media_rate_limits (
                user_id BIGINT NOT NULL,...
2025-12-21 15:25:54,841 - DEBUG - Executed query: 
            CREATE INDEX IF NOT EXISTS idx_media_rate_limits_user 
            ON media_rate_limits...
2025-12-21 15:25:54,841 - INFO - Media module initialized
2025-12-21 15:25:54,841 - DEBUG - Executed query: -- File hashes for deduplication
CREATE TABLE IF NOT EXISTS media_file_hashes (
    id INTEGER PRIMA...
2025-12-21 15:25:54,841 - DEBUG - Executed query: -- Hash reports for content moderation
CREATE TABLE IF NOT EXISTS media_hash_reports (
    id INTEGE...
2025-12-21 15:25:54,842 - DEBUG - Executed query: -- Blocked hashes (supports both SHA256 and pHash)
CREATE TABLE IF NOT EXISTS media_blocked_hashes (...
2025-12-21 15:25:54,842 - DEBUG - Executed query: -- Blocked users (banned from uploading)
CREATE TABLE IF NOT EXISTS media_blocked_users (
    user_i...
2025-12-21 15:25:54,842 - DEBUG - Executed query: -- Indexes
CREATE INDEX IF NOT EXISTS idx_media_file_hashes_hash ON media_file_hashes(hash_value)...
2025-12-21 15:25:54,842 - DEBUG - Executed query: CREATE INDEX IF NOT EXISTS idx_media_file_hashes_phash ON media_file_hashes(phash_value)...
2025-12-21 15:25:54,842 - DEBUG - Executed query: CREATE INDEX IF NOT EXISTS idx_media_hash_reports_hash ON media_hash_reports(hash_value)...
2025-12-21 15:25:54,842 - DEBUG - Executed query: CREATE INDEX IF NOT EXISTS idx_media_hash_reports_phash ON media_hash_reports(phash_value)...
2025-12-21 15:25:54,842 - DEBUG - Executed query: CREATE INDEX IF NOT EXISTS idx_media_hash_reports_status ON media_hash_reports(status)...
2025-12-21 15:25:54,842 - DEBUG - Executed query: CREATE INDEX IF NOT EXISTS idx_media_hash_reports_reporter ON media_hash_reports(reporter_id)...
2025-12-21 15:25:54,842 - DEBUG - Executed query: CREATE INDEX IF NOT EXISTS idx_media_blocked_hashes_type ON media_blocked_hashes(hash_type)...
2025-12-21 15:25:54,914 - DEBUG - Executed query: -- Chunked upload sessions
CREATE TABLE IF NOT EXISTS media_upload_sessions (
    id TEXT PRIMARY KE...
2025-12-21 15:25:54,915 - DEBUG - Executed query: -- Indexes
CREATE INDEX IF NOT EXISTS idx_upload_sessions_user ON media_upload_sessions(user_id)...
2025-12-21 15:25:54,915 - DEBUG - Executed query: CREATE INDEX IF NOT EXISTS idx_upload_sessions_status ON media_upload_sessions(status)...
2025-12-21 15:25:54,915 - DEBUG - Executed query: CREATE INDEX IF NOT EXISTS idx_upload_sessions_expires ON media_upload_sessions(expires_at)...
----------------------------- Captured log setup ------------------------------
DEBUG    AppLogger:__init__.py:86 LocalStorage initialized at C:\Users\dboyn\AppData\Local\Temp\media_test_v_836mpj\uploads_4068
DEBUG    AppLogger:__init__.py:86 Found ffprobe at C:\ProgramData\chocolatey\bin\ffprobe.EXE
DEBUG    AppLogger:__init__.py:86 Executed query: -- Media files table
CREATE TABLE IF NOT EXISTS media_files (
    id INTEGER PRIMARY KEY,
    filena...
DEBUG    AppLogger:__init__.py:86 Executed query: -- Thumbnails table
CREATE TABLE IF NOT EXISTS media_thumbnails (
    id INTEGER PRIMARY KEY,
    me...
DEBUG    AppLogger:__init__.py:86 Executed query: -- Proxied content cache table
CREATE TABLE IF NOT EXISTS media_proxy_cache (
    id INTEGER PRIMARY...
DEBUG    AppLogger:__init__.py:86 Executed query: -- Indexes
CREATE INDEX IF NOT EXISTS idx_media_files_uploaded_by ON media_files(uploaded_by)...
DEBUG    AppLogger:__init__.py:86 Executed query: CREATE INDEX IF NOT EXISTS idx_media_files_content_type ON media_files(content_type)...
DEBUG    AppLogger:__init__.py:86 Executed query: CREATE INDEX IF NOT EXISTS idx_media_files_storage_backend ON media_files(storage_backend)...
DEBUG    AppLogger:__init__.py:86 Executed query: CREATE INDEX IF NOT EXISTS idx_media_files_scan_status ON media_files(scan_status)...
DEBUG    AppLogger:__init__.py:86 Executed query: CREATE INDEX IF NOT EXISTS idx_media_thumbnails_file ON media_thumbnails(media_file_id)...
DEBUG    AppLogger:__init__.py:86 Executed query: CREATE INDEX IF NOT EXISTS idx_media_proxy_cache_url ON media_proxy_cache(source_url)...
DEBUG    AppLogger:__init__.py:86 Executed query: CREATE INDEX IF NOT EXISTS idx_media_proxy_cache_expires ON media_proxy_cache(expires_at)...
INFO     AppLogger:__init__.py:90 Media tables created successfully
DEBUG    AppLogger:__init__.py:86 Executed query: 
            CREATE TABLE IF NOT EXISTS media_rate_limits (
                user_id BIGINT NOT NULL,...
DEBUG    AppLogger:__init__.py:86 Executed query: 
            CREATE INDEX IF NOT EXISTS idx_media_rate_limits_user 
            ON media_rate_limits...
INFO     AppLogger:__init__.py:90 Media module initialized
DEBUG    AppLogger:__init__.py:86 Executed query: -- File hashes for deduplication
CREATE TABLE IF NOT EXISTS media_file_hashes (
    id INTEGER PRIMA...
DEBUG    AppLogger:__init__.py:86 Executed query: -- Hash reports for content moderation
CREATE TABLE IF NOT EXISTS media_hash_reports (
    id INTEGE...
DEBUG    AppLogger:__init__.py:86 Executed query: -- Blocked hashes (supports both SHA256 and pHash)
CREATE TABLE IF NOT EXISTS media_blocked_hashes (...
DEBUG    AppLogger:__init__.py:86 Executed query: -- Blocked users (banned from uploading)
CREATE TABLE IF NOT EXISTS media_blocked_users (
    user_i...
DEBUG    AppLogger:__init__.py:86 Executed query: -- Indexes
CREATE INDEX IF NOT EXISTS idx_media_file_hashes_hash ON media_file_hashes(hash_value)...
DEBUG    AppLogger:__init__.py:86 Executed query: CREATE INDEX IF NOT EXISTS idx_media_file_hashes_phash ON media_file_hashes(phash_value)...
DEBUG    AppLogger:__init__.py:86 Executed query: CREATE INDEX IF NOT EXISTS idx_media_hash_reports_hash ON media_hash_reports(hash_value)...
DEBUG    AppLogger:__init__.py:86 Executed query: CREATE INDEX IF NOT EXISTS idx_media_hash_reports_phash ON media_hash_reports(phash_value)...
DEBUG    AppLogger:__init__.py:86 Executed query: CREATE INDEX IF NOT EXISTS idx_media_hash_reports_status ON media_hash_reports(status)...
DEBUG    AppLogger:__init__.py:86 Executed query: CREATE INDEX IF NOT EXISTS idx_media_hash_reports_reporter ON media_hash_reports(reporter_id)...
DEBUG    AppLogger:__init__.py:86 Executed query: CREATE INDEX IF NOT EXISTS idx_media_blocked_hashes_type ON media_blocked_hashes(hash_type)...
DEBUG    AppLogger:__init__.py:86 Executed query: -- Chunked upload sessions
CREATE TABLE IF NOT EXISTS media_upload_sessions (
    id TEXT PRIMARY KE...
DEBUG    AppLogger:__init__.py:86 Executed query: -- Indexes
CREATE INDEX IF NOT EXISTS idx_upload_sessions_user ON media_upload_sessions(user_id)...
DEBUG    AppLogger:__init__.py:86 Executed query: CREATE INDEX IF NOT EXISTS idx_upload_sessions_status ON media_upload_sessions(status)...
DEBUG    AppLogger:__init__.py:86 Executed query: CREATE INDEX IF NOT EXISTS idx_upload_sessions_expires ON media_upload_sessions(expires_at)...
---------------------------- Captured stderr call -----------------------------
2025-12-21 15:25:54,916 - DEBUG - Executed query: SELECT upload_count FROM media_rate_limits 
               WHERE user_id = ? AND window_type = ? AND...
2025-12-21 15:25:54,916 - DEBUG - Executed query: SELECT upload_count FROM media_rate_limits 
               WHERE user_id = ? AND window_type = ? AND...
2025-12-21 15:25:54,917 - DEBUG - Executed query: SELECT total_size FROM media_rate_limits 
               WHERE user_id = ? AND window_type = ? AND w...
2025-12-21 15:25:54,917 - DEBUG - Executed query: -- File hashes for deduplication
CREATE TABLE IF NOT EXISTS media_file_hashes (
    id INTEGER PRIMA...
2025-12-21 15:25:54,917 - DEBUG - Executed query: -- Hash reports for content moderation
CREATE TABLE IF NOT EXISTS media_hash_reports (
    id INTEGE...
2025-12-21 15:25:54,917 - DEBUG - Executed query: -- Blocked hashes (supports both SHA256 and pHash)
CREATE TABLE IF NOT EXISTS media_blocked_hashes (...
2025-12-21 15:25:54,917 - DEBUG - Executed query: -- Blocked users (banned from uploading)
CREATE TABLE IF NOT EXISTS media_blocked_users (
    user_i...
2025-12-21 15:25:54,917 - DEBUG - Executed query: -- Indexes
CREATE INDEX IF NOT EXISTS idx_media_file_hashes_hash ON media_file_hashes(hash_value)...
2025-12-21 15:25:54,917 - DEBUG - Executed query: CREATE INDEX IF NOT EXISTS idx_media_file_hashes_phash ON media_file_hashes(phash_value)...
2025-12-21 15:25:54,917 - DEBUG - Executed query: CREATE INDEX IF NOT EXISTS idx_media_hash_reports_hash ON media_hash_reports(hash_value)...
2025-12-21 15:25:54,918 - DEBUG - Executed query: CREATE INDEX IF NOT EXISTS idx_media_hash_reports_phash ON media_hash_reports(phash_value)...
2025-12-21 15:25:54,918 - DEBUG - Executed query: CREATE INDEX IF NOT EXISTS idx_media_hash_reports_status ON media_hash_reports(status)...
2025-12-21 15:25:54,918 - DEBUG - Executed query: CREATE INDEX IF NOT EXISTS idx_media_hash_reports_reporter ON media_hash_reports(reporter_id)...
2025-12-21 15:25:54,918 - DEBUG - Executed query: CREATE INDEX IF NOT EXISTS idx_media_blocked_hashes_type ON media_blocked_hashes(hash_type)...
2025-12-21 15:25:54,993 - DEBUG - Stored file at C:\Users\dboyn\AppData\Local\Temp\media_test_v_836mpj\uploads_4068\image\2025\12\21\7cf24e89d3374008.jpg (825 bytes)
2025-12-21 15:25:54,993 - DEBUG - Executed query: INSERT INTO media_files
               (id, filename, original_filename, content_type, size, media_t...
2025-12-21 15:25:54,993 - DEBUG - Executed query: SELECT id, reference_count FROM media_file_hashes WHERE hash_value = ?...
2025-12-21 15:25:54,993 - DEBUG - Executed query: UPDATE media_file_hashes SET reference_count = reference_count + 1 WHERE id = ?...
2025-12-21 15:25:54,993 - DEBUG - Executed query: SELECT upload_count, total_size FROM media_rate_limits 
                   WHERE user_id = ? AND win...
2025-12-21 15:25:54,994 - DEBUG - Executed query: UPDATE media_rate_limits 
                       SET upload_count = upload_count + 1, total_size = t...
2025-12-21 15:25:54,994 - DEBUG - Executed query: SELECT upload_count, total_size FROM media_rate_limits 
                   WHERE user_id = ? AND win...
2025-12-21 15:25:54,994 - DEBUG - Executed query: UPDATE media_rate_limits 
                       SET upload_count = upload_count + 1, total_size = t...
2025-12-21 15:25:54,994 - DEBUG - Executed query: SELECT upload_count, total_size FROM media_rate_limits 
                   WHERE user_id = ? AND win...
2025-12-21 15:25:54,994 - DEBUG - Executed query: UPDATE media_rate_limits 
                       SET upload_count = upload_count + 1, total_size = t...
2025-12-21 15:25:54,994 - DEBUG - Executed query: DELETE FROM media_rate_limits WHERE window_start < ?...
2025-12-21 15:25:54,996 - DEBUG - Stored file at C:\Users\dboyn\AppData\Local\Temp\media_test_v_836mpj\uploads_4068\thumbnails\261152277761495040\64.jpg (312 bytes)
2025-12-21 15:25:54,996 - DEBUG - Executed query: INSERT INTO media_thumbnails
                       (id, media_file_id, size, width, height, storage...
2025-12-21 15:25:54,997 - DEBUG - Stored file at C:\Users\dboyn\AppData\Local\Temp\media_test_v_836mpj\uploads_4068\thumbnails\261152277761495040\128.jpg (361 bytes)
2025-12-21 15:25:54,997 - DEBUG - Executed query: INSERT INTO media_thumbnails
                       (id, media_file_id, size, width, height, storage...
2025-12-21 15:25:54,998 - DEBUG - Stored file at C:\Users\dboyn\AppData\Local\Temp\media_test_v_836mpj\uploads_4068\thumbnails\261152277761495040\256.jpg (361 bytes)
2025-12-21 15:25:54,998 - DEBUG - Executed query: INSERT INTO media_thumbnails
                       (id, media_file_id, size, width, height, storage...
2025-12-21 15:25:54,999 - DEBUG - Stored file at C:\Users\dboyn\AppData\Local\Temp\media_test_v_836mpj\uploads_4068\thumbnails\261152277761495040\512.jpg (361 bytes)
2025-12-21 15:25:54,999 - DEBUG - Executed query: INSERT INTO media_thumbnails
                       (id, media_file_id, size, width, height, storage...
2025-12-21 15:25:54,999 - DEBUG - File 261152277761495040 uploaded by user 261152238242762752: aaaaaaaaaaaaaaaaaaaaaaaaaaaaaaaaaaaaaaaaaaaaaaaaaaaaaaaaaaaaaaaaaaaaaaaaaaaaaaaaaaaaaaaaaaaaaaaaaaaaaaaaaaaaaaaaaaaaaaaaaaaaaaaaaaaaaaaaaaaaaaaaaaaaaaaaaaaaaaaaaaaaaaaaaaaaaaaaaaaaaaaaaaaaaaaaaaaaaaaaaaaaaaaaaaaaaaaaaaaaaaaaaaaaaaaaaaaaaaaaaaaaaaaaaaaaaaaaaaaaaaaaaaaaaaaaaaaaaaaaaaaaaaaaaaaaaaaaaaaaaaaaaaaaaaaaaaaaaaaaaaaaaaaaaaaaaaaaaaaaaaaaaaaaaaaaaaaaaaaaaaaaaaaaaaaaaaaaaaaaaaaaaaaaaaaaaaaaaaaaaaaaaaaaaaaaaaaaaaaaaaaaaaaaaaaaaaaaaaaaaaaaaaaaaaaaaaaaaaaaaaaaaaaaaaaaaaaaaaaaaaaaaaaaaaaaaaaaaaaa.jpg (backend: local, size: 825)
2025-12-21 15:25:54,999 - DEBUG - Executed query: SELECT * FROM media_files WHERE id = ? AND deleted = 0...
------------------------------ Captured log call ------------------------------
DEBUG    AppLogger:__init__.py:86 Executed query: SELECT upload_count FROM media_rate_limits 
               WHERE user_id = ? AND window_type = ? AND...
DEBUG    AppLogger:__init__.py:86 Executed query: SELECT upload_count FROM media_rate_limits 
               WHERE user_id = ? AND window_type = ? AND...
DEBUG    AppLogger:__init__.py:86 Executed query: SELECT total_size FROM media_rate_limits 
               WHERE user_id = ? AND window_type = ? AND w...
DEBUG    AppLogger:__init__.py:86 Executed query: -- File hashes for deduplication
CREATE TABLE IF NOT EXISTS media_file_hashes (
    id INTEGER PRIMA...
DEBUG    AppLogger:__init__.py:86 Executed query: -- Hash reports for content moderation
CREATE TABLE IF NOT EXISTS media_hash_reports (
    id INTEGE...
DEBUG    AppLogger:__init__.py:86 Executed query: -- Blocked hashes (supports both SHA256 and pHash)
CREATE TABLE IF NOT EXISTS media_blocked_hashes (...
DEBUG    AppLogger:__init__.py:86 Executed query: -- Blocked users (banned from uploading)
CREATE TABLE IF NOT EXISTS media_blocked_users (
    user_i...
DEBUG    AppLogger:__init__.py:86 Executed query: -- Indexes
CREATE INDEX IF NOT EXISTS idx_media_file_hashes_hash ON media_file_hashes(hash_value)...
DEBUG    AppLogger:__init__.py:86 Executed query: CREATE INDEX IF NOT EXISTS idx_media_file_hashes_phash ON media_file_hashes(phash_value)...
DEBUG    AppLogger:__init__.py:86 Executed query: CREATE INDEX IF NOT EXISTS idx_media_hash_reports_hash ON media_hash_reports(hash_value)...
DEBUG    AppLogger:__init__.py:86 Executed query: CREATE INDEX IF NOT EXISTS idx_media_hash_reports_phash ON media_hash_reports(phash_value)...
DEBUG    AppLogger:__init__.py:86 Executed query: CREATE INDEX IF NOT EXISTS idx_media_hash_reports_status ON media_hash_reports(status)...
DEBUG    AppLogger:__init__.py:86 Executed query: CREATE INDEX IF NOT EXISTS idx_media_hash_reports_reporter ON media_hash_reports(reporter_id)...
DEBUG    AppLogger:__init__.py:86 Executed query: CREATE INDEX IF NOT EXISTS idx_media_blocked_hashes_type ON media_blocked_hashes(hash_type)...
DEBUG    AppLogger:__init__.py:86 Stored file at C:\Users\dboyn\AppData\Local\Temp\media_test_v_836mpj\uploads_4068\image\2025\12\21\7cf24e89d3374008.jpg (825 bytes)
DEBUG    AppLogger:__init__.py:86 Executed query: INSERT INTO media_files
               (id, filename, original_filename, content_type, size, media_t...
DEBUG    AppLogger:__init__.py:86 Executed query: SELECT id, reference_count FROM media_file_hashes WHERE hash_value = ?...
DEBUG    AppLogger:__init__.py:86 Executed query: UPDATE media_file_hashes SET reference_count = reference_count + 1 WHERE id = ?...
DEBUG    AppLogger:__init__.py:86 Executed query: SELECT upload_count, total_size FROM media_rate_limits 
                   WHERE user_id = ? AND win...
DEBUG    AppLogger:__init__.py:86 Executed query: UPDATE media_rate_limits 
                       SET upload_count = upload_count + 1, total_size = t...
DEBUG    AppLogger:__init__.py:86 Executed query: SELECT upload_count, total_size FROM media_rate_limits 
                   WHERE user_id = ? AND win...
DEBUG    AppLogger:__init__.py:86 Executed query: UPDATE media_rate_limits 
                       SET upload_count = upload_count + 1, total_size = t...
DEBUG    AppLogger:__init__.py:86 Executed query: SELECT upload_count, total_size FROM media_rate_limits 
                   WHERE user_id = ? AND win...
DEBUG    AppLogger:__init__.py:86 Executed query: UPDATE media_rate_limits 
                       SET upload_count = upload_count + 1, total_size = t...
DEBUG    AppLogger:__init__.py:86 Executed query: DELETE FROM media_rate_limits WHERE window_start < ?...
DEBUG    AppLogger:__init__.py:86 Stored file at C:\Users\dboyn\AppData\Local\Temp\media_test_v_836mpj\uploads_4068\thumbnails\261152277761495040\64.jpg (312 bytes)
DEBUG    AppLogger:__init__.py:86 Executed query: INSERT INTO media_thumbnails
                       (id, media_file_id, size, width, height, storage...
DEBUG    AppLogger:__init__.py:86 Stored file at C:\Users\dboyn\AppData\Local\Temp\media_test_v_836mpj\uploads_4068\thumbnails\261152277761495040\128.jpg (361 bytes)
DEBUG    AppLogger:__init__.py:86 Executed query: INSERT INTO media_thumbnails
                       (id, media_file_id, size, width, height, storage...
DEBUG    AppLogger:__init__.py:86 Stored file at C:\Users\dboyn\AppData\Local\Temp\media_test_v_836mpj\uploads_4068\thumbnails\261152277761495040\256.jpg (361 bytes)
DEBUG    AppLogger:__init__.py:86 Executed query: INSERT INTO media_thumbnails
                       (id, media_file_id, size, width, height, storage...
DEBUG    AppLogger:__init__.py:86 Stored file at C:\Users\dboyn\AppData\Local\Temp\media_test_v_836mpj\uploads_4068\thumbnails\261152277761495040\512.jpg (361 bytes)
DEBUG    AppLogger:__init__.py:86 Executed query: INSERT INTO media_thumbnails
                       (id, media_file_id, size, width, height, storage...
DEBUG    AppLogger:__init__.py:86 File 261152277761495040 uploaded by user 261152238242762752: aaaaaaaaaaaaaaaaaaaaaaaaaaaaaaaaaaaaaaaaaaaaaaaaaaaaaaaaaaaaaaaaaaaaaaaaaaaaaaaaaaaaaaaaaaaaaaaaaaaaaaaaaaaaaaaaaaaaaaaaaaaaaaaaaaaaaaaaaaaaaaaaaaaaaaaaaaaaaaaaaaaaaaaaaaaaaaaaaaaaaaaaaaaaaaaaaaaaaaaaaaaaaaaaaaaaaaaaaaaaaaaaaaaaaaaaaaaaaaaaaaaaaaaaaaaaaaaaaaaaaaaaaaaaaaaaaaaaaaaaaaaaaaaaaaaaaaaaaaaaaaaaaaaaaaaaaaaaaaaaaaaaaaaaaaaaaaaaaaaaaaaaaaaaaaaaaaaaaaaaaaaaaaaaaaaaaaaaaaaaaaaaaaaaaaaaaaaaaaaaaaaaaaaaaaaaaaaaaaaaaaaaaaaaaaaaaaaaaaaaaaaaaaaaaaaaaaaaaaaaaaaaaaaaaaaaaaaaaaaaaaaaaaaaaaaaaaaaaaaa.jpg (backend: local, size: 825)
DEBUG    AppLogger:__init__.py:86 Executed query: SELECT * FROM media_files WHERE id = ? AND deleted = 0...
____________ TestFileUploadValidation.test_empty_filename_handled _____________
src\tests\media\test_security.py:124: in test_empty_filename_handled
    assert stored_file.original_filename
E   AssertionError: assert ''
E    +  where '' = MediaFile(id=261152278512275456, filename='799f40d9ea144fe1.bin', original_filename='', content_type='image/jpeg', size=825, media_type=<MediaType.IMAGE: 'image'>, storage_backend=<StorageBackend.LOCAL: 'local'>, storage_path='image/2025/12/21/799f40d9ea144fe1.bin', url='/media/image/2025/12/21/799f40d9ea144fe1.bin', checksum='323982c8947d29cab20d05f48ad22a0d2257ac701a9ef4147f40646f39e85598', uploaded_by=261152238242762752, uploaded_at=1766330755172, metadata={'width': 100, 'height': 100, 'format': 'JPEG', 'has_alpha': False, 'animated': False}, scan_status=<ScanStatus.SKIPPED: 'skipped'>, scan_result=None, deleted=False, deleted_at=None).original_filename
---------------------------- Captured stderr setup ----------------------------
2025-12-21 15:25:55,014 - DEBUG - LocalStorage initialized at C:\Users\dboyn\AppData\Local\Temp\media_test_v_836mpj\uploads_4068
2025-12-21 15:25:55,019 - DEBUG - Found ffprobe at C:\ProgramData\chocolatey\bin\ffprobe.EXE
2025-12-21 15:25:55,019 - DEBUG - Executed query: -- Media files table
CREATE TABLE IF NOT EXISTS media_files (
    id INTEGER PRIMARY KEY,
    filena...
2025-12-21 15:25:55,019 - DEBUG - Executed query: -- Thumbnails table
CREATE TABLE IF NOT EXISTS media_thumbnails (
    id INTEGER PRIMARY KEY,
    me...
2025-12-21 15:25:55,019 - DEBUG - Executed query: -- Proxied content cache table
CREATE TABLE IF NOT EXISTS media_proxy_cache (
    id INTEGER PRIMARY...
2025-12-21 15:25:55,019 - DEBUG - Executed query: -- Indexes
CREATE INDEX IF NOT EXISTS idx_media_files_uploaded_by ON media_files(uploaded_by)...
2025-12-21 15:25:55,020 - DEBUG - Executed query: CREATE INDEX IF NOT EXISTS idx_media_files_content_type ON media_files(content_type)...
2025-12-21 15:25:55,020 - DEBUG - Executed query: CREATE INDEX IF NOT EXISTS idx_media_files_storage_backend ON media_files(storage_backend)...
2025-12-21 15:25:55,020 - DEBUG - Executed query: CREATE INDEX IF NOT EXISTS idx_media_files_scan_status ON media_files(scan_status)...
2025-12-21 15:25:55,020 - DEBUG - Executed query: CREATE INDEX IF NOT EXISTS idx_media_thumbnails_file ON media_thumbnails(media_file_id)...
2025-12-21 15:25:55,020 - DEBUG - Executed query: CREATE INDEX IF NOT EXISTS idx_media_proxy_cache_url ON media_proxy_cache(source_url)...
2025-12-21 15:25:55,020 - DEBUG - Executed query: CREATE INDEX IF NOT EXISTS idx_media_proxy_cache_expires ON media_proxy_cache(expires_at)...
2025-12-21 15:25:55,020 - INFO - Media tables created successfully
2025-12-21 15:25:55,020 - DEBUG - Executed query: 
            CREATE TABLE IF NOT EXISTS media_rate_limits (
                user_id BIGINT NOT NULL,...
2025-12-21 15:25:55,020 - DEBUG - Executed query: 
            CREATE INDEX IF NOT EXISTS idx_media_rate_limits_user 
            ON media_rate_limits...
2025-12-21 15:25:55,020 - INFO - Media module initialized
2025-12-21 15:25:55,021 - DEBUG - Executed query: -- File hashes for deduplication
CREATE TABLE IF NOT EXISTS media_file_hashes (
    id INTEGER PRIMA...
2025-12-21 15:25:55,021 - DEBUG - Executed query: -- Hash reports for content moderation
CREATE TABLE IF NOT EXISTS media_hash_reports (
    id INTEGE...
2025-12-21 15:25:55,021 - DEBUG - Executed query: -- Blocked hashes (supports both SHA256 and pHash)
CREATE TABLE IF NOT EXISTS media_blocked_hashes (...
2025-12-21 15:25:55,021 - DEBUG - Executed query: -- Blocked users (banned from uploading)
CREATE TABLE IF NOT EXISTS media_blocked_users (
    user_i...
2025-12-21 15:25:55,021 - DEBUG - Executed query: -- Indexes
CREATE INDEX IF NOT EXISTS idx_media_file_hashes_hash ON media_file_hashes(hash_value)...
2025-12-21 15:25:55,021 - DEBUG - Executed query: CREATE INDEX IF NOT EXISTS idx_media_file_hashes_phash ON media_file_hashes(phash_value)...
2025-12-21 15:25:55,021 - DEBUG - Executed query: CREATE INDEX IF NOT EXISTS idx_media_hash_reports_hash ON media_hash_reports(hash_value)...
2025-12-21 15:25:55,021 - DEBUG - Executed query: CREATE INDEX IF NOT EXISTS idx_media_hash_reports_phash ON media_hash_reports(phash_value)...
2025-12-21 15:25:55,021 - DEBUG - Executed query: CREATE INDEX IF NOT EXISTS idx_media_hash_reports_status ON media_hash_reports(status)...
2025-12-21 15:25:55,021 - DEBUG - Executed query: CREATE INDEX IF NOT EXISTS idx_media_hash_reports_reporter ON media_hash_reports(reporter_id)...
2025-12-21 15:25:55,022 - DEBUG - Executed query: CREATE INDEX IF NOT EXISTS idx_media_blocked_hashes_type ON media_blocked_hashes(hash_type)...
2025-12-21 15:25:55,092 - DEBUG - Executed query: -- Chunked upload sessions
CREATE TABLE IF NOT EXISTS media_upload_sessions (
    id TEXT PRIMARY KE...
2025-12-21 15:25:55,093 - DEBUG - Executed query: -- Indexes
CREATE INDEX IF NOT EXISTS idx_upload_sessions_user ON media_upload_sessions(user_id)...
2025-12-21 15:25:55,093 - DEBUG - Executed query: CREATE INDEX IF NOT EXISTS idx_upload_sessions_status ON media_upload_sessions(status)...
2025-12-21 15:25:55,093 - DEBUG - Executed query: CREATE INDEX IF NOT EXISTS idx_upload_sessions_expires ON media_upload_sessions(expires_at)...
----------------------------- Captured log setup ------------------------------
DEBUG    AppLogger:__init__.py:86 LocalStorage initialized at C:\Users\dboyn\AppData\Local\Temp\media_test_v_836mpj\uploads_4068
DEBUG    AppLogger:__init__.py:86 Found ffprobe at C:\ProgramData\chocolatey\bin\ffprobe.EXE
DEBUG    AppLogger:__init__.py:86 Executed query: -- Media files table
CREATE TABLE IF NOT EXISTS media_files (
    id INTEGER PRIMARY KEY,
    filena...
DEBUG    AppLogger:__init__.py:86 Executed query: -- Thumbnails table
CREATE TABLE IF NOT EXISTS media_thumbnails (
    id INTEGER PRIMARY KEY,
    me...
DEBUG    AppLogger:__init__.py:86 Executed query: -- Proxied content cache table
CREATE TABLE IF NOT EXISTS media_proxy_cache (
    id INTEGER PRIMARY...
DEBUG    AppLogger:__init__.py:86 Executed query: -- Indexes
CREATE INDEX IF NOT EXISTS idx_media_files_uploaded_by ON media_files(uploaded_by)...
DEBUG    AppLogger:__init__.py:86 Executed query: CREATE INDEX IF NOT EXISTS idx_media_files_content_type ON media_files(content_type)...
DEBUG    AppLogger:__init__.py:86 Executed query: CREATE INDEX IF NOT EXISTS idx_media_files_storage_backend ON media_files(storage_backend)...
DEBUG    AppLogger:__init__.py:86 Executed query: CREATE INDEX IF NOT EXISTS idx_media_files_scan_status ON media_files(scan_status)...
DEBUG    AppLogger:__init__.py:86 Executed query: CREATE INDEX IF NOT EXISTS idx_media_thumbnails_file ON media_thumbnails(media_file_id)...
DEBUG    AppLogger:__init__.py:86 Executed query: CREATE INDEX IF NOT EXISTS idx_media_proxy_cache_url ON media_proxy_cache(source_url)...
DEBUG    AppLogger:__init__.py:86 Executed query: CREATE INDEX IF NOT EXISTS idx_media_proxy_cache_expires ON media_proxy_cache(expires_at)...
INFO     AppLogger:__init__.py:90 Media tables created successfully
DEBUG    AppLogger:__init__.py:86 Executed query: 
            CREATE TABLE IF NOT EXISTS media_rate_limits (
                user_id BIGINT NOT NULL,...
DEBUG    AppLogger:__init__.py:86 Executed query: 
            CREATE INDEX IF NOT EXISTS idx_media_rate_limits_user 
            ON media_rate_limits...
INFO     AppLogger:__init__.py:90 Media module initialized
DEBUG    AppLogger:__init__.py:86 Executed query: -- File hashes for deduplication
CREATE TABLE IF NOT EXISTS media_file_hashes (
    id INTEGER PRIMA...
DEBUG    AppLogger:__init__.py:86 Executed query: -- Hash reports for content moderation
CREATE TABLE IF NOT EXISTS media_hash_reports (
    id INTEGE...
DEBUG    AppLogger:__init__.py:86 Executed query: -- Blocked hashes (supports both SHA256 and pHash)
CREATE TABLE IF NOT EXISTS media_blocked_hashes (...
DEBUG    AppLogger:__init__.py:86 Executed query: -- Blocked users (banned from uploading)
CREATE TABLE IF NOT EXISTS media_blocked_users (
    user_i...
DEBUG    AppLogger:__init__.py:86 Executed query: -- Indexes
CREATE INDEX IF NOT EXISTS idx_media_file_hashes_hash ON media_file_hashes(hash_value)...
DEBUG    AppLogger:__init__.py:86 Executed query: CREATE INDEX IF NOT EXISTS idx_media_file_hashes_phash ON media_file_hashes(phash_value)...
DEBUG    AppLogger:__init__.py:86 Executed query: CREATE INDEX IF NOT EXISTS idx_media_hash_reports_hash ON media_hash_reports(hash_value)...
DEBUG    AppLogger:__init__.py:86 Executed query: CREATE INDEX IF NOT EXISTS idx_media_hash_reports_phash ON media_hash_reports(phash_value)...
DEBUG    AppLogger:__init__.py:86 Executed query: CREATE INDEX IF NOT EXISTS idx_media_hash_reports_status ON media_hash_reports(status)...
DEBUG    AppLogger:__init__.py:86 Executed query: CREATE INDEX IF NOT EXISTS idx_media_hash_reports_reporter ON media_hash_reports(reporter_id)...
DEBUG    AppLogger:__init__.py:86 Executed query: CREATE INDEX IF NOT EXISTS idx_media_blocked_hashes_type ON media_blocked_hashes(hash_type)...
DEBUG    AppLogger:__init__.py:86 Executed query: -- Chunked upload sessions
CREATE TABLE IF NOT EXISTS media_upload_sessions (
    id TEXT PRIMARY KE...
DEBUG    AppLogger:__init__.py:86 Executed query: -- Indexes
CREATE INDEX IF NOT EXISTS idx_upload_sessions_user ON media_upload_sessions(user_id)...
DEBUG    AppLogger:__init__.py:86 Executed query: CREATE INDEX IF NOT EXISTS idx_upload_sessions_status ON media_upload_sessions(status)...
DEBUG    AppLogger:__init__.py:86 Executed query: CREATE INDEX IF NOT EXISTS idx_upload_sessions_expires ON media_upload_sessions(expires_at)...
---------------------------- Captured stderr call -----------------------------
2025-12-21 15:25:55,094 - DEBUG - Executed query: SELECT upload_count FROM media_rate_limits 
               WHERE user_id = ? AND window_type = ? AND...
2025-12-21 15:25:55,095 - DEBUG - Executed query: SELECT upload_count FROM media_rate_limits 
               WHERE user_id = ? AND window_type = ? AND...
2025-12-21 15:25:55,095 - DEBUG - Executed query: SELECT total_size FROM media_rate_limits 
               WHERE user_id = ? AND window_type = ? AND w...
2025-12-21 15:25:55,095 - DEBUG - Executed query: -- File hashes for deduplication
CREATE TABLE IF NOT EXISTS media_file_hashes (
    id INTEGER PRIMA...
2025-12-21 15:25:55,095 - DEBUG - Executed query: -- Hash reports for content moderation
CREATE TABLE IF NOT EXISTS media_hash_reports (
    id INTEGE...
2025-12-21 15:25:55,095 - DEBUG - Executed query: -- Blocked hashes (supports both SHA256 and pHash)
CREATE TABLE IF NOT EXISTS media_blocked_hashes (...
2025-12-21 15:25:55,096 - DEBUG - Executed query: -- Blocked users (banned from uploading)
CREATE TABLE IF NOT EXISTS media_blocked_users (
    user_i...
2025-12-21 15:25:55,096 - DEBUG - Executed query: -- Indexes
CREATE INDEX IF NOT EXISTS idx_media_file_hashes_hash ON media_file_hashes(hash_value)...
2025-12-21 15:25:55,096 - DEBUG - Executed query: CREATE INDEX IF NOT EXISTS idx_media_file_hashes_phash ON media_file_hashes(phash_value)...
2025-12-21 15:25:55,096 - DEBUG - Executed query: CREATE INDEX IF NOT EXISTS idx_media_hash_reports_hash ON media_hash_reports(hash_value)...
2025-12-21 15:25:55,096 - DEBUG - Executed query: CREATE INDEX IF NOT EXISTS idx_media_hash_reports_phash ON media_hash_reports(phash_value)...
2025-12-21 15:25:55,097 - DEBUG - Executed query: CREATE INDEX IF NOT EXISTS idx_media_hash_reports_status ON media_hash_reports(status)...
2025-12-21 15:25:55,097 - DEBUG - Executed query: CREATE INDEX IF NOT EXISTS idx_media_hash_reports_reporter ON media_hash_reports(reporter_id)...
2025-12-21 15:25:55,097 - DEBUG - Executed query: CREATE INDEX IF NOT EXISTS idx_media_blocked_hashes_type ON media_blocked_hashes(hash_type)...
2025-12-21 15:25:55,172 - DEBUG - Stored file at C:\Users\dboyn\AppData\Local\Temp\media_test_v_836mpj\uploads_4068\image\2025\12\21\799f40d9ea144fe1.bin (825 bytes)
2025-12-21 15:25:55,173 - DEBUG - Executed query: INSERT INTO media_files
               (id, filename, original_filename, content_type, size, media_t...
2025-12-21 15:25:55,173 - DEBUG - Executed query: SELECT id, reference_count FROM media_file_hashes WHERE hash_value = ?...
2025-12-21 15:25:55,173 - DEBUG - Executed query: UPDATE media_file_hashes SET reference_count = reference_count + 1 WHERE id = ?...
2025-12-21 15:25:55,173 - DEBUG - Executed query: SELECT upload_count, total_size FROM media_rate_limits 
                   WHERE user_id = ? AND win...
2025-12-21 15:25:55,173 - DEBUG - Executed query: UPDATE media_rate_limits 
                       SET upload_count = upload_count + 1, total_size = t...
2025-12-21 15:25:55,173 - DEBUG - Executed query: SELECT upload_count, total_size FROM media_rate_limits 
                   WHERE user_id = ? AND win...
2025-12-21 15:25:55,173 - DEBUG - Executed query: UPDATE media_rate_limits 
                       SET upload_count = upload_count + 1, total_size = t...
2025-12-21 15:25:55,173 - DEBUG - Executed query: SELECT upload_count, total_size FROM media_rate_limits 
                   WHERE user_id = ? AND win...
2025-12-21 15:25:55,174 - DEBUG - Executed query: UPDATE media_rate_limits 
                       SET upload_count = upload_count + 1, total_size = t...
2025-12-21 15:25:55,174 - DEBUG - Executed query: DELETE FROM media_rate_limits WHERE window_start < ?...
2025-12-21 15:25:55,175 - DEBUG - Stored file at C:\Users\dboyn\AppData\Local\Temp\media_test_v_836mpj\uploads_4068\thumbnails\261152278512275456\64.jpg (312 bytes)
2025-12-21 15:25:55,176 - DEBUG - Executed query: INSERT INTO media_thumbnails
                       (id, media_file_id, size, width, height, storage...
2025-12-21 15:25:55,176 - DEBUG - Stored file at C:\Users\dboyn\AppData\Local\Temp\media_test_v_836mpj\uploads_4068\thumbnails\261152278512275456\128.jpg (361 bytes)
2025-12-21 15:25:55,177 - DEBUG - Executed query: INSERT INTO media_thumbnails
                       (id, media_file_id, size, width, height, storage...
2025-12-21 15:25:55,177 - DEBUG - Stored file at C:\Users\dboyn\AppData\Local\Temp\media_test_v_836mpj\uploads_4068\thumbnails\261152278512275456\256.jpg (361 bytes)
2025-12-21 15:25:55,178 - DEBUG - Executed query: INSERT INTO media_thumbnails
                       (id, media_file_id, size, width, height, storage...
2025-12-21 15:25:55,178 - DEBUG - Stored file at C:\Users\dboyn\AppData\Local\Temp\media_test_v_836mpj\uploads_4068\thumbnails\261152278512275456\512.jpg (361 bytes)
2025-12-21 15:25:55,178 - DEBUG - Executed query: INSERT INTO media_thumbnails
                       (id, media_file_id, size, width, height, storage...
2025-12-21 15:25:55,179 - DEBUG - File 261152278512275456 uploaded by user 261152238242762752:  (backend: local, size: 825)
2025-12-21 15:25:55,179 - DEBUG - Executed query: SELECT * FROM media_files WHERE id = ? AND deleted = 0...
------------------------------ Captured log call ------------------------------
DEBUG    AppLogger:__init__.py:86 Executed query: SELECT upload_count FROM media_rate_limits 
               WHERE user_id = ? AND window_type = ? AND...
DEBUG    AppLogger:__init__.py:86 Executed query: SELECT upload_count FROM media_rate_limits 
               WHERE user_id = ? AND window_type = ? AND...
DEBUG    AppLogger:__init__.py:86 Executed query: SELECT total_size FROM media_rate_limits 
               WHERE user_id = ? AND window_type = ? AND w...
DEBUG    AppLogger:__init__.py:86 Executed query: -- File hashes for deduplication
CREATE TABLE IF NOT EXISTS media_file_hashes (
    id INTEGER PRIMA...
DEBUG    AppLogger:__init__.py:86 Executed query: -- Hash reports for content moderation
CREATE TABLE IF NOT EXISTS media_hash_reports (
    id INTEGE...
DEBUG    AppLogger:__init__.py:86 Executed query: -- Blocked hashes (supports both SHA256 and pHash)
CREATE TABLE IF NOT EXISTS media_blocked_hashes (...
DEBUG    AppLogger:__init__.py:86 Executed query: -- Blocked users (banned from uploading)
CREATE TABLE IF NOT EXISTS media_blocked_users (
    user_i...
DEBUG    AppLogger:__init__.py:86 Executed query: -- Indexes
CREATE INDEX IF NOT EXISTS idx_media_file_hashes_hash ON media_file_hashes(hash_value)...
DEBUG    AppLogger:__init__.py:86 Executed query: CREATE INDEX IF NOT EXISTS idx_media_file_hashes_phash ON media_file_hashes(phash_value)...
DEBUG    AppLogger:__init__.py:86 Executed query: CREATE INDEX IF NOT EXISTS idx_media_hash_reports_hash ON media_hash_reports(hash_value)...
DEBUG    AppLogger:__init__.py:86 Executed query: CREATE INDEX IF NOT EXISTS idx_media_hash_reports_phash ON media_hash_reports(phash_value)...
DEBUG    AppLogger:__init__.py:86 Executed query: CREATE INDEX IF NOT EXISTS idx_media_hash_reports_status ON media_hash_reports(status)...
DEBUG    AppLogger:__init__.py:86 Executed query: CREATE INDEX IF NOT EXISTS idx_media_hash_reports_reporter ON media_hash_reports(reporter_id)...
DEBUG    AppLogger:__init__.py:86 Executed query: CREATE INDEX IF NOT EXISTS idx_media_blocked_hashes_type ON media_blocked_hashes(hash_type)...
DEBUG    AppLogger:__init__.py:86 Stored file at C:\Users\dboyn\AppData\Local\Temp\media_test_v_836mpj\uploads_4068\image\2025\12\21\799f40d9ea144fe1.bin (825 bytes)
DEBUG    AppLogger:__init__.py:86 Executed query: INSERT INTO media_files
               (id, filename, original_filename, content_type, size, media_t...
DEBUG    AppLogger:__init__.py:86 Executed query: SELECT id, reference_count FROM media_file_hashes WHERE hash_value = ?...
DEBUG    AppLogger:__init__.py:86 Executed query: UPDATE media_file_hashes SET reference_count = reference_count + 1 WHERE id = ?...
DEBUG    AppLogger:__init__.py:86 Executed query: SELECT upload_count, total_size FROM media_rate_limits 
                   WHERE user_id = ? AND win...
DEBUG    AppLogger:__init__.py:86 Executed query: UPDATE media_rate_limits 
                       SET upload_count = upload_count + 1, total_size = t...
DEBUG    AppLogger:__init__.py:86 Executed query: SELECT upload_count, total_size FROM media_rate_limits 
                   WHERE user_id = ? AND win...
DEBUG    AppLogger:__init__.py:86 Executed query: UPDATE media_rate_limits 
                       SET upload_count = upload_count + 1, total_size = t...
DEBUG    AppLogger:__init__.py:86 Executed query: SELECT upload_count, total_size FROM media_rate_limits 
                   WHERE user_id = ? AND win...
DEBUG    AppLogger:__init__.py:86 Executed query: UPDATE media_rate_limits 
                       SET upload_count = upload_count + 1, total_size = t...
DEBUG    AppLogger:__init__.py:86 Executed query: DELETE FROM media_rate_limits WHERE window_start < ?...
DEBUG    AppLogger:__init__.py:86 Stored file at C:\Users\dboyn\AppData\Local\Temp\media_test_v_836mpj\uploads_4068\thumbnails\261152278512275456\64.jpg (312 bytes)
DEBUG    AppLogger:__init__.py:86 Executed query: INSERT INTO media_thumbnails
                       (id, media_file_id, size, width, height, storage...
DEBUG    AppLogger:__init__.py:86 Stored file at C:\Users\dboyn\AppData\Local\Temp\media_test_v_836mpj\uploads_4068\thumbnails\261152278512275456\128.jpg (361 bytes)
DEBUG    AppLogger:__init__.py:86 Executed query: INSERT INTO media_thumbnails
                       (id, media_file_id, size, width, height, storage...
DEBUG    AppLogger:__init__.py:86 Stored file at C:\Users\dboyn\AppData\Local\Temp\media_test_v_836mpj\uploads_4068\thumbnails\261152278512275456\256.jpg (361 bytes)
DEBUG    AppLogger:__init__.py:86 Executed query: INSERT INTO media_thumbnails
                       (id, media_file_id, size, width, height, storage...
DEBUG    AppLogger:__init__.py:86 Stored file at C:\Users\dboyn\AppData\Local\Temp\media_test_v_836mpj\uploads_4068\thumbnails\261152278512275456\512.jpg (361 bytes)
DEBUG    AppLogger:__init__.py:86 Executed query: INSERT INTO media_thumbnails
                       (id, media_file_id, size, width, height, storage...
DEBUG    AppLogger:__init__.py:86 File 261152278512275456 uploaded by user 261152238242762752:  (backend: local, size: 825)
DEBUG    AppLogger:__init__.py:86 Executed query: SELECT * FROM media_files WHERE id = ? AND deleted = 0...
____________ TestUserAttachmentLimits.test_user_custom_size_limit _____________
src\tests\messaging\test_attachments.py:330: in test_user_custom_size_limit
    att = messaging.add_attachment(
src\core\messaging\__init__.py:469: in add_attachment
    return _get_manager().add_attachment(
src\core\messaging\manager.py:1799: in add_attachment
    raise AttachmentTooLargeError(
E   src.core.messaging.exceptions.AttachmentTooLargeError: Attachment exceeds maximum size of 10485760 bytes
---------------------------- Captured stderr setup ----------------------------
2025-12-21 15:25:55,193 - DEBUG - Executed query: SELECT * FROM msg_user_settings WHERE user_id = ?...
2025-12-21 15:25:55,194 - DEBUG - Executed query: SELECT conversation_id FROM msg_dm_lookup 
               WHERE user1_id = ? AND user2_id = ?...
2025-12-21 15:25:55,194 - DEBUG - Executed query: INSERT INTO msg_conversations 
               (id, conversation_type, created_at, updated_at, max_pa...
2025-12-21 15:25:55,194 - DEBUG - Executed query: INSERT INTO msg_participants 
                   (id, conversation_id, user_id, role, joined_at)
   ...
2025-12-21 15:25:55,195 - DEBUG - Executed query: INSERT INTO msg_participants 
                   (id, conversation_id, user_id, role, joined_at)
   ...
2025-12-21 15:25:55,195 - DEBUG - Executed query: INSERT INTO msg_dm_lookup (id, user1_id, user2_id, conversation_id)
               VALUES (?, ?, ?, ...
2025-12-21 15:25:55,195 - DEBUG - Created DM conversation 261152278604550144 between 261152238242762752 and 261152238263734273
2025-12-21 15:25:55,195 - DEBUG - Executed query: SELECT 
                CASE 
                    WHEN EXISTS (SELECT 1 FROM msg_participants WHERE ...
2025-12-21 15:25:55,195 - DEBUG - Executed query: SELECT c.*, 
                      (SELECT COUNT(*) FROM msg_participants WHERE conversation_id = c....
----------------------------- Captured log setup ------------------------------
DEBUG    AppLogger:__init__.py:86 Executed query: SELECT * FROM msg_user_settings WHERE user_id = ?...
DEBUG    AppLogger:__init__.py:86 Executed query: SELECT conversation_id FROM msg_dm_lookup 
               WHERE user1_id = ? AND user2_id = ?...
DEBUG    AppLogger:__init__.py:86 Executed query: INSERT INTO msg_conversations 
               (id, conversation_type, created_at, updated_at, max_pa...
DEBUG    AppLogger:__init__.py:86 Executed query: INSERT INTO msg_participants 
                   (id, conversation_id, user_id, role, joined_at)
   ...
DEBUG    AppLogger:__init__.py:86 Executed query: INSERT INTO msg_participants 
                   (id, conversation_id, user_id, role, joined_at)
   ...
DEBUG    AppLogger:__init__.py:86 Executed query: INSERT INTO msg_dm_lookup (id, user1_id, user2_id, conversation_id)
               VALUES (?, ?, ?, ...
DEBUG    AppLogger:__init__.py:86 Created DM conversation 261152278604550144 between 261152238242762752 and 261152238263734273
DEBUG    AppLogger:__init__.py:86 Executed query: SELECT 
                CASE 
                    WHEN EXISTS (SELECT 1 FROM msg_participants WHERE ...
DEBUG    AppLogger:__init__.py:86 Executed query: SELECT c.*, 
                      (SELECT COUNT(*) FROM msg_participants WHERE conversation_id = c....
---------------------------- Captured stderr call -----------------------------
2025-12-21 15:25:55,196 - DEBUG - Executed query: SELECT 1 FROM msg_user_settings WHERE user_id = ?...
2025-12-21 15:25:55,196 - DEBUG - Executed query: INSERT INTO msg_user_settings 
                   (user_id, allow_dms_from, auto_create_dms, max_mes...
2025-12-21 15:25:55,196 - DEBUG - Transaction started
2025-12-21 15:25:55,196 - DEBUG - Executed query: INSERT INTO msg_messages 
                   (id, conversation_id, author_id, content, content_encry...
2025-12-21 15:25:55,196 - DEBUG - Executed query: UPDATE msg_conversations SET last_message_id = ?, last_message_at = ?, updated_at = ? WHERE id = ?...
2025-12-21 15:25:55,197 - DEBUG - Executed query: INSERT INTO msg_message_status (id, message_id, user_id, status, timestamp)
                   VALUE...
2025-12-21 15:25:55,197 - DEBUG - Transaction committed
2025-12-21 15:25:55,197 - DEBUG - Message 261152278612938752 sent to conversation 261152278604550144
2025-12-21 15:25:55,197 - DEBUG - Executed query: SELECT * FROM msg_messages WHERE id = ?...
------------------------------ Captured log call ------------------------------
DEBUG    AppLogger:__init__.py:86 Executed query: SELECT 1 FROM msg_user_settings WHERE user_id = ?...
DEBUG    AppLogger:__init__.py:86 Executed query: INSERT INTO msg_user_settings 
                   (user_id, allow_dms_from, auto_create_dms, max_mes...
DEBUG    AppLogger:__init__.py:86 Transaction started
DEBUG    AppLogger:__init__.py:86 Executed query: INSERT INTO msg_messages 
                   (id, conversation_id, author_id, content, content_encry...
DEBUG    AppLogger:__init__.py:86 Executed query: UPDATE msg_conversations SET last_message_id = ?, last_message_at = ?, updated_at = ? WHERE id = ?...
DEBUG    AppLogger:__init__.py:86 Executed query: INSERT INTO msg_message_status (id, message_id, user_id, status, timestamp)
                   VALUE...
DEBUG    AppLogger:__init__.py:86 Transaction committed
DEBUG    AppLogger:__init__.py:86 Message 261152278612938752 sent to conversation 261152278604550144
DEBUG    AppLogger:__init__.py:86 Executed query: SELECT * FROM msg_messages WHERE id = ?...
-------------------------- Captured stderr teardown ---------------------------
2025-12-21 15:25:55,247 - INFO - Database connection closed.
---------------------------- Captured log teardown ----------------------------
INFO     AppLogger:__init__.py:90 Database connection closed.
=============================== Custom Reports ================================
================================================================================\nPerformance Report\n================================================================================\n\nTotal tests: 50\nTotal time: 6.61s\nAverage time: 0.132s\n\nSlow tests (>1.0s):\n    5.52s - src/tests/database/test_security.py::TestTransactionIsolation::test_transaction_isolation_concurrent_reads\n\n\u26a0 Very slow tests (>5.0s): 1

================================================================================\nSecurity Violation Report\n================================================================================\n\n\u2717 15 security violation(s) detected:\n\n1. src/tests/api/security/test_parameter_tampering.py::TestBodyParameterValidation::test_zero_id_rejected\n   Outcome: failed\n   Markers: \n   src\\tests\\api\\security\\test_parameter_tampering.py:55: in test_zero_id_rejected\n       assert response.status_code in [400, 404, 422]\n   E   assert 200 in [400, 404, 422]\n\n2. src/tests/api/test_middleware_rate_limiting.py::TestSecurityScenarios::test_brute_force_protection\n   Outcome: failed\n   Markers: \n   src\\tests\\api\\test_middleware_rate_limiting.py:504: in test_brute_force_protection\n       assert response.status_code == 429\n   E   assert 200 == 429\n\n3. src/tests/automod/test_security.py::TestAIModelExploitation::test_ai_score_threshold_manipulation\n   Outcome: failed\n   Markers: automod\n   src\\tests\\automod\\test_security.py:654: in test_ai_score_threshold_manipulation\n       result = automod_module.check_ai(\n   src\\core\\automod\\__init__.py:317: in check_ai\n\n4. src/tests/automod/test_security.py::TestRateLimitBypass::test_distributed_spam_attack\n   Outcome: failed\n   Markers: automod\n   src\\tests\\automod\\test_security.py:951: in test_distributed_spam_attack\n       automod_module.create_rule(\n   src\\core\\automod\\__init__.py:196: in create_rule\n\n5. src/tests/automod/test_security.py::TestRateLimitBypass::test_burst_then_pause_pattern\n   Outcome: failed\n   Markers: automod\n   src\\tests\\automod\\test_security.py:983: in test_burst_then_pause_pattern\n       automod_module.create_rule(\n   src\\core\\automod\\__init__.py:196: in create_rule\n\n6. src/tests/automod/test_security.py::TestRateLimitBypass::test_slow_spam_under_threshold\n   Outcome: failed\n   Markers: automod\n   src\\tests\\automod\\test_security.py:1020: in test_slow_spam_under_threshold\n       automod_module.create_rule(\n   src\\core\\automod\\__init__.py:196: in create_rule\n\n7. src/tests/database/test_security.py::TestTransactionIsolation::test_nested_transaction_behavior\n   Outcome: failed\n   Markers: \n   src\\tests\\database\\test_security.py:266: in test_nested_transaction_behavior\n       db.begin_transaction()\n   src\\core\\database\\core.py:388: in begin_transaction\n\n8. src/tests/database/test_security.py::TestTransactionIsolation::test_transaction_isolation_concurrent_reads\n   Outcome: failed\n   Markers: \n   src\\tests\\database\\test_security.py:278: in test_transaction_isolation_concurrent_reads\n       db1.execute("CREATE TABLE counter (id INTEGER PRIMARY KEY, value INTEGER)")\n   src\\core\\database\\core.py:268: in execute\n\n9. src/tests/database/test_security.py::TestDatabaseSecurity::test_prevent_path_traversal_in_table_names\n   Outcome: failed\n   Markers: \n   src\\tests\\database\\test_security.py:851: in test_prevent_path_traversal_in_table_names\n       with pytest.raises(Exception):\n            ^^^^^^^^^^^^^^^^^^^^^^^^\n\n10. src/tests/database/test_security.py::TestDatabaseSecurity::test_sql_injection_in_like_clause\n   Outcome: failed\n   Markers: \n   src\\tests\\database\\test_security.py:946: in test_sql_injection_in_like_clause\n       db.execute("INSERT INTO search (content) VALUES (?)", ("test data"))\n   src\\core\\database\\core.py:266: in execute\n\n... and 5 more violations\n

\u2717 CRITICAL: Security violations detected. Build must fail.
================================================================================
Test Metrics Report
================================================================================

Total tests: 50
  Passed:      0 (  0.0%)
  Failed:     50 (100.0%)
  Skipped:     0 (  0.0%)

Tests by marker:
  automod             :   28 tests (0 passed, 28 failed)
  media               :    5 tests (0 passed, 5 failed)

=========================== short test summary info ===========================
FAILED src/tests/api/security/test_parameter_tampering.py::TestBodyParameterValidation::test_zero_id_rejected
FAILED src/tests/api/test_middleware_rate_limiting.py::TestSecurityScenarios::test_brute_force_protection
FAILED src/tests/api/test_middleware_rate_limiting.py::TestEdgeCases::test_no_rate_limit_config
FAILED src/tests/automod/test_actions.py::TestDeleteMessageAction::test_delete_message_action
FAILED src/tests/automod/test_actions.py::TestTimeoutAction::test_cannot_timeout_owner
FAILED src/tests/automod/test_actions.py::TestAlertAction::test_alert_moderators
FAILED src/tests/automod/test_actions.py::TestLogOnlyAction::test_log_only_no_other_actions
FAILED src/tests/automod/test_audit.py::TestAuditLog::test_manual_action_logged
FAILED src/tests/automod/test_edge_cases.py::TestEdgeCases::test_very_long_content
FAILED src/tests/automod/test_edge_cases.py::TestEdgeCases::test_unicode_content
FAILED src/tests/automod/test_edge_cases.py::TestEdgeCases::test_special_regex_characters
FAILED src/tests/automod/test_keyword_rules.py::TestKeywordRule::test_matches_exact_keyword
FAILED src/tests/automod/test_keyword_rules.py::TestKeywordRule::test_case_insensitive_match
FAILED src/tests/automod/test_keyword_rules.py::TestKeywordRule::test_multiple_keywords_matched
FAILED src/tests/automod/test_link_filter.py::TestInviteLinkRule::test_blocks_invite_code
FAILED src/tests/automod/test_link_filter.py::TestExternalLinkRule::test_blacklist_mode
FAILED src/tests/automod/test_link_filter.py::TestExternalLinkRule::test_whitelist_mode
FAILED src/tests/automod/test_link_filter.py::TestExternalLinkRule::test_subdomain_matching
FAILED src/tests/automod/test_mention_spam.py::TestMentionSpamRule::test_user_mention_spam
FAILED src/tests/automod/test_mention_spam.py::TestMentionSpamRule::test_role_mention_spam
FAILED src/tests/automod/test_mention_spam.py::TestMentionSpamRule::test_everyone_blocked
FAILED src/tests/automod/test_mention_spam.py::TestMentionSpamRule::test_here_blocked
FAILED src/tests/automod/test_regex_rules.py::TestRegexRule::test_matches_pattern
FAILED src/tests/automod/test_regex_rules.py::TestRegexRule::test_matches_credit_card_pattern
FAILED src/tests/automod/test_regex_rules.py::TestRegexRule::test_case_insensitive_by_default
FAILED src/tests/automod/test_security.py::TestAIModelExploitation::test_ai_score_threshold_manipulation
FAILED src/tests/automod/test_security.py::TestRateLimitBypass::test_distributed_spam_attack
FAILED src/tests/automod/test_security.py::TestRateLimitBypass::test_burst_then_pause_pattern
FAILED src/tests/automod/test_security.py::TestRateLimitBypass::test_slow_spam_under_threshold
FAILED src/tests/automod/test_spam_detection.py::TestMessageSpamRule::test_rate_spam_detection
FAILED src/tests/automod/test_spam_detection.py::TestMessageSpamRule::test_duplicate_spam_detection
FAILED src/tests/database/test_security.py::TestTransactionIsolation::test_nested_transaction_behavior
FAILED src/tests/database/test_security.py::TestTransactionIsolation::test_transaction_isolation_concurrent_reads
FAILED src/tests/database/test_security.py::TestDatabaseSecurity::test_prevent_path_traversal_in_table_names
FAILED src/tests/database/test_security.py::TestDatabaseSecurity::test_sql_injection_in_like_clause
FAILED src/tests/encryption/test_algorithm_compliance.py::TestCryptographicRandomness::test_urandom_entropy
FAILED src/tests/encryption/test_encryption.py::TestKeyRotation::test_rotation_timestamp_tracking
FAILED src/tests/encryption/test_encryption.py::TestCryptographicEdgeCases::test_malformed_encrypted_data_handling
FAILED src/tests/encryption/test_key_rotation.py::TestConcurrentKeyRotation::test_thread_safety_of_rotation
FAILED src/tests/media/test_manager_comprehensive.py::TestMediaValidation::test_magic_bytes_mismatch
FAILED src/tests/media/test_manager_comprehensive.py::TestMediaValidation::test_upload_with_wrong_magic_bytes
FAILED src/tests/media/test_manager_comprehensive.py::TestMediaThumbnails::test_create_thumbnail
FAILED src/tests/media/test_manager_comprehensive.py::TestMediaStreamUpload::test_upload_stream_validation
FAILED src/tests/media/test_manager_comprehensive.py::TestMediaAutoRouting::test_should_route_to_database
FAILED src/tests/media/test_security.py::TestFileUploadValidation::test_filename_sanitization_removes_path_components
FAILED src/tests/media/test_security.py::TestFileUploadValidation::test_filename_sanitization_removes_null_bytes
FAILED src/tests/media/test_security.py::TestFileUploadValidation::test_filename_sanitization_removes_control_characters
FAILED src/tests/media/test_security.py::TestFileUploadValidation::test_filename_sanitization_limits_length
FAILED src/tests/media/test_security.py::TestFileUploadValidation::test_empty_filename_handled
FAILED src/tests/messaging/test_attachments.py::TestUserAttachmentLimits::test_user_custom_size_limit
!!!!!!!!!!!!!!!!!!!!!!!!! stopping after 50 failures !!!!!!!!!!!!!!!!!!!!!!!!!!
==================== 50 failed, 3966 deselected in 14.25s =====================
